<html>
<body>
<pre>
<h1>礦ision Build Log</h1>
<h2>Tool Versions:</h2>
IDE-Version: μVision V5.22.0.0
Copyright (C) 2016 ARM Ltd and ARM Germany GmbH. All rights reserved.
License Information: 111 微软用户, 微软中国, LIC=9WSCX-HFU0W-CWC2K-ZF8U8-PV1YG-FN170
 
Tool Versions:
Toolchain:       MDK-ARM Plus  Version: 5.22
Toolchain Path:  D:\stm32\mdk\ARM\ARMCC\Bin
C Compiler:      Armcc.exe V5.06 update 4 (build 422)
Assembler:       Armasm.exe V5.06 update 4 (build 422)
Linker/Locator:  ArmLink.exe V5.06 update 4 (build 422)
Library Manager: ArmAr.exe V5.06 update 4 (build 422)
Hex Converter:   FromElf.exe V5.06 update 4 (build 422)
CPU DLL:         SARMCM3.DLL V5.22
Dialog DLL:      DCM.DLL V1.13.9.0
Target DLL:      STLink\ST-LINKIII-KEIL_SWO.dll V2.0.18.0
Dialog DLL:      TCM.DLL V1.21.0.0
 
<h2>Project:</h2>
F:\[AAA]Robomaster\git repertory\XDRM_OMNIKNIGHT\MDK-ARM\XDRM_OMNIKNIGHT.uvprojx
Project File Date:  12/31/2018

<h2>Output:</h2>
*** Using Compiler 'V5.06 update 4 (build 422)', folder: 'D:\stm32\mdk\ARM\ARMCC\Bin'
Build target 'XDRM_OMNIKNIGHT'
compiling gpio.c...
compiling adc.c...
compiling main.c...
compiling dac.c...
compiling crc.c...
compiling can.c...
compiling dma.c...
compiling spi.c...
compiling freertos.c...
compiling i2c.c...
compiling tim.c...
compiling usart.c...
compiling stm32f4xx_hal_msp.c...
compiling stm32f4xx_it.c...
compiling stm32f4xx_hal_timebase_TIM.c...
assembling startup_stm32f427xx.s...
compiling BSP_Data.c...
compiling CanBusTask.c...
compiling BeepTask.c...
compiling Ramp.c...
compiling PID.c...
compiling Driver_Beltraise.c...
"no source": Error:  #5: cannot open source input file "Driver_Beltraise.c": No such file or directory
Driver_Beltraise.c: 0 warnings, 1 error
compiling Driver_Remote.c...
compiling Driver_Chassis.c...
..\Src\Driver_Chassis.c(129): warning:  #223-D: function "abs" declared implicitly
  			if(abs(RC_CtrlData.rc.ch1 - Y_temp) > underpan_acc)
..\Src\Driver_Chassis.c(143): warning:  #223-D: function "abs" declared implicitly
  			if(abs(RC_CtrlData.rc.ch0 - X_temp) > underpan_acc)
..\Src\Driver_Chassis.c: 2 warnings, 0 errors
compiling ControlTask.c...
compiling stm32f4xx_hal_adc_ex.c...
compiling stm32f4xx_hal_adc.c...
compiling stm32f4xx_hal_can.c...
compiling stm32f4xx_hal_crc.c...
compiling stm32f4xx_hal_dac.c...
compiling stm32f4xx_hal_dac_ex.c...
compiling stm32f4xx_hal_i2c_ex.c...
compiling stm32f4xx_hal_i2c.c...
compiling stm32f4xx_hal_spi.c...
compiling stm32f4xx_hal_tim_ex.c...
compiling stm32f4xx_hal_tim.c...
compiling stm32f4xx_hal_uart.c...
compiling stm32f4xx_hal_flash.c...
compiling stm32f4xx_hal_rcc_ex.c...
compiling stm32f4xx_hal_rcc.c...
compiling stm32f4xx_hal_flash_ramfunc.c...
compiling stm32f4xx_hal_gpio.c...
compiling stm32f4xx_hal_flash_ex.c...
compiling stm32f4xx_hal_pwr.c...
compiling stm32f4xx_hal_dma.c...
compiling stm32f4xx_hal_dma_ex.c...
compiling stm32f4xx_hal.c...
compiling stm32f4xx_hal_pwr_ex.c...
compiling stm32f4xx_hal_cortex.c...
compiling heap_4.c...
compiling croutine.c...
compiling port.c...
compiling list.c...
compiling event_groups.c...
compiling queue.c...
compiling tasks.c...
compiling timers.c...
compiling cmsis_os.c...
compiling system_stm32f4xx.c...
linking...
Program Size: Code=26260 RO-data=892 RW-data=792 ZI-data=20232  
"XDRM_OMNIKNIGHT\XDRM_OMNIKNIGHT.axf" - 0 Error(s), 2 Warning(s).

<h2>Software Packages used:</h2>

Package Vendor: ARM
                http://www.keil.com/pack/ARM.CMSIS.5.0.0.pack
                ARM::CMSIS:CORE:5.0.0
                CMSIS (Cortex Microcontroller Software Interface Standard)
   * Component: CORE Version: 5.0.0

<h2>Collection of Component include folders:</h2>
  F:\[AAA]Robomaster\git repertory\XDRM_OMNIKNIGHT\MDK-ARM\RTE\_XDRM_OMNIKNIGHT
  D:\stm32\mdk\ARM\PACK\ARM\CMSIS\5.0.0\CMSIS\Include
  D:\stm32\mdk\ARM\PACK\Keil\STM32F4xx_DFP\2.11.0\Drivers\CMSIS\Device\ST\STM32F4xx\Include

<h2>Collection of Component Files used:</h2>

   * Component: ARM::CMSIS:CORE:5.0.0
Build Time Elapsed:  00:02:52
</pre>
</body>
</html>
