Component: ARM Compiler 5.06 update 4 (build 422) Tool: armlink [4d35d2]

==============================================================================

Section Cross References

    main.o(i.HAL_TIM_PeriodElapsedCallback) refers to stm32f4xx_hal.o(i.HAL_IncTick) for HAL_IncTick
    main.o(i.SystemClock_Config) refers to stm32f4xx_hal_rcc.o(i.HAL_RCC_OscConfig) for HAL_RCC_OscConfig
    main.o(i.SystemClock_Config) refers to main.o(i._Error_Handler) for _Error_Handler
    main.o(i.SystemClock_Config) refers to stm32f4xx_hal_rcc.o(i.HAL_RCC_ClockConfig) for HAL_RCC_ClockConfig
    main.o(i.SystemClock_Config) refers to stm32f4xx_hal_rcc.o(i.HAL_RCC_GetHCLKFreq) for HAL_RCC_GetHCLKFreq
    main.o(i.SystemClock_Config) refers to stm32f4xx_hal_cortex.o(i.HAL_SYSTICK_Config) for HAL_SYSTICK_Config
    main.o(i.SystemClock_Config) refers to stm32f4xx_hal_cortex.o(i.HAL_SYSTICK_CLKSourceConfig) for HAL_SYSTICK_CLKSourceConfig
    main.o(i.SystemClock_Config) refers to stm32f4xx_hal_cortex.o(i.HAL_NVIC_SetPriority) for HAL_NVIC_SetPriority
    main.o(i.main) refers to stm32f4xx_hal.o(i.HAL_Init) for HAL_Init
    main.o(i.main) refers to main.o(i.SystemClock_Config) for SystemClock_Config
    main.o(i.main) refers to gpio.o(i.MX_GPIO_Init) for MX_GPIO_Init
    main.o(i.main) refers to dma.o(i.MX_DMA_Init) for MX_DMA_Init
    main.o(i.main) refers to can.o(i.MX_CAN1_Init) for MX_CAN1_Init
    main.o(i.main) refers to usart.o(i.MX_USART1_UART_Init) for MX_USART1_UART_Init
    main.o(i.main) refers to tim.o(i.MX_TIM3_Init) for MX_TIM3_Init
    main.o(i.main) refers to freertos.o(i.MX_FREERTOS_Init) for MX_FREERTOS_Init
    main.o(i.main) refers to cmsis_os.o(i.osKernelStart) for osKernelStart
    gpio.o(i.MX_GPIO_Init) refers to stm32f4xx_hal_gpio.o(i.HAL_GPIO_WritePin) for HAL_GPIO_WritePin
    gpio.o(i.MX_GPIO_Init) refers to stm32f4xx_hal_gpio.o(i.HAL_GPIO_Init) for HAL_GPIO_Init
    adc.o(i.HAL_ADC_MspDeInit) refers to stm32f4xx_hal_gpio.o(i.HAL_GPIO_DeInit) for HAL_GPIO_DeInit
    adc.o(i.HAL_ADC_MspInit) refers to stm32f4xx_hal_gpio.o(i.HAL_GPIO_Init) for HAL_GPIO_Init
    adc.o(i.MX_ADC1_Init) refers to stm32f4xx_hal_adc.o(i.HAL_ADC_Init) for HAL_ADC_Init
    adc.o(i.MX_ADC1_Init) refers to main.o(i._Error_Handler) for _Error_Handler
    adc.o(i.MX_ADC1_Init) refers to stm32f4xx_hal_adc.o(i.HAL_ADC_ConfigChannel) for HAL_ADC_ConfigChannel
    adc.o(i.MX_ADC1_Init) refers to adc.o(.bss) for hadc1
    can.o(i.HAL_CAN_MspDeInit) refers to stm32f4xx_hal_gpio.o(i.HAL_GPIO_DeInit) for HAL_GPIO_DeInit
    can.o(i.HAL_CAN_MspDeInit) refers to stm32f4xx_hal_cortex.o(i.HAL_NVIC_DisableIRQ) for HAL_NVIC_DisableIRQ
    can.o(i.HAL_CAN_MspInit) refers to stm32f4xx_hal_gpio.o(i.HAL_GPIO_Init) for HAL_GPIO_Init
    can.o(i.HAL_CAN_MspInit) refers to stm32f4xx_hal_cortex.o(i.HAL_NVIC_SetPriority) for HAL_NVIC_SetPriority
    can.o(i.HAL_CAN_MspInit) refers to stm32f4xx_hal_cortex.o(i.HAL_NVIC_EnableIRQ) for HAL_NVIC_EnableIRQ
    can.o(i.MX_CAN1_Init) refers to stm32f4xx_hal_can.o(i.HAL_CAN_Init) for HAL_CAN_Init
    can.o(i.MX_CAN1_Init) refers to main.o(i._Error_Handler) for _Error_Handler
    can.o(i.MX_CAN1_Init) refers to stm32f4xx_hal_can.o(i.HAL_CAN_Start) for HAL_CAN_Start
    can.o(i.MX_CAN1_Init) refers to stm32f4xx_hal_can.o(i.HAL_CAN_ConfigFilter) for HAL_CAN_ConfigFilter
    can.o(i.MX_CAN1_Init) refers to stm32f4xx_hal_can.o(i.HAL_CAN_ActivateNotification) for HAL_CAN_ActivateNotification
    can.o(i.MX_CAN1_Init) refers to can.o(.bss) for hcan1
    crc.o(i.MX_CRC_Init) refers to stm32f4xx_hal_crc.o(i.HAL_CRC_Init) for HAL_CRC_Init
    crc.o(i.MX_CRC_Init) refers to main.o(i._Error_Handler) for _Error_Handler
    crc.o(i.MX_CRC_Init) refers to crc.o(.data) for hcrc
    dac.o(i.HAL_DAC_MspDeInit) refers to stm32f4xx_hal_gpio.o(i.HAL_GPIO_DeInit) for HAL_GPIO_DeInit
    dac.o(i.HAL_DAC_MspInit) refers to stm32f4xx_hal_gpio.o(i.HAL_GPIO_Init) for HAL_GPIO_Init
    dac.o(i.MX_DAC_Init) refers to stm32f4xx_hal_dac.o(i.HAL_DAC_Init) for HAL_DAC_Init
    dac.o(i.MX_DAC_Init) refers to main.o(i._Error_Handler) for _Error_Handler
    dac.o(i.MX_DAC_Init) refers to stm32f4xx_hal_dac.o(i.HAL_DAC_ConfigChannel) for HAL_DAC_ConfigChannel
    dac.o(i.MX_DAC_Init) refers to dac.o(.bss) for hdac
    dma.o(i.MX_DMA_Init) refers to stm32f4xx_hal_cortex.o(i.HAL_NVIC_SetPriority) for HAL_NVIC_SetPriority
    dma.o(i.MX_DMA_Init) refers to stm32f4xx_hal_cortex.o(i.HAL_NVIC_EnableIRQ) for HAL_NVIC_EnableIRQ
    freertos.o(i.Led_Toggle_Task) refers to tasks.o(i.xTaskGetTickCount) for xTaskGetTickCount
    freertos.o(i.Led_Toggle_Task) refers to stm32f4xx_hal_gpio.o(i.HAL_GPIO_TogglePin) for HAL_GPIO_TogglePin
    freertos.o(i.Led_Toggle_Task) refers to tasks.o(i.vTaskDelayUntil) for vTaskDelayUntil
    freertos.o(i.MX_FREERTOS_Init) refers to cmsis_os.o(i.osMutexCreate) for osMutexCreate
    freertos.o(i.MX_FREERTOS_Init) refers to memcpya.o(.text) for __aeabi_memcpy4
[...]
    i.UART_DMAReceiveCplt                    0x08004696   Section        0  stm32f4xx_hal_uart.o(i.UART_DMAReceiveCplt)
    UART_DMAReceiveCplt                      0x08004697   Thumb Code    70  stm32f4xx_hal_uart.o(i.UART_DMAReceiveCplt)
    i.UART_DMARxHalfCplt                     0x080046dc   Section        0  stm32f4xx_hal_uart.o(i.UART_DMARxHalfCplt)
    UART_DMARxHalfCplt                       0x080046dd   Thumb Code    14  stm32f4xx_hal_uart.o(i.UART_DMARxHalfCplt)
    i.UART_EndRxTransfer                     0x080046ea   Section        0  stm32f4xx_hal_uart.o(i.UART_EndRxTransfer)
    UART_EndRxTransfer                       0x080046eb   Thumb Code    32  stm32f4xx_hal_uart.o(i.UART_EndRxTransfer)
    i.UART_EndTxTransfer                     0x0800470a   Section        0  stm32f4xx_hal_uart.o(i.UART_EndTxTransfer)
    UART_EndTxTransfer                       0x0800470b   Thumb Code    20  stm32f4xx_hal_uart.o(i.UART_EndTxTransfer)
    i.UART_SetConfig                         0x08004720   Section        0  stm32f4xx_hal_uart.o(i.UART_SetConfig)
    UART_SetConfig                           0x08004721   Thumb Code   864  stm32f4xx_hal_uart.o(i.UART_SetConfig)
    i.USART1_IRQHandler                      0x08004a88   Section        0  stm32f4xx_it.o(i.USART1_IRQHandler)
    i.USART2_IRQHandler                      0x08004ae8   Section        0  stm32f4xx_it.o(i.USART2_IRQHandler)
    i.UsageFault_Handler                     0x08004b54   Section        0  stm32f4xx_it.o(i.UsageFault_Handler)
    i._Error_Handler                         0x08004b58   Section        0  main.o(i._Error_Handler)
    i.__ARM_fpclassify                       0x08004b5c   Section        0  fpclassify.o(i.__ARM_fpclassify)
    i.__hardfp_cos                           0x08004b90   Section        0  cos.o(i.__hardfp_cos)
    i.__hardfp_fabs                          0x08004c58   Section        0  fabs.o(i.__hardfp_fabs)
    i.__hardfp_sin                           0x08004c70   Section        0  sin.o(i.__hardfp_sin)
    i.__ieee754_rem_pio2                     0x08004d38   Section        0  rred.o(i.__ieee754_rem_pio2)
    i.__kernel_cos                           0x08005170   Section        0  cos_i.o(i.__kernel_cos)
    i.__kernel_poly                          0x080052e0   Section        0  poly.o(i.__kernel_poly)
    i.__kernel_sin                           0x080053d8   Section        0  sin_i.o(i.__kernel_sin)
    i.__mathlib_dbl_infnan                   0x08005508   Section        0  dunder.o(i.__mathlib_dbl_infnan)
    i.__mathlib_dbl_invalid                  0x08005520   Section        0  dunder.o(i.__mathlib_dbl_invalid)
    i.__mathlib_dbl_underflow                0x08005540   Section        0  dunder.o(i.__mathlib_dbl_underflow)
    i.__scatterload_copy                     0x08005560   Section       14  handlers.o(i.__scatterload_copy)
    i.__scatterload_null                     0x0800556e   Section        2  handlers.o(i.__scatterload_null)
    i.__scatterload_zeroinit                 0x08005570   Section       14  handlers.o(i.__scatterload_zeroinit)
    i.__set_errno                            0x08005580   Section        0  errno.o(i.__set_errno)
    i.bufferPush                             0x0800558c   Section        0  bsp_data.o(i.bufferPush)
    i.fabs                                   0x080055c0   Section        0  fabs.o(i.fabs)
    i.get_measure                            0x080055d8   Section        0  canbustask.o(i.get_measure)
    i.main                                   0x08005664   Section        0  main.o(i.main)
    i.makeFreeRtosPriority                   0x0800568c   Section        0  cmsis_os.o(i.makeFreeRtosPriority)
    makeFreeRtosPriority                     0x0800568d   Thumb Code    14  cmsis_os.o(i.makeFreeRtosPriority)
    i.osKernelStart                          0x0800569a   Section        0  cmsis_os.o(i.osKernelStart)
    i.osMessageCreate                        0x080056a4   Section        0  cmsis_os.o(i.osMessageCreate)
    i.osMutexCreate                          0x080056b6   Section        0  cmsis_os.o(i.osMutexCreate)
    i.osSystickHandler                       0x080056c2   Section        0  cmsis_os.o(i.osSystickHandler)
    i.osThreadCreate                         0x080056d2   Section        0  cmsis_os.o(i.osThreadCreate)
    i.prvAddCurrentTaskToDelayedList         0x08005704   Section        0  tasks.o(i.prvAddCurrentTaskToDelayedList)
    prvAddCurrentTaskToDelayedList           0x08005705   Thumb Code   124  tasks.o(i.prvAddCurrentTaskToDelayedList)
    i.prvAddNewTaskToReadyList               0x0800579c   Section        0  tasks.o(i.prvAddNewTaskToReadyList)
    prvAddNewTaskToReadyList                 0x0800579d   Thumb Code   150  tasks.o(i.prvAddNewTaskToReadyList)
    i.prvCheckTasksWaitingTermination        0x08005850   Section        0  tasks.o(i.prvCheckTasksWaitingTermination)
    prvCheckTasksWaitingTermination          0x08005851   Thumb Code    86  tasks.o(i.prvCheckTasksWaitingTermination)
    i.prvCopyDataToQueue                     0x080058b4   Section        0  queue.o(i.prvCopyDataToQueue)
    prvCopyDataToQueue                       0x080058b5   Thumb Code   124  queue.o(i.prvCopyDataToQueue)
    i.prvDeleteTCB                           0x08005930   Section        0  tasks.o(i.prvDeleteTCB)
    prvDeleteTCB                             0x08005931   Thumb Code    18  tasks.o(i.prvDeleteTCB)
    i.prvHeapInit                            0x08005944   Section        0  heap_4.o(i.prvHeapInit)
    prvHeapInit                              0x08005945   Thumb Code    98  heap_4.o(i.prvHeapInit)
    i.prvIdleTask                            0x080059c0   Section        0  tasks.o(i.prvIdleTask)
    prvIdleTask                              0x080059c1   Thumb Code    32  tasks.o(i.prvIdleTask)
    i.prvInitialiseMutex                     0x080059e8   Section        0  queue.o(i.prvInitialiseMutex)
    prvInitialiseMutex                       0x080059e9   Thumb Code    28  queue.o(i.prvInitialiseMutex)
    i.prvInitialiseNewQueue                  0x08005a04   Section        0  queue.o(i.prvInitialiseNewQueue)
    prvInitialiseNewQueue                    0x08005a05   Thumb Code    38  queue.o(i.prvInitialiseNewQueue)
    i.prvInitialiseNewTask                   0x08005a2a   Section        0  tasks.o(i.prvInitialiseNewTask)
    prvInitialiseNewTask                     0x08005a2b   Thumb Code   170  tasks.o(i.prvInitialiseNewTask)
    i.prvInitialiseTaskLists                 0x08005ad4   Section        0  tasks.o(i.prvInitialiseTaskLists)
    prvInitialiseTaskLists                   0x08005ad5   Thumb Code    70  tasks.o(i.prvInitialiseTaskLists)
    i.prvInsertBlockIntoFreeList             0x08005b3c   Section        0  heap_4.o(i.prvInsertBlockIntoFreeList)
    prvInsertBlockIntoFreeList               0x08005b3d   Thumb Code    96  heap_4.o(i.prvInsertBlockIntoFreeList)
    i.prvIsQueueFull                         0x08005ba4   Section        0  queue.o(i.prvIsQueueFull)
    prvIsQueueFull                           0x08005ba5   Thumb Code    30  queue.o(i.prvIsQueueFull)
    i.prvResetNextTaskUnblockTime            0x08005bc4   Section        0  tasks.o(i.prvResetNextTaskUnblockTime)
    prvResetNextTaskUnblockTime              0x08005bc5   Thumb Code    42  tasks.o(i.prvResetNextTaskUnblockTime)
    i.prvTaskExitError                       0x08005bf8   Section        0  port.o(i.prvTaskExitError)
    prvTaskExitError                         0x08005bf9   Thumb Code    60  port.o(i.prvTaskExitError)
    i.prvUnlockQueue                         0x08005c38   Section        0  queue.o(i.prvUnlockQueue)
    prvUnlockQueue                           0x08005c39   Thumb Code   126  queue.o(i.prvUnlockQueue)
    i.pvPortMalloc                           0x08005cb8   Section        0  heap_4.o(i.pvPortMalloc)
    i.pxPortInitialiseStack                  0x08005df4   Section        0  port.o(i.pxPortInitialiseStack)
    i.stick1_change                          0x08005e20   Section        0  driver_remote.o(i.stick1_change)
    i.uxListRemove                           0x08005e64   Section        0  list.o(i.uxListRemove)
    i.vListInitialise                        0x08005e8c   Section        0  list.o(i.vListInitialise)
    i.vListInitialiseItem                    0x08005ea6   Section        0  list.o(i.vListInitialiseItem)
    i.vListInsert                            0x08005eac   Section        0  list.o(i.vListInsert)
    i.vListInsertEnd                         0x08005ee0   Section        0  list.o(i.vListInsertEnd)
    i.vPortEnterCritical                     0x08005ef8   Section        0  port.o(i.vPortEnterCritical)
    i.vPortExitCritical                      0x08005f4c   Section        0  port.o(i.vPortExitCritical)
    i.vPortFree                              0x08005f88   Section        0  heap_4.o(i.vPortFree)
    i.vPortSetupTimerInterrupt               0x0800601c   Section        0  port.o(i.vPortSetupTimerInterrupt)
    i.vTaskDelayUntil                        0x0800603c   Section        0  tasks.o(i.vTaskDelayUntil)
    i.vTaskMissedYield                       0x08006110   Section        0  tasks.o(i.vTaskMissedYield)
    i.vTaskPlaceOnEventList                  0x0800611c   Section        0  tasks.o(i.vTaskPlaceOnEventList)
    i.vTaskSetTimeOutState                   0x08006154   Section        0  tasks.o(i.vTaskSetTimeOutState)
    i.vTaskStartScheduler                    0x08006184   Section        0  tasks.o(i.vTaskStartScheduler)
    i.vTaskSuspendAll                        0x0800620c   Section        0  tasks.o(i.vTaskSuspendAll)
    i.vTaskSwitchContext                     0x0800621c   Section        0  tasks.o(i.vTaskSwitchContext)
    i.xPortStartScheduler                    0x080062a8   Section        0  port.o(i.xPortStartScheduler)
    i.xPortSysTickHandler                    0x080063e4   Section        0  port.o(i.xPortSysTickHandler)
    i.xQueueCreateMutex                      0x08006418   Section        0  queue.o(i.xQueueCreateMutex)
    i.xQueueGenericCreate                    0x0800643a   Section        0  queue.o(i.xQueueGenericCreate)
    i.xQueueGenericReset                     0x08006494   Section        0  queue.o(i.xQueueGenericReset)
    i.xQueueGenericSend                      0x0800652c   Section        0  queue.o(i.xQueueGenericSend)
    i.xTaskCheckForTimeOut                   0x080066d4   Section        0  tasks.o(i.xTaskCheckForTimeOut)
    i.xTaskCreate                            0x08006760   Section        0  tasks.o(i.xTaskCreate)
    i.xTaskGetSchedulerState                 0x080067c0   Section        0  tasks.o(i.xTaskGetSchedulerState)
    i.xTaskGetTickCount                      0x080067e0   Section        0  tasks.o(i.xTaskGetTickCount)
    i.xTaskIncrementTick                     0x080067ec   Section        0  tasks.o(i.xTaskIncrementTick)
    i.xTaskPriorityDisinherit                0x08006934   Section        0  tasks.o(i.xTaskPriorityDisinherit)
    i.xTaskRemoveFromEventList               0x080069fc   Section        0  tasks.o(i.xTaskRemoveFromEventList)
    i.xTaskResumeAll                         0x08006a94   Section        0  tasks.o(i.xTaskResumeAll)
    .constdata                               0x08006b98   Section       88  freertos.o(.constdata)
    .constdata                               0x08006bf0   Section        8  stm32f4xx_hal_dma.o(.constdata)
    flagBitshiftOffset                       0x08006bf0   Data           8  stm32f4xx_hal_dma.o(.constdata)
    .constdata                               0x08006bf8   Section       24  system_stm32f4xx.o(.constdata)
    .constdata                               0x08006c10   Section       48  cos_i.o(.constdata)
    C                                        0x08006c10   Data          48  cos_i.o(.constdata)
    .constdata                               0x08006c40   Section      200  rred.o(.constdata)
    pio2s                                    0x08006c40   Data          48  rred.o(.constdata)
    twooverpi                                0x08006c70   Data         152  rred.o(.constdata)
    .constdata                               0x08006d08   Section       40  sin_i.o(.constdata)
    S                                        0x08006d08   Data          40  sin_i.o(.constdata)
    .conststring                             0x08006d30   Section       56  freertos.o(.conststring)
    .data                                    0x20000000   Section       24  freertos.o(.data)
    .data                                    0x20000018   Section       12  canbustask.o(.data)
    .data                                    0x20000024   Section      426  driver_chassis.o(.data)
    Y_temp                                   0x200001ca   Data           2  driver_chassis.o(.data)
    X_temp                                   0x200001cc   Data           2  driver_chassis.o(.data)
    .data                                    0x200001d0   Section       22  driver_remote.o(.data)
    .data                                    0x200001e8   Section      190  driver_beltraise.o(.data)
    LBM_Angle                                0x2000029c   Data           4  driver_beltraise.o(.data)
    RBM_Angle                                0x200002a0   Data           4  driver_beltraise.o(.data)
    count                                    0x200002a4   Data           2  driver_beltraise.o(.data)
    .data                                    0x200002a8   Section        4  controltask.o(.data)
    tick                                     0x200002a8   Data           4  controltask.o(.data)
    .data                                    0x200002ac   Section        9  stm32f4xx_hal.o(.data)
    .data                                    0x200002b8   Section        4  system_stm32f4xx.o(.data)
    .data                                    0x200002bc   Section       24  heap_4.o(.data)
    xStart                                   0x200002bc   Data           8  heap_4.o(.data)
    pxEnd                                    0x200002c4   Data           4  heap_4.o(.data)
    xFreeBytesRemaining                      0x200002c8   Data           4  heap_4.o(.data)
    xMinimumEverFreeBytesRemaining           0x200002cc   Data           4  heap_4.o(.data)
    xBlockAllocatedBit                       0x200002d0   Data           4  heap_4.o(.data)
    .data                                    0x200002d4   Section       12  port.o(.data)
    uxCriticalNesting                        0x200002d4   Data           4  port.o(.data)
    ucMaxSysCallPriority                     0x200002d8   Data           1  port.o(.data)
    ulMaxPRIGROUPValue                       0x200002dc   Data           4  port.o(.data)
    .data                                    0x200002e0   Section       60  tasks.o(.data)
    pxDelayedTaskList                        0x200002e4   Data           4  tasks.o(.data)
    pxOverflowDelayedTaskList                0x200002e8   Data           4  tasks.o(.data)
    uxDeletedTasksWaitingCleanUp             0x200002ec   Data           4  tasks.o(.data)
    uxCurrentNumberOfTasks                   0x200002f0   Data           4  tasks.o(.data)
    xTickCount                               0x200002f4   Data           4  tasks.o(.data)
    uxTopReadyPriority                       0x200002f8   Data           4  tasks.o(.data)
    xSchedulerRunning                        0x200002fc   Data           4  tasks.o(.data)
    uxPendedTicks                            0x20000300   Data           4  tasks.o(.data)
    xYieldPending                            0x20000304   Data           4  tasks.o(.data)
    xNumOfOverflows                          0x20000308   Data           4  tasks.o(.data)
    uxTaskNumber                             0x2000030c   Data           4  tasks.o(.data)
    xNextTaskUnblockTime                     0x20000310   Data           4  tasks.o(.data)
    xIdleTaskHandle                          0x20000314   Data           4  tasks.o(.data)
    uxSchedulerSuspended                     0x20000318   Data           4  tasks.o(.data)
    .data                                    0x2000031c   Section        4  errno.o(.data)
    _errno                                   0x2000031c   Data           4  errno.o(.data)
    .bss                                     0x20000320   Section      180  can.o(.bss)
    .bss                                     0x200003d4   Section       60  tim.o(.bss)
    .bss                                     0x20000410   Section      460  usart.o(.bss)
    .bss                                     0x200005dc   Section       60  stm32f4xx_hal_timebase_tim.o(.bss)
    .bss                                     0x20000618   Section      120  canbustask.o(.bss)
    .bss                                     0x20000690   Section     2800  bsp_data.o(.bss)
    .bss                                     0x20001180   Section       20  driver_chassis.o(.bss)
    .bss                                     0x20001194   Section       22  driver_remote.o(.bss)
    .bss                                     0x200011aa   Section    15360  heap_4.o(.bss)
    ucHeap                                   0x200011aa   Data       15360  heap_4.o(.bss)
    .bss                                     0x20004dac   Section      240  tasks.o(.bss)
    pxReadyTasksLists                        0x20004dac   Data         140  tasks.o(.bss)
    xDelayedTaskList1                        0x20004e38   Data          20  tasks.o(.bss)
    xDelayedTaskList2                        0x20004e4c   Data          20  tasks.o(.bss)
    xPendingReadyList                        0x20004e60   Data          20  tasks.o(.bss)
    xTasksWaitingTermination                 0x20004e74   Data          20  tasks.o(.bss)
    xSuspendedTaskList                       0x20004e88   Data          20  tasks.o(.bss)
    STACK                                    0x20004ea0   Section     1024  startup_stm32f427xx.o(STACK)

    Global Symbols

    Symbol Name                              Value     Ov Type        Size  Object(Section)

    BuildAttributes$$THM_ISAv4$E$P$D$K$B$S$7EM$VFPi3$EXTD16$VFPS$VFMA$PE$A:L22UL41UL21$X:L11$S22US41US21$IEEE1$IW$USESV6$~STKCKD$USESV7$~SHL$OTIME$ROPI$IEEEX$EBA8$MICROLIB$REQ8$PRES8$EABIv2 0x00000000   Number         0  anon$$obj.o ABSOLUTE
    __ARM_use_no_argv                        0x00000000   Number         0  main.o ABSOLUTE
    __cpp_initialize__aeabi_                  - Undefined Weak Reference
    __cxa_finalize                            - Undefined Weak Reference
    _clock_init                               - Undefined Weak Reference
    _microlib_exit                            - Undefined Weak Reference
    __Vectors_Size                           0x000001ac   Number         0  startup_stm32f427xx.o ABSOLUTE
    __Vectors                                0x08000000   Data           4  startup_stm32f427xx.o(RESET)
    __Vectors_End                            0x080001ac   Data           0  startup_stm32f427xx.o(RESET)
    __main                                   0x080001ad   Thumb Code     0  entry.o(.ARM.Collect$$$$00000000)
    _main_stk                                0x080001ad   Thumb Code     0  entry2.o(.ARM.Collect$$$$00000001)
    _main_scatterload                        0x080001b1   Thumb Code     0  entry5.o(.ARM.Collect$$$$00000004)
    __main_after_scatterload                 0x080001b5   Thumb Code     0  entry5.o(.ARM.Collect$$$$00000004)
    _main_clock                              0x080001b5   Thumb Code     0  entry7b.o(.ARM.Collect$$$$00000008)
    _main_cpp_init                           0x080001b5   Thumb Code     0  entry8b.o(.ARM.Collect$$$$0000000A)
    _main_init                               0x080001b5   Thumb Code     0  entry9a.o(.ARM.Collect$$$$0000000B)
    __rt_final_cpp                           0x080001bd   Thumb Code     0  entry10a.o(.ARM.Collect$$$$0000000D)
    __rt_final_exit                          0x080001bd   Thumb Code     0  entry11a.o(.ARM.Collect$$$$0000000F)
    SVC_Handler                              0x080001c1   Thumb Code    28  port.o(.emb_text)
    __asm___6_port_c_39a90d8d__prvStartFirstTask 0x080001e1   Thumb Code    28  port.o(.emb_text)
    __asm___6_port_c_39a90d8d__prvEnableVFP  0x08000201   Thumb Code    16  port.o(.emb_text)
    PendSV_Handler                           0x08000215   Thumb Code    92  port.o(.emb_text)
    vPortGetIPSR                             0x08000275   Thumb Code     6  port.o(.emb_text)
    Reset_Handler                            0x0800027d   Thumb Code     8  startup_stm32f427xx.o(.text)
    ADC_IRQHandler                           0x08000297   Thumb Code     0  startup_stm32f427xx.o(.text)
    CAN1_RX1_IRQHandler                      0x08000297   Thumb Code     0  startup_stm32f427xx.o(.text)
    CAN1_SCE_IRQHandler                      0x08000297   Thumb Code     0  startup_stm32f427xx.o(.text)
    CAN2_RX0_IRQHandler                      0x08000297   Thumb Code     0  startup_stm32f427xx.o(.text)
    CAN2_RX1_IRQHandler                      0x08000297   Thumb Code     0  startup_stm32f427xx.o(.text)
    CAN2_SCE_IRQHandler                      0x08000297   Thumb Code     0  startup_stm32f427xx.o(.text)
    CAN2_TX_IRQHandler                       0x08000297   Thumb Code     0  startup_stm32f427xx.o(.text)
    DCMI_IRQHandler                          0x08000297   Thumb Code     0  startup_stm32f427xx.o(.text)
    DMA1_Stream0_IRQHandler                  0x08000297   Thumb Code     0  startup_stm32f427xx.o(.text)
    DMA1_Stream1_IRQHandler                  0x08000297   Thumb Code     0  startup_stm32f427xx.o(.text)
    DMA1_Stream2_IRQHandler                  0x08000297   Thumb Code     0  startup_stm32f427xx.o(.text)
    DMA1_Stream3_IRQHandler                  0x08000297   Thumb Code     0  startup_stm32f427xx.o(.text)
    DMA1_Stream4_IRQHandler                  0x08000297   Thumb Code     0  startup_stm32f427xx.o(.text)
    DMA1_Stream6_IRQHandler                  0x08000297   Thumb Code     0  startup_stm32f427xx.o(.text)
    DMA1_Stream7_IRQHandler                  0x08000297   Thumb Code     0  startup_stm32f427xx.o(.text)
    DMA2D_IRQHandler                         0x08000297   Thumb Code     0  startup_stm32f427xx.o(.text)
    DMA2_Stream0_IRQHandler                  0x08000297   Thumb Code     0  startup_stm32f427xx.o(.text)
    DMA2_Stream1_IRQHandler                  0x08000297   Thumb Code     0  startup_stm32f427xx.o(.text)
    DMA2_Stream3_IRQHandler                  0x08000297   Thumb Code     0  startup_stm32f427xx.o(.text)
    DMA2_Stream4_IRQHandler                  0x08000297   Thumb Code     0  startup_stm32f427xx.o(.text)
    DMA2_Stream5_IRQHandler                  0x08000297   Thumb Code     0  startup_stm32f427xx.o(.text)
    DMA2_Stream6_IRQHandler                  0x08000297   Thumb Code     0  startup_stm32f427xx.o(.text)
    DMA2_Stream7_IRQHandler                  0x08000297   Thumb Code     0  startup_stm32f427xx.o(.text)
    ETH_IRQHandler                           0x08000297   Thumb Code     0  startup_stm32f427xx.o(.text)
    ETH_WKUP_IRQHandler                      0x08000297   Thumb Code     0  startup_stm32f427xx.o(.text)
    EXTI0_IRQHandler                         0x08000297   Thumb Code     0  startup_stm32f427xx.o(.text)
    EXTI15_10_IRQHandler                     0x08000297   Thumb Code     0  startup_stm32f427xx.o(.text)
    EXTI1_IRQHandler                         0x08000297   Thumb Code     0  startup_stm32f427xx.o(.text)
    EXTI2_IRQHandler                         0x08000297   Thumb Code     0  startup_stm32f427xx.o(.text)
    EXTI3_IRQHandler                         0x08000297   Thumb Code     0  startup_stm32f427xx.o(.text)
    EXTI4_IRQHandler                         0x08000297   Thumb Code     0  startup_stm32f427xx.o(.text)
    EXTI9_5_IRQHandler                       0x08000297   Thumb Code     0  startup_stm32f427xx.o(.text)
    FLASH_IRQHandler                         0x08000297   Thumb Code     0  startup_stm32f427xx.o(.text)
    FMC_IRQHandler                           0x08000297   Thumb Code     0  startup_stm32f427xx.o(.text)
    FPU_IRQHandler                           0x08000297   Thumb Code     0  startup_stm32f427xx.o(.text)
    HASH_RNG_IRQHandler                      0x08000297   Thumb Code     0  startup_stm32f427xx.o(.text)
    I2C1_ER_IRQHandler                       0x08000297   Thumb Code     0  startup_stm32f427xx.o(.text)
    I2C1_EV_IRQHandler                       0x08000297   Thumb Code     0  startup_stm32f427xx.o(.text)
    I2C2_ER_IRQHandler                       0x08000297   Thumb Code     0  startup_stm32f427xx.o(.text)
    I2C2_EV_IRQHandler                       0x08000297   Thumb Code     0  startup_stm32f427xx.o(.text)
    I2C3_ER_IRQHandler                       0x08000297   Thumb Code     0  startup_stm32f427xx.o(.text)
    I2C3_EV_IRQHandler                       0x08000297   Thumb Code     0  startup_stm32f427xx.o(.text)
    OTG_FS_IRQHandler                        0x08000297   Thumb Code     0  startup_stm32f427xx.o(.text)
    OTG_FS_WKUP_IRQHandler                   0x08000297   Thumb Code     0  startup_stm32f427xx.o(.text)
    OTG_HS_EP1_IN_IRQHandler                 0x08000297   Thumb Code     0  startup_stm32f427xx.o(.text)
    OTG_HS_EP1_OUT_IRQHandler                0x08000297   Thumb Code     0  startup_stm32f427xx.o(.text)
    OTG_HS_IRQHandler                        0x08000297   Thumb Code     0  startup_stm32f427xx.o(.text)
    OTG_HS_WKUP_IRQHandler                   0x08000297   Thumb Code     0  startup_stm32f427xx.o(.text)
    PVD_IRQHandler                           0x08000297   Thumb Code     0  startup_stm32f427xx.o(.text)
    RCC_IRQHandler                           0x08000297   Thumb Code     0  startup_stm32f427xx.o(.text)
    RTC_Alarm_IRQHandler                     0x08000297   Thumb Code     0  startup_stm32f427xx.o(.text)
    RTC_WKUP_IRQHandler                      0x08000297   Thumb Code     0  startup_stm32f427xx.o(.text)
    SAI1_IRQHandler                          0x08000297   Thumb Code     0  startup_stm32f427xx.o(.text)
    SDIO_IRQHandler                          0x08000297   Thumb Code     0  startup_stm32f427xx.o(.text)
    SPI1_IRQHandler                          0x08000297   Thumb Code     0  startup_stm32f427xx.o(.text)
    SPI2_IRQHandler                          0x08000297   Thumb Code     0  startup_stm32f427xx.o(.text)
    SPI3_IRQHandler                          0x08000297   Thumb Code     0  startup_stm32f427xx.o(.text)
    SPI4_IRQHandler                          0x08000297   Thumb Code     0  startup_stm32f427xx.o(.text)
    SPI5_IRQHandler                          0x08000297   Thumb Code     0  startup_stm32f427xx.o(.text)
    SPI6_IRQHandler                          0x08000297   Thumb Code     0  startup_stm32f427xx.o(.text)
    TAMP_STAMP_IRQHandler                    0x08000297   Thumb Code     0  startup_stm32f427xx.o(.text)
    TIM1_BRK_TIM9_IRQHandler                 0x08000297   Thumb Code     0  startup_stm32f427xx.o(.text)
    TIM1_CC_IRQHandler                       0x08000297   Thumb Code     0  startup_stm32f427xx.o(.text)
    TIM1_TRG_COM_TIM11_IRQHandler            0x08000297   Thumb Code     0  startup_stm32f427xx.o(.text)
    TIM1_UP_TIM10_IRQHandler                 0x08000297   Thumb Code     0  startup_stm32f427xx.o(.text)
    TIM3_IRQHandler                          0x08000297   Thumb Code     0  startup_stm32f427xx.o(.text)
    TIM4_IRQHandler                          0x08000297   Thumb Code     0  startup_stm32f427xx.o(.text)
    TIM5_IRQHandler                          0x08000297   Thumb Code     0  startup_stm32f427xx.o(.text)
    TIM6_DAC_IRQHandler                      0x08000297   Thumb Code     0  startup_stm32f427xx.o(.text)
    TIM7_IRQHandler                          0x08000297   Thumb Code     0  startup_stm32f427xx.o(.text)
    TIM8_BRK_TIM12_IRQHandler                0x08000297   Thumb Code     0  startup_stm32f427xx.o(.text)
    TIM8_CC_IRQHandler                       0x08000297   Thumb Code     0  startup_stm32f427xx.o(.text)
    TIM8_TRG_COM_TIM14_IRQHandler            0x08000297   Thumb Code     0  startup_stm32f427xx.o(.text)
    TIM8_UP_TIM13_IRQHandler                 0x08000297   Thumb Code     0  startup_stm32f427xx.o(.text)
    UART4_IRQHandler                         0x08000297   Thumb Code     0  startup_stm32f427xx.o(.text)
    UART5_IRQHandler                         0x08000297   Thumb Code     0  startup_stm32f427xx.o(.text)
    UART7_IRQHandler                         0x08000297   Thumb Code     0  startup_stm32f427xx.o(.text)
    UART8_IRQHandler                         0x08000297   Thumb Code     0  startup_stm32f427xx.o(.text)
    USART3_IRQHandler                        0x08000297   Thumb Code     0  startup_stm32f427xx.o(.text)
    USART6_IRQHandler                        0x08000297   Thumb Code     0  startup_stm32f427xx.o(.text)
    WWDG_IRQHandler                          0x08000297   Thumb Code     0  startup_stm32f427xx.o(.text)
    __aeabi_uldivmod                         0x080002a1   Thumb Code    98  uldiv.o(.text)
    __aeabi_memcpy                           0x08000303   Thumb Code    36  memcpya.o(.text)
    __aeabi_memcpy4                          0x08000303   Thumb Code     0  memcpya.o(.text)
    __aeabi_memcpy8                          0x08000303   Thumb Code     0  memcpya.o(.text)
    __aeabi_memset                           0x08000327   Thumb Code    14  memseta.o(.text)
    __aeabi_memset4                          0x08000327   Thumb Code     0  memseta.o(.text)
    __aeabi_memset8                          0x08000327   Thumb Code     0  memseta.o(.text)
    __aeabi_memclr                           0x08000335   Thumb Code     4  memseta.o(.text)
    __aeabi_memclr4                          0x08000335   Thumb Code     0  memseta.o(.text)
    __aeabi_memclr8                          0x08000335   Thumb Code     0  memseta.o(.text)
    _memset$wrapper                          0x08000339   Thumb Code    18  memseta.o(.text)
    __aeabi_dadd                             0x0800034b   Thumb Code   322  dadd.o(.text)
    __aeabi_dsub                             0x0800048d   Thumb Code     6  dadd.o(.text)
    __aeabi_drsub                            0x08000493   Thumb Code     6  dadd.o(.text)
    __aeabi_dmul                             0x08000499   Thumb Code   228  dmul.o(.text)
    __aeabi_ddiv                             0x0800057d   Thumb Code   222  ddiv.o(.text)
    __aeabi_i2d                              0x0800065b   Thumb Code    34  dflti.o(.text)
    __aeabi_f2d                              0x0800067d   Thumb Code    38  f2d.o(.text)
    __aeabi_cdrcmple                         0x080006a5   Thumb Code    48  cdrcmple.o(.text)
    __aeabi_d2f                              0x080006d5   Thumb Code    56  d2f.o(.text)
    __aeabi_llsl                             0x0800070d   Thumb Code    30  llshl.o(.text)
    _ll_shift_l                              0x0800070d   Thumb Code     0  llshl.o(.text)
    __aeabi_llsr                             0x0800072b   Thumb Code    32  llushr.o(.text)
    _ll_ushift_r                             0x0800072b   Thumb Code     0  llushr.o(.text)
    __aeabi_lasr                             0x0800074b   Thumb Code    36  llsshr.o(.text)
    _ll_sshift_r                             0x0800074b   Thumb Code     0  llsshr.o(.text)
    __I$use$fp                               0x0800076f   Thumb Code     0  iusefp.o(.text)
    _float_round                             0x0800076f   Thumb Code    18  fepilogue.o(.text)
    _float_epilogue                          0x08000781   Thumb Code    92  fepilogue.o(.text)
    _double_round                            0x080007dd   Thumb Code    30  depilogue.o(.text)
    _double_epilogue                         0x080007fb   Thumb Code   156  depilogue.o(.text)
    __scatterload                            0x08000899   Thumb Code    28  init.o(.text)
    __scatterload_rt2                        0x08000899   Thumb Code     0  init.o(.text)
    __aeabi_ui2d                             0x080008bd   Thumb Code    26  dfltui.o(.text)
    __aeabi_d2iz                             0x080008d7   Thumb Code    62  dfixi.o(.text)
    __decompress                             0x08000915   Thumb Code     0  __dczerorl2.o(.text)
    __decompress1                            0x08000915   Thumb Code    86  __dczerorl2.o(.text)
    BM_Calc_Output                           0x0800096d   Thumb Code   256  driver_beltraise.o(i.BM_Calc_Output)
    BM_Get_PID                               0x08000a95   Thumb Code    78  driver_beltraise.o(i.BM_Get_PID)
    BM_Get_SpeedRef                          0x08000af5   Thumb Code   176  driver_beltraise.o(i.BM_Get_SpeedRef)
    BM_Set_Current                           0x08000bcd   Thumb Code    70  driver_beltraise.o(i.BM_Set_Current)
    Belt_Control                             0x08000c21   Thumb Code    20  driver_beltraise.o(i.Belt_Control)
    BusFault_Handler                         0x08000c35   Thumb Code     4  stm32f4xx_it.o(i.BusFault_Handler)
    CAN1_RX0_IRQHandler                      0x08000c39   Thumb Code    10  stm32f4xx_it.o(i.CAN1_RX0_IRQHandler)
    CAN1_TX_IRQHandler                       0x08000c49   Thumb Code    10  stm32f4xx_it.o(i.CAN1_TX_IRQHandler)
    CAN_bufferPop                            0x08000c59   Thumb Code    78  bsp_data.o(i.CAN_bufferPop)
    CAN_bufferPush                           0x08000ca7   Thumb Code    68  bsp_data.o(i.CAN_bufferPush)
    CAN_bufferlen                            0x08000ceb   Thumb Code    24  bsp_data.o(i.CAN_bufferlen)
    CM_Calc_Output                           0x08000d05   Thumb Code   500  driver_chassis.o(i.CM_Calc_Output)
    CM_Get_PID                               0x08000f31   Thumb Code   134  driver_chassis.o(i.CM_Get_PID)
    CM_Get_SpeedRef                          0x08000fd5   Thumb Code   434  driver_chassis.o(i.CM_Get_SpeedRef)
    CM_Set_Current                           0x080011a9   Thumb Code   134  driver_chassis.o(i.CM_Set_Current)
    Can_Msg_Process                          0x08001649   Thumb Code   112  canbustask.o(i.Can_Msg_Process)
    Can_Send                                 0x080016d9   Thumb Code    44  canbustask.o(i.Can_Send)
    Can_Send_BM                              0x08001715   Thumb Code    72  canbustask.o(i.Can_Send_BM)
    Can_Send_CM                              0x08001765   Thumb Code    72  canbustask.o(i.Can_Send_CM)
    Can_Send_Task                            0x080017b5   Thumb Code    24  canbustask.o(i.Can_Send_Task)
    Chassis_Control                          0x080017cd   Thumb Code    20  driver_chassis.o(i.Chassis_Control)
    ControlTask                              0x080017e1   Thumb Code    32  controltask.o(i.ControlTask)
    DMA1_Stream5_IRQHandler                  0x08001805   Thumb Code    10  stm32f4xx_it.o(i.DMA1_Stream5_IRQHandler)
    DMA2_Stream2_IRQHandler                  0x08001815   Thumb Code    10  stm32f4xx_it.o(i.DMA2_Stream2_IRQHandler)
    DebugMon_Handler                         0x0800192f   Thumb Code     2  stm32f4xx_it.o(i.DebugMon_Handler)
    Drivers_Control_Task                     0x08001931   Thumb Code    24  controltask.o(i.Drivers_Control_Task)
    HAL_CAN_ActivateNotification             0x08001949   Thumb Code    44  stm32f4xx_hal_can.o(i.HAL_CAN_ActivateNotification)
    HAL_CAN_AddTxMessage                     0x08001975   Thumb Code   298  stm32f4xx_hal_can.o(i.HAL_CAN_AddTxMessage)
    HAL_CAN_ConfigFilter                     0x08001aa1   Thumb Code   288  stm32f4xx_hal_can.o(i.HAL_CAN_ConfigFilter)
    HAL_CAN_ErrorCallback                    0x08001bc5   Thumb Code     2  stm32f4xx_hal_can.o(i.HAL_CAN_ErrorCallback)
    HAL_CAN_GetRxMessage                     0x08001bc7   Thumb Code   392  stm32f4xx_hal_can.o(i.HAL_CAN_GetRxMessage)
    HAL_CAN_GetTxMailboxesFreeLevel          0x08001d4f   Thumb Code    58  stm32f4xx_hal_can.o(i.HAL_CAN_GetTxMailboxesFreeLevel)
    HAL_CAN_IRQHandler                       0x08001d89   Thumb Code   590  stm32f4xx_hal_can.o(i.HAL_CAN_IRQHandler)
    HAL_CAN_Init                             0x08001fd7   Thumb Code   374  stm32f4xx_hal_can.o(i.HAL_CAN_Init)
    HAL_CAN_MspInit                          0x0800214d   Thumb Code   110  can.o(i.HAL_CAN_MspInit)
    HAL_CAN_RxFifo0FullCallback              0x080021c9   Thumb Code     2  stm32f4xx_hal_can.o(i.HAL_CAN_RxFifo0FullCallback)
    HAL_CAN_RxFifo0MsgPendingCallback        0x080021cd   Thumb Code    24  canbustask.o(i.HAL_CAN_RxFifo0MsgPendingCallback)
    HAL_CAN_RxFifo1FullCallback              0x080021ed   Thumb Code     2  stm32f4xx_hal_can.o(i.HAL_CAN_RxFifo1FullCallback)
    HAL_CAN_RxFifo1MsgPendingCallback        0x080021ef   Thumb Code     2  stm32f4xx_hal_can.o(i.HAL_CAN_RxFifo1MsgPendingCallback)
    HAL_CAN_SleepCallback                    0x080021f1   Thumb Code     2  stm32f4xx_hal_can.o(i.HAL_CAN_SleepCallback)
    HAL_CAN_Start                            0x080021f3   Thumb Code    96  stm32f4xx_hal_can.o(i.HAL_CAN_Start)
    HAL_CAN_TxMailbox0AbortCallback          0x08002253   Thumb Code     2  stm32f4xx_hal_can.o(i.HAL_CAN_TxMailbox0AbortCallback)
    HAL_CAN_TxMailbox0CompleteCallback       0x08002255   Thumb Code    40  canbustask.o(i.HAL_CAN_TxMailbox0CompleteCallback)
    HAL_CAN_TxMailbox1AbortCallback          0x08002289   Thumb Code     2  stm32f4xx_hal_can.o(i.HAL_CAN_TxMailbox1AbortCallback)
    HAL_CAN_TxMailbox1CompleteCallback       0x0800228b   Thumb Code     2  stm32f4xx_hal_can.o(i.HAL_CAN_TxMailbox1CompleteCallback)
    HAL_CAN_TxMailbox2AbortCallback          0x0800228d   Thumb Code     2  stm32f4xx_hal_can.o(i.HAL_CAN_TxMailbox2AbortCallback)
    HAL_CAN_TxMailbox2CompleteCallback       0x0800228f   Thumb Code     2  stm32f4xx_hal_can.o(i.HAL_CAN_TxMailbox2CompleteCallback)
    HAL_CAN_WakeUpFromRxMsgCallback          0x08002291   Thumb Code     2  stm32f4xx_hal_can.o(i.HAL_CAN_WakeUpFromRxMsgCallback)
    HAL_DMA_Abort                            0x08002293   Thumb Code   170  stm32f4xx_hal_dma.o(i.HAL_DMA_Abort)
    HAL_DMA_IRQHandler                       0x0800233d   Thumb Code   570  stm32f4xx_hal_dma.o(i.HAL_DMA_IRQHandler)
    HAL_DMA_Init                             0x0800257d   Thumb Code   232  stm32f4xx_hal_dma.o(i.HAL_DMA_Init)
    HAL_DMA_Start_IT                         0x08002669   Thumb Code   158  stm32f4xx_hal_dma.o(i.HAL_DMA_Start_IT)
    HAL_GPIO_Init                            0x08002709   Thumb Code   486  stm32f4xx_hal_gpio.o(i.HAL_GPIO_Init)
    HAL_GPIO_TogglePin                       0x08002925   Thumb Code     8  stm32f4xx_hal_gpio.o(i.HAL_GPIO_TogglePin)
    HAL_GPIO_WritePin                        0x0800292d   Thumb Code    12  stm32f4xx_hal_gpio.o(i.HAL_GPIO_WritePin)
    HAL_GetTick                              0x08002939   Thumb Code     6  stm32f4xx_hal.o(i.HAL_GetTick)
    HAL_IncTick                              0x08002945   Thumb Code    16  stm32f4xx_hal.o(i.HAL_IncTick)
    HAL_Init                                 0x0800295d   Thumb Code    54  stm32f4xx_hal.o(i.HAL_Init)
    HAL_InitTick                             0x08002999   Thumb Code   124  stm32f4xx_hal_timebase_tim.o(i.HAL_InitTick)
    HAL_MspInit                              0x08002a21   Thumb Code   150  stm32f4xx_hal_msp.o(i.HAL_MspInit)
    HAL_NVIC_EnableIRQ                       0x08002abd   Thumb Code    26  stm32f4xx_hal_cortex.o(i.HAL_NVIC_EnableIRQ)
    HAL_NVIC_SetPriority                     0x08002ad7   Thumb Code   124  stm32f4xx_hal_cortex.o(i.HAL_NVIC_SetPriority)
    HAL_NVIC_SetPriorityGrouping             0x08002b55   Thumb Code    32  stm32f4xx_hal_cortex.o(i.HAL_NVIC_SetPriorityGrouping)
    HAL_RCC_ClockConfig                      0x08002b7d   Thumb Code   366  stm32f4xx_hal_rcc.o(i.HAL_RCC_ClockConfig)
    HAL_RCC_GetClockConfig                   0x08002cfd   Thumb Code    58  stm32f4xx_hal_rcc.o(i.HAL_RCC_GetClockConfig)
    HAL_RCC_GetHCLKFreq                      0x08002d41   Thumb Code     6  stm32f4xx_hal_rcc.o(i.HAL_RCC_GetHCLKFreq)
    HAL_RCC_GetPCLK1Freq                     0x08002d4d   Thumb Code    22  stm32f4xx_hal_rcc.o(i.HAL_RCC_GetPCLK1Freq)
    HAL_RCC_GetPCLK2Freq                     0x08002d6d   Thumb Code    22  stm32f4xx_hal_rcc.o(i.HAL_RCC_GetPCLK2Freq)
    HAL_RCC_GetSysClockFreq                  0x08002d8d   Thumb Code   162  stm32f4xx_hal_rcc.o(i.HAL_RCC_GetSysClockFreq)
    HAL_RCC_OscConfig                        0x08002e3d   Thumb Code  1086  stm32f4xx_hal_rcc.o(i.HAL_RCC_OscConfig)
    HAL_SYSTICK_CLKSourceConfig              0x08003285   Thumb Code    40  stm32f4xx_hal_cortex.o(i.HAL_SYSTICK_CLKSourceConfig)
    HAL_SYSTICK_Config                       0x080032ad   Thumb Code    52  stm32f4xx_hal_cortex.o(i.HAL_SYSTICK_Config)
    HAL_TIMEx_BreakCallback                  0x080032e1   Thumb Code     2  stm32f4xx_hal_tim_ex.o(i.HAL_TIMEx_BreakCallback)
    HAL_TIMEx_CommutationCallback            0x080032e3   Thumb Code     2  stm32f4xx_hal_tim_ex.o(i.HAL_TIMEx_CommutationCallback)
    HAL_TIMEx_MasterConfigSynchronization    0x080032e5   Thumb Code    98  stm32f4xx_hal_tim_ex.o(i.HAL_TIMEx_MasterConfigSynchronization)
    HAL_TIM_Base_Init                        0x08003347   Thumb Code    52  stm32f4xx_hal_tim.o(i.HAL_TIM_Base_Init)
    HAL_TIM_Base_MspInit                     0x0800337d   Thumb Code    44  tim.o(i.HAL_TIM_Base_MspInit)
    HAL_TIM_Base_Start_IT                    0x080033b1   Thumb Code    30  stm32f4xx_hal_tim.o(i.HAL_TIM_Base_Start_IT)
    HAL_TIM_IC_CaptureCallback               0x080033cf   Thumb Code     2  stm32f4xx_hal_tim.o(i.HAL_TIM_IC_CaptureCallback)
    HAL_TIM_IRQHandler                       0x080033d1   Thumb Code   406  stm32f4xx_hal_tim.o(i.HAL_TIM_IRQHandler)
    HAL_TIM_MspPostInit                      0x08003569   Thumb Code    72  tim.o(i.HAL_TIM_MspPostInit)
    HAL_TIM_OC_DelayElapsedCallback          0x080035bd   Thumb Code     2  stm32f4xx_hal_tim.o(i.HAL_TIM_OC_DelayElapsedCallback)
    HAL_TIM_PWM_ConfigChannel                0x080035bf   Thumb Code   264  stm32f4xx_hal_tim.o(i.HAL_TIM_PWM_ConfigChannel)
    HAL_TIM_PWM_Init                         0x080036c7   Thumb Code    52  stm32f4xx_hal_tim.o(i.HAL_TIM_PWM_Init)
    HAL_TIM_PWM_MspInit                      0x080036fb   Thumb Code     2  stm32f4xx_hal_tim.o(i.HAL_TIM_PWM_MspInit)
    HAL_TIM_PWM_PulseFinishedCallback        0x080036fd   Thumb Code     2  stm32f4xx_hal_tim.o(i.HAL_TIM_PWM_PulseFinishedCallback)
    HAL_TIM_PeriodElapsedCallback            0x080036ff   Thumb Code    18  main.o(i.HAL_TIM_PeriodElapsedCallback)
    HAL_TIM_SlaveConfigSynchronization       0x08003711   Thumb Code    86  stm32f4xx_hal_tim.o(i.HAL_TIM_SlaveConfigSynchronization)
    HAL_TIM_TriggerCallback                  0x08003767   Thumb Code     2  stm32f4xx_hal_tim.o(i.HAL_TIM_TriggerCallback)
    HAL_UART_AbortReceive                    0x08003769   Thumb Code    80  stm32f4xx_hal_uart.o(i.HAL_UART_AbortReceive)
    HAL_UART_ErrorCallback                   0x080037b9   Thumb Code     2  stm32f4xx_hal_uart.o(i.HAL_UART_ErrorCallback)
    HAL_UART_Init                            0x080037bb   Thumb Code   114  stm32f4xx_hal_uart.o(i.HAL_UART_Init)
    HAL_UART_MspInit                         0x0800382d   Thumb Code   296  usart.o(i.HAL_UART_MspInit)
    HAL_UART_Receive_DMA                     0x08003989   Thumb Code   158  stm32f4xx_hal_uart.o(i.HAL_UART_Receive_DMA)
    HAL_UART_RxCpltCallback                  0x08003a35   Thumb Code     2  stm32f4xx_hal_uart.o(i.HAL_UART_RxCpltCallback)
    HAL_UART_RxHalfCpltCallback              0x08003a37   Thumb Code     2  stm32f4xx_hal_uart.o(i.HAL_UART_RxHalfCpltCallback)
    HardFault_Handler                        0x08003a39   Thumb Code     4  stm32f4xx_it.o(i.HardFault_Handler)
    Led_Toggle_Task                          0x08003a3d   Thumb Code    30  freertos.o(i.Led_Toggle_Task)
    MX_CAN1_Init                             0x08003a61   Thumb Code   162  can.o(i.MX_CAN1_Init)
    MX_DMA_Init                              0x08003b2d   Thumb Code   114  dma.o(i.MX_DMA_Init)
    MX_FREERTOS_Init                         0x08003ba5   Thumb Code   138  freertos.o(i.MX_FREERTOS_Init)
    MX_GPIO_Init                             0x08003c49   Thumb Code   230  gpio.o(i.MX_GPIO_Init)
    MX_TIM3_Init                             0x08003d3d   Thumb Code   206  tim.o(i.MX_TIM3_Init)
    MX_USART1_UART_Init                      0x08003e25   Thumb Code    74  usart.o(i.MX_USART1_UART_Init)
    MemManage_Handler                        0x08003e91   Thumb Code     4  stm32f4xx_it.o(i.MemManage_Handler)
    NMI_Handler                              0x08003e95   Thumb Code     2  stm32f4xx_it.o(i.NMI_Handler)
    PID_Calc                                 0x08003ed1   Thumb Code   254  pid.o(i.PID_Calc)
    PID_Reset                                0x08003fd1   Thumb Code    42  pid.o(i.PID_Reset)
    PID_Task                                 0x08004001   Thumb Code    46  pid.o(i.PID_Task)
    RemoteDataProcess                        0x08004031   Thumb Code   222  driver_remote.o(i.RemoteDataProcess)
    StatusMachine                            0x08004119   Thumb Code    24  statusmachine.o(i.StatusMachine)
    StatusMachine_Update                     0x08004131   Thumb Code     2  statusmachine.o(i.StatusMachine_Update)
    SysTick_Handler                          0x08004133   Thumb Code     8  stm32f4xx_it.o(i.SysTick_Handler)
    SystemClock_Config                       0x0800413d   Thumb Code   198  main.o(i.SystemClock_Config)
    SystemInit                               0x0800421d   Thumb Code    82  system_stm32f4xx.o(i.SystemInit)
    TIM2_IRQHandler                          0x08004281   Thumb Code    10  stm32f4xx_it.o(i.TIM2_IRQHandler)
    TIM_Base_SetConfig                       0x08004291   Thumb Code   184  stm32f4xx_hal_tim.o(i.TIM_Base_SetConfig)
    TIM_OC2_SetConfig                        0x080043fd   Thumb Code   112  stm32f4xx_hal_tim.o(i.TIM_OC2_SetConfig)
    USART1_IRQHandler                        0x08004a89   Thumb Code    82  stm32f4xx_it.o(i.USART1_IRQHandler)
    USART2_IRQHandler                        0x08004ae9   Thumb Code    92  stm32f4xx_it.o(i.USART2_IRQHandler)
    UsageFault_Handler                       0x08004b55   Thumb Code     4  stm32f4xx_it.o(i.UsageFault_Handler)
    _Error_Handler                           0x08004b59   Thumb Code     4  main.o(i._Error_Handler)
    __ARM_fpclassify                         0x08004b5d   Thumb Code    48  fpclassify.o(i.__ARM_fpclassify)
    __hardfp_cos                             0x08004b91   Thumb Code   180  cos.o(i.__hardfp_cos)
    __hardfp_fabs                            0x08004c59   Thumb Code    20  fabs.o(i.__hardfp_fabs)
    __hardfp_sin                             0x08004c71   Thumb Code   180  sin.o(i.__hardfp_sin)
    __ieee754_rem_pio2                       0x08004d39   Thumb Code   938  rred.o(i.__ieee754_rem_pio2)
    __kernel_cos                             0x08005171   Thumb Code   322  cos_i.o(i.__kernel_cos)
    __kernel_poly                            0x080052e1   Thumb Code   248  poly.o(i.__kernel_poly)
    __kernel_sin                             0x080053d9   Thumb Code   280  sin_i.o(i.__kernel_sin)
    __mathlib_dbl_infnan                     0x08005509   Thumb Code    20  dunder.o(i.__mathlib_dbl_infnan)
    __mathlib_dbl_invalid                    0x08005521   Thumb Code    24  dunder.o(i.__mathlib_dbl_invalid)
    __mathlib_dbl_underflow                  0x08005541   Thumb Code    24  dunder.o(i.__mathlib_dbl_underflow)
    __scatterload_copy                       0x08005561   Thumb Code    14  handlers.o(i.__scatterload_copy)
    __scatterload_null                       0x0800556f   Thumb Code     2  handlers.o(i.__scatterload_null)
    __scatterload_zeroinit                   0x08005571   Thumb Code    14  handlers.o(i.__scatterload_zeroinit)
    __set_errno                              0x08005581   Thumb Code     6  errno.o(i.__set_errno)
    bufferPush                               0x0800558d   Thumb Code    52  bsp_data.o(i.bufferPush)
    fabs                                     0x080055c1   Thumb Code    24  fabs.o(i.fabs)
    get_measure                              0x080055d9   Thumb Code   134  canbustask.o(i.get_measure)
    main                                     0x08005665   Thumb Code    40  main.o(i.main)
    osKernelStart                            0x0800569b   Thumb Code    10  cmsis_os.o(i.osKernelStart)
    osMessageCreate                          0x080056a5   Thumb Code    18  cmsis_os.o(i.osMessageCreate)
    osMutexCreate                            0x080056b7   Thumb Code    12  cmsis_os.o(i.osMutexCreate)
    osSystickHandler                         0x080056c3   Thumb Code    16  cmsis_os.o(i.osSystickHandler)
    osThreadCreate                           0x080056d3   Thumb Code    48  cmsis_os.o(i.osThreadCreate)
    pvPortMalloc                             0x08005cb9   Thumb Code   296  heap_4.o(i.pvPortMalloc)
    pxPortInitialiseStack                    0x08005df5   Thumb Code    38  port.o(i.pxPortInitialiseStack)
    stick1_change                            0x08005e21   Thumb Code    58  driver_remote.o(i.stick1_change)
    uxListRemove                             0x08005e65   Thumb Code    40  list.o(i.uxListRemove)
    vListInitialise                          0x08005e8d   Thumb Code    26  list.o(i.vListInitialise)
    vListInitialiseItem                      0x08005ea7   Thumb Code     6  list.o(i.vListInitialiseItem)
    vListInsert                              0x08005ead   Thumb Code    52  list.o(i.vListInsert)
    vListInsertEnd                           0x08005ee1   Thumb Code    24  list.o(i.vListInsertEnd)
    vPortEnterCritical                       0x08005ef9   Thumb Code    76  port.o(i.vPortEnterCritical)
    vPortExitCritical                        0x08005f4d   Thumb Code    56  port.o(i.vPortExitCritical)
    vPortFree                                0x08005f89   Thumb Code   140  heap_4.o(i.vPortFree)
    vPortSetupTimerInterrupt                 0x0800601d   Thumb Code    26  port.o(i.vPortSetupTimerInterrupt)
    vTaskDelayUntil                          0x0800603d   Thumb Code   200  tasks.o(i.vTaskDelayUntil)
    vTaskMissedYield                         0x08006111   Thumb Code     8  tasks.o(i.vTaskMissedYield)
    vTaskPlaceOnEventList                    0x0800611d   Thumb Code    52  tasks.o(i.vTaskPlaceOnEventList)
    vTaskSetTimeOutState                     0x08006155   Thumb Code    38  tasks.o(i.vTaskSetTimeOutState)
    vTaskStartScheduler                      0x08006185   Thumb Code   108  tasks.o(i.vTaskStartScheduler)
    vTaskSuspendAll                          0x0800620d   Thumb Code    12  tasks.o(i.vTaskSuspendAll)
    vTaskSwitchContext                       0x0800621d   Thumb Code   118  tasks.o(i.vTaskSwitchContext)
    xPortStartScheduler                      0x080062a9   Thumb Code   288  port.o(i.xPortStartScheduler)
    xPortSysTickHandler                      0x080063e5   Thumb Code    46  port.o(i.xPortSysTickHandler)
    xQueueCreateMutex                        0x08006419   Thumb Code    34  queue.o(i.xQueueCreateMutex)
    xQueueGenericCreate                      0x0800643b   Thumb Code    88  queue.o(i.xQueueGenericCreate)
    xQueueGenericReset                       0x08006495   Thumb Code   146  queue.o(i.xQueueGenericReset)
    xQueueGenericSend                        0x0800652d   Thumb Code   420  queue.o(i.xQueueGenericSend)
    xTaskCheckForTimeOut                     0x080066d5   Thumb Code   132  tasks.o(i.xTaskCheckForTimeOut)
    xTaskCreate                              0x08006761   Thumb Code    96  tasks.o(i.xTaskCreate)
    xTaskGetSchedulerState                   0x080067c1   Thumb Code    24  tasks.o(i.xTaskGetSchedulerState)
    xTaskGetTickCount                        0x080067e1   Thumb Code     6  tasks.o(i.xTaskGetTickCount)
    xTaskIncrementTick                       0x080067ed   Thumb Code   282  tasks.o(i.xTaskIncrementTick)
    xTaskPriorityDisinherit                  0x08006935   Thumb Code   188  tasks.o(i.xTaskPriorityDisinherit)
    xTaskRemoveFromEventList                 0x080069fd   Thumb Code   128  tasks.o(i.xTaskRemoveFromEventList)
    xTaskResumeAll                           0x08006a95   Thumb Code   224  tasks.o(i.xTaskResumeAll)
    AHBPrescTable                            0x08006bf8   Data          16  system_stm32f4xx.o(.constdata)
    APBPrescTable                            0x08006c08   Data           8  system_stm32f4xx.o(.constdata)
    Region$$Table$$Base                      0x08006d68   Number         0  anon$$obj.o(Region$$Table)
    Region$$Table$$Limit                     0x08006d88   Number         0  anon$$obj.o(Region$$Table)
    Led_ToggleHandle                         0x20000000   Data           4  freertos.o(.data)
    Can_SendHandle                           0x20000004   Data           4  freertos.o(.data)
    Task_ControlHandle                       0x20000008   Data           4  freertos.o(.data)
    Status_UpdateHandle                      0x2000000c   Data           4  freertos.o(.data)
    myQueue01Handle                          0x20000010   Data           4  freertos.o(.data)
    myMutex01Handle                          0x20000014   Data           4  freertos.o(.data)
    can_count                                0x20000018   Data           4  canbustask.o(.data)
    TxMailFreeNum                            0x2000001c   Data           4  canbustask.o(.data)
    aa                                       0x20000020   Data           2  canbustask.o(.data)
    bb                                       0x20000022   Data           2  canbustask.o(.data)
    CMRotatePID                              0x20000024   Data          84  driver_chassis.o(.data)
    CM1SpeedPID                              0x20000078   Data          84  driver_chassis.o(.data)
    CM2SpeedPID                              0x200000cc   Data          84  driver_chassis.o(.data)
    CM3SpeedPID                              0x20000120   Data          84  driver_chassis.o(.data)
    CM4SpeedPID                              0x20000174   Data          84  driver_chassis.o(.data)
    underpan_acc                             0x200001c8   Data           2  driver_chassis.o(.data)
    stick_store                              0x200001d0   Data           1  driver_remote.o(.data)
    timetick2                                0x200001d4   Data           4  driver_remote.o(.data)
    timetick1                                0x200001d8   Data           4  driver_remote.o(.data)
    time_diff_1to3                           0x200001dc   Data           4  driver_remote.o(.data)
    time_diff_1to2                           0x200001e0   Data           4  driver_remote.o(.data)
    Action_stick                             0x200001e4   Data           1  driver_remote.o(.data)
    S_switch                                 0x200001e5   Data           1  driver_remote.o(.data)
    BeltMotorSpeedRef                        0x200001e8   Data           4  driver_beltraise.o(.data)
    RBMSpeedPID                              0x200001ec   Data          84  driver_beltraise.o(.data)
    LBMSpeedPID                              0x20000240   Data          84  driver_beltraise.o(.data)
    kp                                       0x20000294   Data           4  driver_beltraise.o(.data)
    raise_speed                              0x20000298   Data           2  driver_beltraise.o(.data)
    Foward_flag                              0x2000029a   Data           1  driver_beltraise.o(.data)
    uwTick                                   0x200002ac   Data           4  stm32f4xx_hal.o(.data)
    uwTickPrio                               0x200002b0   Data           4  stm32f4xx_hal.o(.data)
    uwTickFreq                               0x200002b4   Data           1  stm32f4xx_hal.o(.data)
    SystemCoreClock                          0x200002b8   Data           4  system_stm32f4xx.o(.data)
    pxCurrentTCB                             0x200002e0   Data           4  tasks.o(.data)
    CAN1_Receive                             0x20000320   Data          36  can.o(.bss)
    CAN1_ReadyToSend                         0x20000344   Data          32  can.o(.bss)
    CAN1_ReallySend                          0x20000364   Data          32  can.o(.bss)
    CAN1_Filter                              0x20000384   Data          40  can.o(.bss)
    hcan1                                    0x200003ac   Data          40  can.o(.bss)
    htim3                                    0x200003d4   Data          60  tim.o(.bss)
    UART2_RXBUFF                             0x20000410   Data          40  usart.o(.bss)
    huart1                                   0x20000438   Data          64  usart.o(.bss)
    huart2                                   0x20000478   Data          64  usart.o(.bss)
    hdma_usart1_rx                           0x200004b8   Data          96  usart.o(.bss)
    hdma_usart2_rx                           0x20000518   Data          96  usart.o(.bss)
    UART1_RXBUFF                             0x20000578   Data         100  usart.o(.bss)
    htim2                                    0x200005dc   Data          60  stm32f4xx_hal_timebase_tim.o(.bss)
    Motor1_Measure                           0x20000618   Data          20  canbustask.o(.bss)
    Motor2_Measure                           0x2000062c   Data          20  canbustask.o(.bss)
    Motor3_Measure                           0x20000640   Data          20  canbustask.o(.bss)
    Motor4_Measure                           0x20000654   Data          20  canbustask.o(.bss)
    LBeltM_Measure                           0x20000668   Data          20  canbustask.o(.bss)
    RBeltM_Measure                           0x2000067c   Data          20  canbustask.o(.bss)
    Que_MiniPC                               0x20000690   Data         504  bsp_data.o(.bss)
    Que_JudgeFrame                           0x20000888   Data         504  bsp_data.o(.bss)
    Que_USART3_Tx                            0x20000a80   Data         504  bsp_data.o(.bss)
    Que_CAN1_Tx                              0x20000c78   Data         644  bsp_data.o(.bss)
    Que_CAN2_Tx                              0x20000efc   Data         644  bsp_data.o(.bss)
    ChassisData                              0x20001180   Data          20  driver_chassis.o(.bss)
    RC_CtrlData                              0x20001194   Data          22  driver_remote.o(.bss)
    __initial_sp                             0x200052a0   Data           0  startup_stm32f427xx.o(STACK)



==============================================================================

Memory Map of the image

  Image Entry point : 0x080001ad

  Load Region LR_IROM1 (Base: 0x08000000, Size: 0x000070a8, Max: 0x00200000, ABSOLUTE, COMPRESSED[0x00006ddc])

    Execution Region ER_IROM1 (Base: 0x08000000, Size: 0x00006d88, Max: 0x00200000, ABSOLUTE)

    Base Addr    Size         Type   Attr      Idx    E Section Name        Object

    0x08000000   0x000001ac   Data   RO         1050    RESET               startup_stm32f427xx.o
    0x080001ac   0x00000000   Code   RO         6553  * .ARM.Collect$$$$00000000  mc_w.l(entry.o)
    0x080001ac   0x00000004   Code   RO         6606    .ARM.Collect$$$$00000001  mc_w.l(entry2.o)
    0x080001b0   0x00000004   Code   RO         6609    .ARM.Collect$$$$00000004  mc_w.l(entry5.o)
    0x080001b4   0x00000000   Code   RO         6611    .ARM.Collect$$$$00000008  mc_w.l(entry7b.o)
    0x080001b4   0x00000000   Code   RO         6613    .ARM.Collect$$$$0000000A  mc_w.l(entry8b.o)
    0x080001b4   0x00000008   Code   RO         6614    .ARM.Collect$$$$0000000B  mc_w.l(entry9a.o)
    0x080001bc   0x00000000   Code   RO         6616    .ARM.Collect$$$$0000000D  mc_w.l(entry10a.o)
    0x080001bc   0x00000000   Code   RO         6618    .ARM.Collect$$$$0000000F  mc_w.l(entry11a.o)
    0x080001bc   0x00000004   Code   RO         6607    .ARM.Collect$$$$00002712  mc_w.l(entry2.o)
    0x080001c0   0x000000ba   Code   RO         5491    .emb_text           port.o
    0x0800027a   0x00000002   PAD
    0x0800027c   0x00000024   Code   RO         1051    .text               startup_stm32f427xx.o
    0x080002a0   0x00000062   Code   RO         6556    .text               mc_w.l(uldiv.o)
    0x08000302   0x00000024   Code   RO         6558    .text               mc_w.l(memcpya.o)
    0x08000326   0x00000024   Code   RO         6560    .text               mc_w.l(memseta.o)
    0x0800034a   0x0000014e   Code   RO         6564    .text               mf_w.l(dadd.o)
    0x08000498   0x000000e4   Code   RO         6566    .text               mf_w.l(dmul.o)
    0x0800057c   0x000000de   Code   RO         6568    .text               mf_w.l(ddiv.o)
    0x0800065a   0x00000022   Code   RO         6570    .text               mf_w.l(dflti.o)
    0x0800067c   0x00000026   Code   RO         6572    .text               mf_w.l(f2d.o)
    0x080006a2   0x00000002   PAD
    0x080006a4   0x00000030   Code   RO         6574    .text               mf_w.l(cdrcmple.o)
    0x080006d4   0x00000038   Code   RO         6576    .text               mf_w.l(d2f.o)
    0x0800070c   0x0000001e   Code   RO         6620    .text               mc_w.l(llshl.o)
    0x0800072a   0x00000020   Code   RO         6622    .text               mc_w.l(llushr.o)
    0x0800074a   0x00000024   Code   RO         6624    .text               mc_w.l(llsshr.o)
    0x0800076e   0x00000000   Code   RO         6633    .text               mc_w.l(iusefp.o)
    0x0800076e   0x0000006e   Code   RO         6634    .text               mf_w.l(fepilogue.o)
    0x080007dc   0x000000ba   Code   RO         6636    .text               mf_w.l(depilogue.o)
    0x08000896   0x00000002   PAD
    0x08000898   0x00000024   Code   RO         6644    .text               mc_w.l(init.o)
    0x080008bc   0x0000001a   Code   RO         6646    .text               mf_w.l(dfltui.o)
    0x080008d6   0x0000003e   Code   RO         6648    .text               mf_w.l(dfixi.o)
    0x08000914   0x00000056   Code   RO         6658    .text               mc_w.l(__dczerorl2.o)
    0x0800096a   0x00000002   PAD
    0x0800096c   0x00000128   Code   RO         1304    i.BM_Calc_Output    driver_beltraise.o
    0x08000a94   0x00000060   Code   RO         1305    i.BM_Get_PID        driver_beltraise.o
    0x08000af4   0x000000d8   Code   RO         1306    i.BM_Get_SpeedRef   driver_beltraise.o
    0x08000bcc   0x00000054   Code   RO         1307    i.BM_Set_Current    driver_beltraise.o
    0x08000c20   0x00000014   Code   RO         1308    i.Belt_Control      driver_beltraise.o
    0x08000c34   0x00000004   Code   RO          724    i.BusFault_Handler  stm32f4xx_it.o
    0x08000c38   0x00000010   Code   RO          725    i.CAN1_RX0_IRQHandler  stm32f4xx_it.o
    0x08000c48   0x00000010   Code   RO          726    i.CAN1_TX_IRQHandler  stm32f4xx_it.o
    0x08000c58   0x0000004e   Code   RO          979    i.CAN_bufferPop     bsp_data.o
    0x08000ca6   0x00000044   Code   RO          980    i.CAN_bufferPush    bsp_data.o
    0x08000cea   0x00000018   Code   RO          982    i.CAN_bufferlen     bsp_data.o
    0x08000d02   0x00000002   PAD
    0x08000d04   0x0000022c   Code   RO         1101    i.CM_Calc_Output    driver_chassis.o
    0x08000f30   0x000000a4   Code   RO         1102    i.CM_Get_PID        driver_chassis.o
    0x08000fd4   0x000001d4   Code   RO         1103    i.CM_Get_SpeedRef   driver_chassis.o
    0x080011a8   0x0000009c   Code   RO         1104    i.CM_Set_Current    driver_chassis.o
    0x08001244   0x00000404   Code   RO         1105    i.CalculateWheelSpeed  driver_chassis.o
    0x08001648   0x00000090   Code   RO          906    i.Can_Msg_Process   canbustask.o
    0x080016d8   0x0000003c   Code   RO          907    i.Can_Send          canbustask.o
    0x08001714   0x00000050   Code   RO          908    i.Can_Send_BM       canbustask.o
    0x08001764   0x00000050   Code   RO          909    i.Can_Send_CM       canbustask.o
    0x080017b4   0x00000018   Code   RO          910    i.Can_Send_Task     canbustask.o
    0x080017cc   0x00000014   Code   RO         1106    i.Chassis_Control   driver_chassis.o
    0x080017e0   0x00000024   Code   RO         1359    i.ControlTask       controltask.o
    0x08001804   0x00000010   Code   RO          727    i.DMA1_Stream5_IRQHandler  stm32f4xx_it.o
    0x08001814   0x00000010   Code   RO          728    i.DMA2_Stream2_IRQHandler  stm32f4xx_it.o
    0x08001824   0x00000034   Code   RO         4766    i.DMA_CalcBaseAndBitshift  stm32f4xx_hal_dma.o
    0x08001858   0x000000aa   Code   RO         4767    i.DMA_CheckFifoParam  stm32f4xx_hal_dma.o
    0x08001902   0x0000002c   Code   RO         4768    i.DMA_SetConfig     stm32f4xx_hal_dma.o
    0x0800192e   0x00000002   Code   RO          729    i.DebugMon_Handler  stm32f4xx_it.o
    0x08001930   0x00000018   Code   RO         1360    i.Drivers_Control_Task  controltask.o
    0x08001948   0x0000002c   Code   RO         1696    i.HAL_CAN_ActivateNotification  stm32f4xx_hal_can.o
    0x08001974   0x0000012a   Code   RO         1697    i.HAL_CAN_AddTxMessage  stm32f4xx_hal_can.o
    0x08001a9e   0x00000002   PAD
    0x08001aa0   0x00000124   Code   RO         1698    i.HAL_CAN_ConfigFilter  stm32f4xx_hal_can.o
    0x08001bc4   0x00000002   Code   RO         1701    i.HAL_CAN_ErrorCallback  stm32f4xx_hal_can.o
    0x08001bc6   0x00000188   Code   RO         1704    i.HAL_CAN_GetRxMessage  stm32f4xx_hal_can.o
    0x08001d4e   0x0000003a   Code   RO         1706    i.HAL_CAN_GetTxMailboxesFreeLevel  stm32f4xx_hal_can.o
    0x08001d88   0x0000024e   Code   RO         1708    i.HAL_CAN_IRQHandler  stm32f4xx_hal_can.o
    0x08001fd6   0x00000176   Code   RO         1709    i.HAL_CAN_Init      stm32f4xx_hal_can.o
    0x0800214c   0x0000007c   Code   RO          329    i.HAL_CAN_MspInit   can.o
    0x080021c8   0x00000002   Code   RO         1716    i.HAL_CAN_RxFifo0FullCallback  stm32f4xx_hal_can.o
    0x080021ca   0x00000002   PAD
    0x080021cc   0x00000020   Code   RO          911    i.HAL_CAN_RxFifo0MsgPendingCallback  canbustask.o
    0x080021ec   0x00000002   Code   RO         1718    i.HAL_CAN_RxFifo1FullCallback  stm32f4xx_hal_can.o
    0x080021ee   0x00000002   Code   RO         1719    i.HAL_CAN_RxFifo1MsgPendingCallback  stm32f4xx_hal_can.o
    0x080021f0   0x00000002   Code   RO         1720    i.HAL_CAN_SleepCallback  stm32f4xx_hal_can.o
    0x080021f2   0x00000060   Code   RO         1721    i.HAL_CAN_Start     stm32f4xx_hal_can.o
    0x08002252   0x00000002   Code   RO         1723    i.HAL_CAN_TxMailbox0AbortCallback  stm32f4xx_hal_can.o
    0x08002254   0x00000034   Code   RO          912    i.HAL_CAN_TxMailbox0CompleteCallback  canbustask.o
    0x08002288   0x00000002   Code   RO         1725    i.HAL_CAN_TxMailbox1AbortCallback  stm32f4xx_hal_can.o
    0x0800228a   0x00000002   Code   RO         1726    i.HAL_CAN_TxMailbox1CompleteCallback  stm32f4xx_hal_can.o
    0x0800228c   0x00000002   Code   RO         1727    i.HAL_CAN_TxMailbox2AbortCallback  stm32f4xx_hal_can.o
    0x0800228e   0x00000002   Code   RO         1728    i.HAL_CAN_TxMailbox2CompleteCallback  stm32f4xx_hal_can.o
    0x08002290   0x00000002   Code   RO         1730    i.HAL_CAN_WakeUpFromRxMsgCallback  stm32f4xx_hal_can.o
    0x08002292   0x000000aa   Code   RO         4769    i.HAL_DMA_Abort     stm32f4xx_hal_dma.o
    0x0800233c   0x00000240   Code   RO         4774    i.HAL_DMA_IRQHandler  stm32f4xx_hal_dma.o
    0x0800257c   0x000000ec   Code   RO         4775    i.HAL_DMA_Init      stm32f4xx_hal_dma.o
    0x08002668   0x0000009e   Code   RO         4779    i.HAL_DMA_Start_IT  stm32f4xx_hal_dma.o
    0x08002706   0x00000002   PAD
    0x08002708   0x0000021c   Code   RO         4662    i.HAL_GPIO_Init     stm32f4xx_hal_gpio.o
    0x08002924   0x00000008   Code   RO         4665    i.HAL_GPIO_TogglePin  stm32f4xx_hal_gpio.o
    0x0800292c   0x0000000c   Code   RO         4666    i.HAL_GPIO_WritePin  stm32f4xx_hal_gpio.o
    0x08002938   0x0000000c   Code   RO         5219    i.HAL_GetTick       stm32f4xx_hal.o
    0x08002944   0x00000018   Code   RO         5223    i.HAL_IncTick       stm32f4xx_hal.o
    0x0800295c   0x0000003c   Code   RO         5224    i.HAL_Init          stm32f4xx_hal.o
    0x08002998   0x00000088   Code   RO          866    i.HAL_InitTick      stm32f4xx_hal_timebase_tim.o
    0x08002a20   0x0000009c   Code   RO          842    i.HAL_MspInit       stm32f4xx_hal_msp.o
    0x08002abc   0x0000001a   Code   RO         5069    i.HAL_NVIC_EnableIRQ  stm32f4xx_hal_cortex.o
    0x08002ad6   0x0000007c   Code   RO         5075    i.HAL_NVIC_SetPriority  stm32f4xx_hal_cortex.o
    0x08002b52   0x00000002   PAD
    0x08002b54   0x00000028   Code   RO         5076    i.HAL_NVIC_SetPriorityGrouping  stm32f4xx_hal_cortex.o
    0x08002b7c   0x00000180   Code   RO         4206    i.HAL_RCC_ClockConfig  stm32f4xx_hal_rcc.o
    0x08002cfc   0x00000044   Code   RO         4210    i.HAL_RCC_GetClockConfig  stm32f4xx_hal_rcc.o
    0x08002d40   0x0000000c   Code   RO         4211    i.HAL_RCC_GetHCLKFreq  stm32f4xx_hal_rcc.o
    0x08002d4c   0x00000020   Code   RO         4213    i.HAL_RCC_GetPCLK1Freq  stm32f4xx_hal_rcc.o
    0x08002d6c   0x00000020   Code   RO         4214    i.HAL_RCC_GetPCLK2Freq  stm32f4xx_hal_rcc.o
    0x08002d8c   0x000000b0   Code   RO         4215    i.HAL_RCC_GetSysClockFreq  stm32f4xx_hal_rcc.o
    0x08002e3c   0x00000448   Code   RO         4218    i.HAL_RCC_OscConfig  stm32f4xx_hal_rcc.o
    0x08003284   0x00000028   Code   RO         5078    i.HAL_SYSTICK_CLKSourceConfig  stm32f4xx_hal_cortex.o
    0x080032ac   0x00000034   Code   RO         5080    i.HAL_SYSTICK_Config  stm32f4xx_hal_cortex.o
    0x080032e0   0x00000002   Code   RO         3635    i.HAL_TIMEx_BreakCallback  stm32f4xx_hal_tim_ex.o
    0x080032e2   0x00000002   Code   RO         3636    i.HAL_TIMEx_CommutationCallback  stm32f4xx_hal_tim_ex.o
    0x080032e4   0x00000062   Code   RO         3652    i.HAL_TIMEx_MasterConfigSynchronization  stm32f4xx_hal_tim_ex.o
    0x08003346   0x00000034   Code   RO         2996    i.HAL_TIM_Base_Init  stm32f4xx_hal_tim.o
    0x0800337a   0x00000002   PAD
    0x0800337c   0x00000034   Code   RO          635    i.HAL_TIM_Base_MspInit  tim.o
    0x080033b0   0x0000001e   Code   RO         3001    i.HAL_TIM_Base_Start_IT  stm32f4xx_hal_tim.o
    0x080033ce   0x00000002   Code   RO         3025    i.HAL_TIM_IC_CaptureCallback  stm32f4xx_hal_tim.o
    0x080033d0   0x00000196   Code   RO         3038    i.HAL_TIM_IRQHandler  stm32f4xx_hal_tim.o
    0x08003566   0x00000002   PAD
    0x08003568   0x00000054   Code   RO          636    i.HAL_TIM_MspPostInit  tim.o
    0x080035bc   0x00000002   Code   RO         3041    i.HAL_TIM_OC_DelayElapsedCallback  stm32f4xx_hal_tim.o
    0x080035be   0x00000108   Code   RO         3062    i.HAL_TIM_PWM_ConfigChannel  stm32f4xx_hal_tim.o
    0x080036c6   0x00000034   Code   RO         3065    i.HAL_TIM_PWM_Init  stm32f4xx_hal_tim.o
    0x080036fa   0x00000002   Code   RO         3067    i.HAL_TIM_PWM_MspInit  stm32f4xx_hal_tim.o
    0x080036fc   0x00000002   Code   RO         3068    i.HAL_TIM_PWM_PulseFinishedCallback  stm32f4xx_hal_tim.o
    0x080036fe   0x00000012   Code   RO            4    i.HAL_TIM_PeriodElapsedCallback  main.o
    0x08003710   0x00000056   Code   RO         3077    i.HAL_TIM_SlaveConfigSynchronization  stm32f4xx_hal_tim.o
    0x08003766   0x00000002   Code   RO         3079    i.HAL_TIM_TriggerCallback  stm32f4xx_hal_tim.o
    0x08003768   0x00000050   Code   RO         3884    i.HAL_UART_AbortReceive  stm32f4xx_hal_uart.o
    0x080037b8   0x00000002   Code   RO         3895    i.HAL_UART_ErrorCallback  stm32f4xx_hal_uart.o
    0x080037ba   0x00000072   Code   RO         3899    i.HAL_UART_Init     stm32f4xx_hal_uart.o
    0x0800382c   0x0000015c   Code   RO          683    i.HAL_UART_MspInit  usart.o
    0x08003988   0x000000ac   Code   RO         3903    i.HAL_UART_Receive_DMA  stm32f4xx_hal_uart.o
    0x08003a34   0x00000002   Code   RO         3905    i.HAL_UART_RxCpltCallback  stm32f4xx_hal_uart.o
    0x08003a36   0x00000002   Code   RO         3906    i.HAL_UART_RxHalfCpltCallback  stm32f4xx_hal_uart.o
    0x08003a38   0x00000004   Code   RO          730    i.HardFault_Handler  stm32f4xx_it.o
    0x08003a3c   0x00000024   Code   RO          502    i.Led_Toggle_Task   freertos.o
    0x08003a60   0x000000cc   Code   RO          330    i.MX_CAN1_Init      can.o
    0x08003b2c   0x00000078   Code   RO          478    i.MX_DMA_Init       dma.o
    0x08003ba4   0x000000a4   Code   RO          503    i.MX_FREERTOS_Init  freertos.o
    0x08003c48   0x000000f4   Code   RO          262    i.MX_GPIO_Init      gpio.o
    0x08003d3c   0x000000e8   Code   RO          637    i.MX_TIM3_Init      tim.o
    0x08003e24   0x0000006c   Code   RO          684    i.MX_USART1_UART_Init  usart.o
    0x08003e90   0x00000004   Code   RO          731    i.MemManage_Handler  stm32f4xx_it.o
    0x08003e94   0x00000002   Code   RO          732    i.NMI_Handler       stm32f4xx_it.o
    0x08003e96   0x00000002   PAD
    0x08003e98   0x00000010   Code   RO         5082    i.NVIC_GetPriorityGrouping  stm32f4xx_hal_cortex.o
    0x08003ea8   0x00000028   Code   RO         5083    i.NVIC_SetPriority  stm32f4xx_hal_cortex.o
    0x08003ed0   0x000000fe   Code   RO         1273    i.PID_Calc          pid.o
    0x08003fce   0x00000002   PAD
    0x08003fd0   0x00000030   Code   RO         1274    i.PID_Reset         pid.o
    0x08004000   0x0000002e   Code   RO         1275    i.PID_Task          pid.o
    0x0800402e   0x00000002   PAD
    0x08004030   0x000000e8   Code   RO         1165    i.RemoteDataProcess  driver_remote.o
    0x08004118   0x00000018   Code   RO         1390    i.StatusMachine     statusmachine.o
    0x08004130   0x00000002   Code   RO         1391    i.StatusMachine_Update  statusmachine.o
    0x08004132   0x00000008   Code   RO          733    i.SysTick_Handler   stm32f4xx_it.o
    0x0800413a   0x00000002   PAD
    0x0800413c   0x000000e0   Code   RO            5    i.SystemClock_Config  main.o
    0x0800421c   0x00000064   Code   RO         5388    i.SystemInit        system_stm32f4xx.o
    0x08004280   0x00000010   Code   RO          734    i.TIM2_IRQHandler   stm32f4xx_it.o
    0x08004290   0x000000e4   Code   RO         3080    i.TIM_Base_SetConfig  stm32f4xx_hal_tim.o
    0x08004374   0x00000018   Code   RO         3087    i.TIM_ETR_SetConfig  stm32f4xx_hal_tim.o
    0x0800438c   0x00000070   Code   RO         3089    i.TIM_OC1_SetConfig  stm32f4xx_hal_tim.o
    0x080043fc   0x00000078   Code   RO         3090    i.TIM_OC2_SetConfig  stm32f4xx_hal_tim.o
    0x08004474   0x00000078   Code   RO         3091    i.TIM_OC3_SetConfig  stm32f4xx_hal_tim.o
    0x080044ec   0x00000060   Code   RO         3092    i.TIM_OC4_SetConfig  stm32f4xx_hal_tim.o
    0x0800454c   0x000000a4   Code   RO         3093    i.TIM_SlaveTimer_SetConfig  stm32f4xx_hal_tim.o
    0x080045f0   0x0000002a   Code   RO         3094    i.TIM_TI1_ConfigInputStage  stm32f4xx_hal_tim.o
    0x0800461a   0x0000002c   Code   RO         3096    i.TIM_TI2_ConfigInputStage  stm32f4xx_hal_tim.o
    0x08004646   0x00000050   Code   RO         3913    i.UART_DMAError     stm32f4xx_hal_uart.o
    0x08004696   0x00000046   Code   RO         3914    i.UART_DMAReceiveCplt  stm32f4xx_hal_uart.o
    0x080046dc   0x0000000e   Code   RO         3916    i.UART_DMARxHalfCplt  stm32f4xx_hal_uart.o
    0x080046ea   0x00000020   Code   RO         3922    i.UART_EndRxTransfer  stm32f4xx_hal_uart.o
    0x0800470a   0x00000014   Code   RO         3924    i.UART_EndTxTransfer  stm32f4xx_hal_uart.o
    0x0800471e   0x00000002   PAD
    0x08004720   0x00000368   Code   RO         3926    i.UART_SetConfig    stm32f4xx_hal_uart.o
    0x08004a88   0x00000060   Code   RO          735    i.USART1_IRQHandler  stm32f4xx_it.o
    0x08004ae8   0x0000006c   Code   RO          736    i.USART2_IRQHandler  stm32f4xx_it.o
    0x08004b54   0x00000004   Code   RO          737    i.UsageFault_Handler  stm32f4xx_it.o
    0x08004b58   0x00000004   Code   RO            6    i._Error_Handler    main.o
    0x08004b5c   0x00000030   Code   RO         6640    i.__ARM_fpclassify  m_wm.l(fpclassify.o)
    0x08004b8c   0x00000004   PAD
    0x08004b90   0x000000c8   Code   RO         6523    i.__hardfp_cos      m_wm.l(cos.o)
    0x08004c58   0x00000014   Code   RO         6535    i.__hardfp_fabs     m_wm.l(fabs.o)
    0x08004c6c   0x00000004   PAD
    0x08004c70   0x000000c8   Code   RO         6541    i.__hardfp_sin      m_wm.l(sin.o)
    0x08004d38   0x00000438   Code   RO         6595    i.__ieee754_rem_pio2  m_wm.l(rred.o)
    0x08005170   0x00000170   Code   RO         6578    i.__kernel_cos      m_wm.l(cos_i.o)
    0x080052e0   0x000000f8   Code   RO         6642    i.__kernel_poly     m_wm.l(poly.o)
    0x080053d8   0x00000130   Code   RO         6600    i.__kernel_sin      m_wm.l(sin_i.o)
    0x08005508   0x00000014   Code   RO         6582    i.__mathlib_dbl_infnan  m_wm.l(dunder.o)
    0x0800551c   0x00000004   PAD
    0x08005520   0x00000020   Code   RO         6584    i.__mathlib_dbl_invalid  m_wm.l(dunder.o)
    0x08005540   0x00000020   Code   RO         6587    i.__mathlib_dbl_underflow  m_wm.l(dunder.o)
    0x08005560   0x0000000e   Code   RO         6652    i.__scatterload_copy  mc_w.l(handlers.o)
    0x0800556e   0x00000002   Code   RO         6653    i.__scatterload_null  mc_w.l(handlers.o)
    0x08005570   0x0000000e   Code   RO         6654    i.__scatterload_zeroinit  mc_w.l(handlers.o)
    0x0800557e   0x00000002   PAD
    0x08005580   0x0000000c   Code   RO         6628    i.__set_errno       mc_w.l(errno.o)
    0x0800558c   0x00000034   Code   RO          984    i.bufferPush        bsp_data.o
    0x080055c0   0x00000018   Code   RO         6537    i.fabs              m_wm.l(fabs.o)
    0x080055d8   0x0000008c   Code   RO          913    i.get_measure       canbustask.o
    0x08005664   0x00000028   Code   RO            7    i.main              main.o
    0x0800568c   0x0000000e   Code   RO         6150    i.makeFreeRtosPriority  cmsis_os.o
    0x0800569a   0x0000000a   Code   RO         6155    i.osKernelStart     cmsis_os.o
    0x080056a4   0x00000012   Code   RO         6164    i.osMessageCreate   cmsis_os.o
    0x080056b6   0x0000000c   Code   RO         6170    i.osMutexCreate     cmsis_os.o
    0x080056c2   0x00000010   Code   RO         6188    i.osSystickHandler  cmsis_os.o
    0x080056d2   0x00000030   Code   RO         6189    i.osThreadCreate    cmsis_os.o
    0x08005702   0x00000002   PAD
    0x08005704   0x00000098   Code   RO         5849    i.prvAddCurrentTaskToDelayedList  tasks.o
    0x0800579c   0x000000b4   Code   RO         5850    i.prvAddNewTaskToReadyList  tasks.o
    0x08005850   0x00000064   Code   RO         5851    i.prvCheckTasksWaitingTermination  tasks.o
    0x080058b4   0x0000007c   Code   RO         5695    i.prvCopyDataToQueue  queue.o
    0x08005930   0x00000012   Code   RO         5852    i.prvDeleteTCB      tasks.o
    0x08005942   0x00000002   PAD
    0x08005944   0x0000007c   Code   RO         5421    i.prvHeapInit       heap_4.o
    0x080059c0   0x00000028   Code   RO         5853    i.prvIdleTask       tasks.o
    0x080059e8   0x0000001c   Code   RO         5696    i.prvInitialiseMutex  queue.o
    0x08005a04   0x00000026   Code   RO         5697    i.prvInitialiseNewQueue  queue.o
    0x08005a2a   0x000000aa   Code   RO         5854    i.prvInitialiseNewTask  tasks.o
    0x08005ad4   0x00000068   Code   RO         5855    i.prvInitialiseTaskLists  tasks.o
    0x08005b3c   0x00000068   Code   RO         5422    i.prvInsertBlockIntoFreeList  heap_4.o
    0x08005ba4   0x0000001e   Code   RO         5699    i.prvIsQueueFull    queue.o
    0x08005bc2   0x00000002   PAD
    0x08005bc4   0x00000034   Code   RO         5856    i.prvResetNextTaskUnblockTime  tasks.o
    0x08005bf8   0x00000040   Code   RO         5492    i.prvTaskExitError  port.o
    0x08005c38   0x0000007e   Code   RO         5700    i.prvUnlockQueue    queue.o
    0x08005cb6   0x00000002   PAD
    0x08005cb8   0x0000013c   Code   RO         5423    i.pvPortMalloc      heap_4.o
    0x08005df4   0x0000002c   Code   RO         5493    i.pxPortInitialiseStack  port.o
    0x08005e20   0x00000044   Code   RO         1169    i.stick1_change     driver_remote.o
    0x08005e64   0x00000028   Code   RO         5657    i.uxListRemove      list.o
    0x08005e8c   0x0000001a   Code   RO         5658    i.vListInitialise   list.o
    0x08005ea6   0x00000006   Code   RO         5659    i.vListInitialiseItem  list.o
    0x08005eac   0x00000034   Code   RO         5660    i.vListInsert       list.o
    0x08005ee0   0x00000018   Code   RO         5661    i.vListInsertEnd    list.o
    0x08005ef8   0x00000054   Code   RO         5495    i.vPortEnterCritical  port.o
    0x08005f4c   0x0000003c   Code   RO         5496    i.vPortExitCritical  port.o
    0x08005f88   0x00000094   Code   RO         5424    i.vPortFree         heap_4.o
    0x0800601c   0x00000020   Code   RO         5497    i.vPortSetupTimerInterrupt  port.o
    0x0800603c   0x000000d4   Code   RO         5865    i.vTaskDelayUntil   tasks.o
    0x08006110   0x0000000c   Code   RO         5868    i.vTaskMissedYield  tasks.o
    0x0800611c   0x00000038   Code   RO         5870    i.vTaskPlaceOnEventList  tasks.o
    0x08006154   0x00000030   Code   RO         5875    i.vTaskSetTimeOutState  tasks.o
    0x08006184   0x00000088   Code   RO         5876    i.vTaskStartScheduler  tasks.o
    0x0800620c   0x00000010   Code   RO         5878    i.vTaskSuspendAll   tasks.o
    0x0800621c   0x0000008c   Code   RO         5879    i.vTaskSwitchContext  tasks.o
    0x080062a8   0x0000013c   Code   RO         5499    i.xPortStartScheduler  port.o
    0x080063e4   0x00000034   Code   RO         5500    i.xPortSysTickHandler  port.o
    0x08006418   0x00000022   Code   RO         5707    i.xQueueCreateMutex  queue.o
    0x0800643a   0x00000058   Code   RO         5708    i.xQueueGenericCreate  queue.o
    0x08006492   0x00000002   PAD
    0x08006494   0x00000098   Code   RO         5710    i.xQueueGenericReset  queue.o
    0x0800652c   0x000001a8   Code   RO         5711    i.xQueueGenericSend  queue.o
    0x080066d4   0x0000008c   Code   RO         5880    i.xTaskCheckForTimeOut  tasks.o
    0x08006760   0x00000060   Code   RO         5881    i.xTaskCreate       tasks.o
    0x080067c0   0x00000020   Code   RO         5885    i.xTaskGetSchedulerState  tasks.o
    0x080067e0   0x0000000c   Code   RO         5886    i.xTaskGetTickCount  tasks.o
    0x080067ec   0x00000148   Code   RO         5888    i.xTaskIncrementTick  tasks.o
    0x08006934   0x000000c8   Code   RO         5891    i.xTaskPriorityDisinherit  tasks.o
    0x080069fc   0x00000098   Code   RO         5892    i.xTaskRemoveFromEventList  tasks.o
    0x08006a94   0x00000104   Code   RO         5894    i.xTaskResumeAll    tasks.o
    0x08006b98   0x00000058   Data   RO          504    .constdata          freertos.o
    0x08006bf0   0x00000008   Data   RO         4781    .constdata          stm32f4xx_hal_dma.o
    0x08006bf8   0x00000018   Data   RO         5389    .constdata          system_stm32f4xx.o
    0x08006c10   0x00000030   Data   RO         6579    .constdata          m_wm.l(cos_i.o)
    0x08006c40   0x000000c8   Data   RO         6597    .constdata          m_wm.l(rred.o)
    0x08006d08   0x00000028   Data   RO         6601    .constdata          m_wm.l(sin_i.o)
    0x08006d30   0x00000038   Data   RO          505    .conststring        freertos.o
    0x08006d68   0x00000020   Data   RO         6650    Region$$Table       anon$$obj.o


    Execution Region RW_IRAM1 (Base: 0x20000000, Size: 0x000052a0, Max: 0x00030000, ABSOLUTE, COMPRESSED[0x00000054])

    Base Addr    Size         Type   Attr      Idx    E Section Name        Object

    0x20000000   0x00000018   Data   RW          506    .data               freertos.o
    0x20000018   0x0000000c   Data   RW          915    .data               canbustask.o
    0x20000024   0x000001aa   Data   RW         1108    .data               driver_chassis.o
    0x200001ce   0x00000002   PAD
    0x200001d0   0x00000016   Data   RW         1171    .data               driver_remote.o
    0x200001e6   0x00000002   PAD
    0x200001e8   0x000000be   Data   RW         1309    .data               driver_beltraise.o
    0x200002a6   0x00000002   PAD
    0x200002a8   0x00000004   Data   RW         1361    .data               controltask.o
    0x200002ac   0x00000009   Data   RW         5231    .data               stm32f4xx_hal.o
    0x200002b5   0x00000003   PAD
    0x200002b8   0x00000004   Data   RW         5390    .data               system_stm32f4xx.o
    0x200002bc   0x00000018   Data   RW         5429    .data               heap_4.o
    0x200002d4   0x0000000c   Data   RW         5501    .data               port.o
    0x200002e0   0x0000003c   Data   RW         5897    .data               tasks.o
    0x2000031c   0x00000004   Data   RW         6629    .data               mc_w.l(errno.o)
    0x20000320   0x000000b4   Zero   RW          331    .bss                can.o
    0x200003d4   0x0000003c   Zero   RW          638    .bss                tim.o
    0x20000410   0x000001cc   Zero   RW          685    .bss                usart.o
    0x200005dc   0x0000003c   Zero   RW          869    .bss                stm32f4xx_hal_timebase_tim.o
    0x20000618   0x00000078   Zero   RW          914    .bss                canbustask.o
    0x20000690   0x00000af0   Zero   RW          987    .bss                bsp_data.o
    0x20001180   0x00000014   Zero   RW         1107    .bss                driver_chassis.o
    0x20001194   0x00000016   Zero   RW         1170    .bss                driver_remote.o
    0x200011aa   0x00003c00   Zero   RW         5428    .bss                heap_4.o
    0x20004daa   0x00000002   PAD
    0x20004dac   0x000000f0   Zero   RW         5896    .bss                tasks.o
    0x20004e9c   0x00000004   PAD
    0x20004ea0   0x00000400   Zero   RW         1048    STACK               startup_stm32f427xx.o


==============================================================================

Image component sizes


      Code (inc. data)   RO Data    RW Data    ZI Data      Debug   Object Name

       222          0          0          0       2800       3920   bsp_data.o
       328         56          0          0        180       2603   can.o
       612         96          0         12        120       6798   canbustask.o
       118          0          0          0          0      14102   cmsis_os.o
        60          4          0          4          0       1153   controltask.o
       120          6          0          0          0        878   dma.o
       712        112          0        190          0       3758   driver_beltraise.o
      2392        150          0        426         20       7702   driver_chassis.o
       300         20          0         22         22       4962   driver_remote.o
         0          0          0          0          0       8168   event_groups.o
       200         32        144         24          0       2470   freertos.o
       244         14          0          0          0       1075   gpio.o
       692         62          0         24      15360       9083   heap_4.o
       148          0          0          0          0       3798   list.o
       286         26          0          0          0     763491   main.o
       348          6          0          0          0       4678   pid.o
       838         78          0         12          0      11520   port.o
      1044         10          0          0          0       9891   queue.o
        36          8        428          0       1024        836   startup_stm32f427xx.o
        26          0          0          0          0       1103   statusmachine.o
        96         20          0          9          0       3438   stm32f4xx_hal.o
      2166          4          0          0          0      14952   stm32f4xx_hal_can.o
       338         22          0          0          0      31817   stm32f4xx_hal_cortex.o
      1406         16          8          0          0       6691   stm32f4xx_hal_dma.o
       560         54          0          0          0       3097   stm32f4xx_hal_gpio.o
       156          6          0          0          0        974   stm32f4xx_hal_msp.o
      1800         94          0          0          0       6489   stm32f4xx_hal_rcc.o
      1850         88          0          0          0      15353   stm32f4xx_hal_tim.o
       102          0          0          0          0       2490   stm32f4xx_hal_tim_ex.o
       136         12          0          0         60       1612   stm32f4xx_hal_timebase_tim.o
      1460         22          0          0          0       8600   stm32f4xx_hal_uart.o
       312         60          0          0          0       8237   stm32f4xx_it.o
       100         18         24          4          0       1275   system_stm32f4xx.o
      2656        348          0         60        240      23217   tasks.o
       368         46          0          0         60       2516   tim.o
       456         86          0          0        460       2209   usart.o

    ----------------------------------------------------------------------
     22724       1576        636        796      20352     994956   Object Totals
         0          0         32          0          0          0   (incl. Generated)
        36          0          0          9          6          0   (incl. Padding)

    ----------------------------------------------------------------------

      Code (inc. data)   RO Data    RW Data    ZI Data      Debug   Library Member Name

       200         20          0          0          0        164   cos.o
       368         46         48          0          0        200   cos_i.o
        84         16          0          0          0        372   dunder.o
        44          0          0          0          0        248   fabs.o
        48          0          0          0          0        124   fpclassify.o
       248          0          0          0          0        152   poly.o
      1080        142        200          0          0        188   rred.o
       200         20          0          0          0        164   sin.o
       304         24         40          0          0        208   sin_i.o
        86          0          0          0          0          0   __dczerorl2.o
         0          0          0          0          0          0   entry.o
         0          0          0          0          0          0   entry10a.o
         0          0          0          0          0          0   entry11a.o
         8          4          0          0          0          0   entry2.o
         4          0          0          0          0          0   entry5.o
         0          0          0          0          0          0   entry7b.o
         0          0          0          0          0          0   entry8b.o
         8          4          0          0          0          0   entry9a.o
        12          6          0          4          0         68   errno.o
        30          0          0          0          0          0   handlers.o
        36          8          0          0          0         68   init.o
         0          0          0          0          0          0   iusefp.o
        30          0          0          0          0         68   llshl.o
        36          0          0          0          0         68   llsshr.o
        32          0          0          0          0         68   llushr.o
        36          0          0          0          0         68   memcpya.o
        36          0          0          0          0        108   memseta.o
        98          0          0          0          0         92   uldiv.o
        48          0          0          0          0         68   cdrcmple.o
        56          0          0          0          0         88   d2f.o
       334          0          0          0          0        148   dadd.o
       222          0          0          0          0        100   ddiv.o
       186          0          0          0          0        176   depilogue.o
        62          0          0          0          0         80   dfixi.o
        34          0          0          0          0         76   dflti.o
        26          0          0          0          0         76   dfltui.o
       228          0          0          0          0         96   dmul.o
        38          0          0          0          0         68   f2d.o
       110          0          0          0          0        168   fepilogue.o

    ----------------------------------------------------------------------
      4392        290        288          4          0       3572   Library Totals
        20          0          0          0          0          0   (incl. Padding)

    ----------------------------------------------------------------------

      Code (inc. data)   RO Data    RW Data    ZI Data      Debug   Library Name

      2576        268        288          0          0       1820   m_wm.l
       452         22          0          4          0        608   mc_w.l
      1344          0          0          0          0       1144   mf_w.l

    ----------------------------------------------------------------------
      4392        290        288          4          0       3572   Library Totals

    ----------------------------------------------------------------------

==============================================================================


      Code (inc. data)   RO Data    RW Data    ZI Data      Debug   

     27116       1866        924        800      20352     977780   Grand Totals
     27116       1866        924         84      20352     977780   ELF Image Totals (compressed)
     27116       1866        924         84          0          0   ROM Totals

==============================================================================

    Total RO  Size (Code + RO Data)                28040 (  27.38kB)
    Total RW  Size (RW Data + ZI Data)             21152 (  20.66kB)
    Total ROM Size (Code + RO Data + RW Data)      28124 (  27.46kB)

==============================================================================

