<html>
<body>
<pre>
<h1>礦ision Build Log</h1>
<h2>Tool Versions:</h2>
IDE-Version: μVision V5.22.0.0
Copyright (C) 2016 ARM Ltd and ARM Germany GmbH. All rights reserved.
License Information: 111 微软用户, 微软中国, LIC=9WSCX-HFU0W-CWC2K-ZF8U8-PV1YG-FN170
 
Tool Versions:
Toolchain:       MDK-ARM Plus  Version: 5.22
Toolchain Path:  D:\stm32\mdk\ARM\ARMCC\Bin
C Compiler:      Armcc.exe V5.06 update 4 (build 422)
Assembler:       Armasm.exe V5.06 update 4 (build 422)
Linker/Locator:  ArmLink.exe V5.06 update 4 (build 422)
Library Manager: ArmAr.exe V5.06 update 4 (build 422)
Hex Converter:   FromElf.exe V5.06 update 4 (build 422)
CPU DLL:         SARMCM3.DLL V5.22
Dialog DLL:      DCM.DLL V1.13.9.0
Target DLL:      STLink\ST-LINKIII-KEIL_SWO.dll V2.0.18.0
Dialog DLL:      TCM.DLL V1.21.0.0
 
<h2>Project:</h2>
F:\Robomaster\git repertory\XDRM_OMNIKNIGHT\MDK-ARM\XDRM_OMNIKNIGHT.uvprojx
Project File Date:  01/27/2019

<h2>Output:</h2>
*** Using Compiler 'V5.06 update 4 (build 422)', folder: 'D:\stm32\mdk\ARM\ARMCC\Bin'
Build target 'XDRM_OMNIKNIGHT'
compiling StatusMachine.c...
compiling main.c...
compiling stm32f4xx_it.c...
compiling ControlTask.c...
compiling freertos.c...
compiling SuperviseTask.c...
assembling startup_stm32f427xx.s...
compiling Ramp.c...
compiling PID.c...
compiling BSP_Data.c...
compiling DriverLib_Filter.c...
compiling CanBusTask.c...
compiling stm32f4xx_hal_msp.c...
compiling Driver_Beltraise.c...
..\Src\Driver_Beltraise.c(146): warning:  #550-D: variable "RBM_Angle"  was set but never used
  			static int32_t RBM_Angle = 0;
..\Src\Driver_Beltraise.c(252): warning:  #550-D: variable "RBM_Angle"  was set but never used
  			static int32_t RBM_Angle = 0;
..\Src\Driver_Beltraise.c(272): warning:  #550-D: variable "RBM_Angle"  was set but never used
  			static int32_t RBM_Angle = 0;
..\Src\Driver_Beltraise.c(313): warning:  #1035-D: single-precision operand implicitly converted to double-precision
  			Can_Send_BM(RBMSpeedPID.output*1.5,LBMSpeedPID.output*1.5,0,0);//不要在这里output加负号
..\Src\Driver_Beltraise.c(313): warning:  #1035-D: single-precision operand implicitly converted to double-precision
  			Can_Send_BM(RBMSpeedPID.output*1.5,LBMSpeedPID.output*1.5,0,0);//不要在这里output加负号
..\Src\Driver_Beltraise.c: 5 warnings, 0 errors
compiling Driver_Remote.c...
compiling Driver_Chassis.c...
compiling BeepTask.c...
compiling Driver_Sensor.c...
compiling Driver_GuideWheel.c...
compiling Driver_Manipulator.c...
compiling stm32f4xx_hal_timebase_TIM.c...
compiling gpio.c...
compiling adc.c...
compiling crc.c...
compiling dac.c...
compiling can.c...
compiling dma.c...
compiling spi.c...
compiling i2c.c...
compiling tim.c...
compiling system_stm32f4xx.c...
compiling usart.c...
compiling stm32f4xx_hal_adc_ex.c...
compiling stm32f4xx_hal_adc.c...
compiling stm32f4xx_hal_can.c...
compiling stm32f4xx_hal_dac.c...
compiling stm32f4xx_hal_crc.c...
compiling stm32f4xx_hal_dac_ex.c...
compiling stm32f4xx_hal_i2c_ex.c...
compiling stm32f4xx_hal_spi.c...
compiling stm32f4xx_hal_i2c.c...
compiling stm32f4xx_hal_tim_ex.c...
compiling stm32f4xx_hal_uart.c...
compiling stm32f4xx_hal_tim.c...
compiling stm32f4xx_hal_flash.c...
compiling stm32f4xx_hal_rcc.c...
compiling stm32f4xx_hal_rcc_ex.c...
compiling stm32f4xx_hal_flash_ramfunc.c...
compiling stm32f4xx_hal_gpio.c...
compiling stm32f4xx_hal_flash_ex.c...
compiling stm32f4xx_hal_dma.c...
compiling stm32f4xx_hal_dma_ex.c...
compiling stm32f4xx_hal_pwr.c...
compiling stm32f4xx_hal.c...
compiling stm32f4xx_hal_cortex.c...
compiling stm32f4xx_hal_pwr_ex.c...
compiling heap_4.c...
compiling croutine.c...
compiling event_groups.c...
compiling list.c...
compiling port.c...
compiling queue.c...
compiling timers.c...
compiling tasks.c...
compiling cmsis_os.c...
linking...
Program Size: Code=32108 RO-data=892 RW-data=1680 ZI-data=20496  
"XDRM_OMNIKNIGHT\XDRM_OMNIKNIGHT.axf" - 0 Error(s), 5 Warning(s).

<h2>Software Packages used:</h2>

Package Vendor: ARM
                http://www.keil.com/pack/ARM.CMSIS.5.0.0.pack
                ARM::CMSIS:CORE:5.0.0
                CMSIS (Cortex Microcontroller Software Interface Standard)
   * Component: CORE Version: 5.0.0

<h2>Collection of Component include folders:</h2>
  F:\Robomaster\git repertory\XDRM_OMNIKNIGHT\MDK-ARM\RTE\_XDRM_OMNIKNIGHT
  D:\stm32\mdk\ARM\PACK\ARM\CMSIS\5.0.0\CMSIS\Include
  D:\stm32\mdk\ARM\PACK\Keil\STM32F4xx_DFP\2.11.0\Drivers\CMSIS\Device\ST\STM32F4xx\Include

<h2>Collection of Component Files used:</h2>

   * Component: ARM::CMSIS:CORE:5.0.0
Build Time Elapsed:  00:03:14
</pre>
</body>
</html>
