Component: ARM Compiler 5.06 update 4 (build 422) Tool: armlink [4d35d2]

==============================================================================

Section Cross References

    main.o(i.HAL_TIM_PeriodElapsedCallback) refers to stm32f4xx_hal.o(i.HAL_IncTick) for HAL_IncTick
    main.o(i.SystemClock_Config) refers to stm32f4xx_hal_rcc.o(i.HAL_RCC_OscConfig) for HAL_RCC_OscConfig
    main.o(i.SystemClock_Config) refers to main.o(i._Error_Handler) for _Error_Handler
    main.o(i.SystemClock_Config) refers to stm32f4xx_hal_rcc.o(i.HAL_RCC_ClockConfig) for HAL_RCC_ClockConfig
    main.o(i.SystemClock_Config) refers to stm32f4xx_hal_rcc.o(i.HAL_RCC_GetHCLKFreq) for HAL_RCC_GetHCLKFreq
    main.o(i.SystemClock_Config) refers to stm32f4xx_hal_cortex.o(i.HAL_SYSTICK_Config) for HAL_SYSTICK_Config
    main.o(i.SystemClock_Config) refers to stm32f4xx_hal_cortex.o(i.HAL_SYSTICK_CLKSourceConfig) for HAL_SYSTICK_CLKSourceConfig
    main.o(i.SystemClock_Config) refers to stm32f4xx_hal_cortex.o(i.HAL_NVIC_SetPriority) for HAL_NVIC_SetPriority
    main.o(i.main) refers to stm32f4xx_hal.o(i.HAL_Init) for HAL_Init
    main.o(i.main) refers to main.o(i.SystemClock_Config) for SystemClock_Config
    main.o(i.main) refers to bsp.o(i.BSP_Init) for BSP_Init
    main.o(i.main) refers to driver_guidewheel.o(i.MotorInit) for MotorInit
    main.o(i.main) refers to freertos.o(i.MX_FREERTOS_Init) for MX_FREERTOS_Init
    main.o(i.main) refers to cmsis_os.o(i.osKernelStart) for osKernelStart
    statusmachine.o(i.GetInputMode) refers to driver_remote.o(.data) for InputMode
    statusmachine.o(i.GetWorkState) refers to statusmachine.o(.data) for WorkState
    statusmachine.o(i.Input_Mode_Select) refers to driver_remote.o(.bss) for RC_CtrlData
    statusmachine.o(i.Input_Mode_Select) refers to driver_remote.o(.data) for InputMode
    statusmachine.o(i.SetWorkState) refers to statusmachine.o(.data) for WorkState
    statusmachine.o(i.StatusMachine) refers to tasks.o(i.xTaskGetTickCount) for xTaskGetTickCount
    statusmachine.o(i.StatusMachine) refers to statusmachine.o(i.StatusMachine_Update) for StatusMachine_Update
    statusmachine.o(i.StatusMachine) refers to tasks.o(i.vTaskDelayUntil) for vTaskDelayUntil
    statusmachine.o(i.StatusMachine_Init) refers to statusmachine.o(.data) for WorkState
    statusmachine.o(i.StatusMachine_Update) refers to statusmachine.o(i.Input_Mode_Select) for Input_Mode_Select
    statusmachine.o(i.StatusMachine_Update) refers to statusmachine.o(i.WorkStateFSM) for WorkStateFSM
    statusmachine.o(i.WorkStateFSM) refers to supervisetask.o(i.Is_Lost_Error_Set) for Is_Lost_Error_Set
    statusmachine.o(i.WorkStateFSM) refers to statusmachine.o(i.WorkStateSwitchProcess) for WorkStateSwitchProcess
    statusmachine.o(i.WorkStateFSM) refers to statusmachine.o(.data) for WorkState
    statusmachine.o(i.WorkStateFSM) refers to driver_remote.o(.data) for InputMode
    statusmachine.o(i.WorkStateFSM) refers to controltask.o(.data) for time_tick_1ms
    statusmachine.o(i.WorkStateSwitchProcess) refers to controltask.o(i.ControlLoopTaskInit) for ControlLoopTaskInit
    statusmachine.o(i.WorkStateSwitchProcess) refers to driver_remote.o(i.RemoteTaskInit) for RemoteTaskInit
    statusmachine.o(i.WorkStateSwitchProcess) refers to statusmachine.o(.data) for LastWorkState
    stm32f4xx_it.o(i.CAN1_RX0_IRQHandler) refers to stm32f4xx_hal_can.o(i.HAL_CAN_IRQHandler) for HAL_CAN_IRQHandler
    stm32f4xx_it.o(i.CAN1_RX0_IRQHandler) refers to bsp_can.o(.bss) for hcan1
    stm32f4xx_it.o(i.CAN1_TX_IRQHandler) refers to stm32f4xx_hal_can.o(i.HAL_CAN_IRQHandler) for HAL_CAN_IRQHandler
    stm32f4xx_it.o(i.CAN1_TX_IRQHandler) refers to bsp_can.o(.bss) for hcan1
    stm32f4xx_it.o(i.DMA1_Stream5_IRQHandler) refers to stm32f4xx_hal_dma.o(i.HAL_DMA_IRQHandler) for HAL_DMA_IRQHandler
    stm32f4xx_it.o(i.DMA1_Stream5_IRQHandler) refers to bsp_usart.o(.bss) for hdma_usart2_rx
    stm32f4xx_it.o(i.DMA2_Stream2_IRQHandler) refers to stm32f4xx_hal_dma.o(i.HAL_DMA_IRQHandler) for HAL_DMA_IRQHandler
    stm32f4xx_it.o(i.DMA2_Stream2_IRQHandler) refers to bsp_usart.o(.bss) for hdma_usart1_rx
    stm32f4xx_it.o(i.EXTI4_IRQHandler) refers to stm32f4xx_hal_gpio.o(i.HAL_GPIO_EXTI_IRQHandler) for HAL_GPIO_EXTI_IRQHandler
    stm32f4xx_it.o(i.EXTI4_IRQHandler) refers to stm32f4xx_it.o(.data) for count1
    stm32f4xx_it.o(i.EXTI9_5_IRQHandler) refers to stm32f4xx_hal_gpio.o(i.HAL_GPIO_EXTI_IRQHandler) for HAL_GPIO_EXTI_IRQHandler
    stm32f4xx_it.o(i.EXTI9_5_IRQHandler) refers to stm32f4xx_it.o(.data) for count2
    stm32f4xx_it.o(i.SysTick_Handler) refers to cmsis_os.o(i.osSystickHandler) for osSystickHandler
    stm32f4xx_it.o(i.TIM2_IRQHandler) refers to stm32f4xx_hal_tim.o(i.HAL_TIM_IRQHandler) for HAL_TIM_IRQHandler
    stm32f4xx_it.o(i.TIM2_IRQHandler) refers to stm32f4xx_hal_timebase_tim.o(.bss) for htim2
    stm32f4xx_it.o(i.USART1_IRQHandler) refers to stm32f4xx_hal_uart.o(i.HAL_UART_AbortReceive) for HAL_UART_AbortReceive
[...]
    .data                                    0x20000606   Section        4  driver_sensor.o(.data)
    .data                                    0x2000060c   Section       16  driver_manipulator.o(.data)
    sw_count                                 0x20000618   Data           4  driver_manipulator.o(.data)
    .data                                    0x2000061c   Section        4  system_stm32f4xx.o(.data)
    .data                                    0x20000620   Section        9  stm32f4xx_hal.o(.data)
    .data                                    0x2000062c   Section       24  heap_4.o(.data)
    xStart                                   0x2000062c   Data           8  heap_4.o(.data)
    pxEnd                                    0x20000634   Data           4  heap_4.o(.data)
    xFreeBytesRemaining                      0x20000638   Data           4  heap_4.o(.data)
    xMinimumEverFreeBytesRemaining           0x2000063c   Data           4  heap_4.o(.data)
    xBlockAllocatedBit                       0x20000640   Data           4  heap_4.o(.data)
    .data                                    0x20000644   Section       12  port.o(.data)
    uxCriticalNesting                        0x20000644   Data           4  port.o(.data)
    ucMaxSysCallPriority                     0x20000648   Data           1  port.o(.data)
    ulMaxPRIGROUPValue                       0x2000064c   Data           4  port.o(.data)
    .data                                    0x20000650   Section       60  tasks.o(.data)
    pxDelayedTaskList                        0x20000654   Data           4  tasks.o(.data)
    pxOverflowDelayedTaskList                0x20000658   Data           4  tasks.o(.data)
    uxDeletedTasksWaitingCleanUp             0x2000065c   Data           4  tasks.o(.data)
    uxCurrentNumberOfTasks                   0x20000660   Data           4  tasks.o(.data)
    xTickCount                               0x20000664   Data           4  tasks.o(.data)
    uxTopReadyPriority                       0x20000668   Data           4  tasks.o(.data)
    xSchedulerRunning                        0x2000066c   Data           4  tasks.o(.data)
    uxPendedTicks                            0x20000670   Data           4  tasks.o(.data)
    xYieldPending                            0x20000674   Data           4  tasks.o(.data)
    xNumOfOverflows                          0x20000678   Data           4  tasks.o(.data)
    uxTaskNumber                             0x2000067c   Data           4  tasks.o(.data)
    xNextTaskUnblockTime                     0x20000680   Data           4  tasks.o(.data)
    xIdleTaskHandle                          0x20000684   Data           4  tasks.o(.data)
    uxSchedulerSuspended                     0x20000688   Data           4  tasks.o(.data)
    .data                                    0x2000068c   Section        4  errno.o(.data)
    _errno                                   0x2000068c   Data           4  errno.o(.data)
    .bss                                     0x20000690   Section     2800  bsp_data.o(.bss)
    .bss                                     0x20001180   Section      208  canbustask.o(.bss)
    .bss                                     0x20001250   Section       20  driver_chassis.o(.bss)
    .bss                                     0x20001264   Section       22  driver_remote.o(.bss)
    .bss                                     0x2000127c   Section      180  bsp_can.o(.bss)
    .bss                                     0x20001330   Section       88  bsp_spi.o(.bss)
    .bss                                     0x20001388   Section      120  bsp_tim.o(.bss)
    .bss                                     0x20001400   Section      460  bsp_usart.o(.bss)
    .bss                                     0x200015cc   Section       60  stm32f4xx_hal_timebase_tim.o(.bss)
    .bss                                     0x20001608   Section    15360  heap_4.o(.bss)
    ucHeap                                   0x20001608   Data       15360  heap_4.o(.bss)
    .bss                                     0x20005208   Section      240  tasks.o(.bss)
    pxReadyTasksLists                        0x20005208   Data         140  tasks.o(.bss)
    xDelayedTaskList1                        0x20005294   Data          20  tasks.o(.bss)
    xDelayedTaskList2                        0x200052a8   Data          20  tasks.o(.bss)
    xPendingReadyList                        0x200052bc   Data          20  tasks.o(.bss)
    xTasksWaitingTermination                 0x200052d0   Data          20  tasks.o(.bss)
    xSuspendedTaskList                       0x200052e4   Data          20  tasks.o(.bss)
    STACK                                    0x200052f8   Section     1024  startup_stm32f427xx.o(STACK)

    Global Symbols

    Symbol Name                              Value     Ov Type        Size  Object(Section)

    BuildAttributes$$THM_ISAv4$E$P$D$K$B$S$7EM$VFPi3$EXTD16$VFPS$VFMA$PE$A:L22UL41UL21$X:L11$S22US41US21$IEEE1$IW$USESV6$~STKCKD$USESV7$~SHL$OTIME$ROPI$IEEEX$EBA8$MICROLIB$REQ8$PRES8$EABIv2 0x00000000   Number         0  anon$$obj.o ABSOLUTE
    __ARM_use_no_argv                        0x00000000   Number         0  main.o ABSOLUTE
    __cpp_initialize__aeabi_                  - Undefined Weak Reference
    __cxa_finalize                            - Undefined Weak Reference
    _clock_init                               - Undefined Weak Reference
    _microlib_exit                            - Undefined Weak Reference
    __Vectors_Size                           0x000001ac   Number         0  startup_stm32f427xx.o ABSOLUTE
    __Vectors                                0x08000000   Data           4  startup_stm32f427xx.o(RESET)
    __Vectors_End                            0x080001ac   Data           0  startup_stm32f427xx.o(RESET)
    __main                                   0x080001ad   Thumb Code     0  entry.o(.ARM.Collect$$$$00000000)
    _main_stk                                0x080001ad   Thumb Code     0  entry2.o(.ARM.Collect$$$$00000001)
    _main_scatterload                        0x080001b1   Thumb Code     0  entry5.o(.ARM.Collect$$$$00000004)
    __main_after_scatterload                 0x080001b5   Thumb Code     0  entry5.o(.ARM.Collect$$$$00000004)
    _main_clock                              0x080001b5   Thumb Code     0  entry7b.o(.ARM.Collect$$$$00000008)
    _main_cpp_init                           0x080001b5   Thumb Code     0  entry8b.o(.ARM.Collect$$$$0000000A)
    _main_init                               0x080001b5   Thumb Code     0  entry9a.o(.ARM.Collect$$$$0000000B)
    __rt_final_cpp                           0x080001bd   Thumb Code     0  entry10a.o(.ARM.Collect$$$$0000000D)
    __rt_final_exit                          0x080001bd   Thumb Code     0  entry11a.o(.ARM.Collect$$$$0000000F)
    SVC_Handler                              0x080001c1   Thumb Code    28  port.o(.emb_text)
    __asm___6_port_c_39a90d8d__prvStartFirstTask 0x080001e1   Thumb Code    28  port.o(.emb_text)
    __asm___6_port_c_39a90d8d__prvEnableVFP  0x08000201   Thumb Code    16  port.o(.emb_text)
    PendSV_Handler                           0x08000215   Thumb Code    92  port.o(.emb_text)
    vPortGetIPSR                             0x08000275   Thumb Code     6  port.o(.emb_text)
    Reset_Handler                            0x0800027d   Thumb Code     8  startup_stm32f427xx.o(.text)
    ADC_IRQHandler                           0x08000297   Thumb Code     0  startup_stm32f427xx.o(.text)
    CAN1_RX1_IRQHandler                      0x08000297   Thumb Code     0  startup_stm32f427xx.o(.text)
    CAN1_SCE_IRQHandler                      0x08000297   Thumb Code     0  startup_stm32f427xx.o(.text)
    CAN2_RX0_IRQHandler                      0x08000297   Thumb Code     0  startup_stm32f427xx.o(.text)
    CAN2_RX1_IRQHandler                      0x08000297   Thumb Code     0  startup_stm32f427xx.o(.text)
    CAN2_SCE_IRQHandler                      0x08000297   Thumb Code     0  startup_stm32f427xx.o(.text)
    CAN2_TX_IRQHandler                       0x08000297   Thumb Code     0  startup_stm32f427xx.o(.text)
    DCMI_IRQHandler                          0x08000297   Thumb Code     0  startup_stm32f427xx.o(.text)
    DMA1_Stream0_IRQHandler                  0x08000297   Thumb Code     0  startup_stm32f427xx.o(.text)
    DMA1_Stream1_IRQHandler                  0x08000297   Thumb Code     0  startup_stm32f427xx.o(.text)
    DMA1_Stream2_IRQHandler                  0x08000297   Thumb Code     0  startup_stm32f427xx.o(.text)
    DMA1_Stream3_IRQHandler                  0x08000297   Thumb Code     0  startup_stm32f427xx.o(.text)
    DMA1_Stream4_IRQHandler                  0x08000297   Thumb Code     0  startup_stm32f427xx.o(.text)
    DMA1_Stream6_IRQHandler                  0x08000297   Thumb Code     0  startup_stm32f427xx.o(.text)
    DMA1_Stream7_IRQHandler                  0x08000297   Thumb Code     0  startup_stm32f427xx.o(.text)
    DMA2D_IRQHandler                         0x08000297   Thumb Code     0  startup_stm32f427xx.o(.text)
    DMA2_Stream0_IRQHandler                  0x08000297   Thumb Code     0  startup_stm32f427xx.o(.text)
    DMA2_Stream1_IRQHandler                  0x08000297   Thumb Code     0  startup_stm32f427xx.o(.text)
    DMA2_Stream3_IRQHandler                  0x08000297   Thumb Code     0  startup_stm32f427xx.o(.text)
    DMA2_Stream4_IRQHandler                  0x08000297   Thumb Code     0  startup_stm32f427xx.o(.text)
    DMA2_Stream5_IRQHandler                  0x08000297   Thumb Code     0  startup_stm32f427xx.o(.text)
    DMA2_Stream6_IRQHandler                  0x08000297   Thumb Code     0  startup_stm32f427xx.o(.text)
    DMA2_Stream7_IRQHandler                  0x08000297   Thumb Code     0  startup_stm32f427xx.o(.text)
    ETH_IRQHandler                           0x08000297   Thumb Code     0  startup_stm32f427xx.o(.text)
    ETH_WKUP_IRQHandler                      0x08000297   Thumb Code     0  startup_stm32f427xx.o(.text)
    EXTI0_IRQHandler                         0x08000297   Thumb Code     0  startup_stm32f427xx.o(.text)
    EXTI15_10_IRQHandler                     0x08000297   Thumb Code     0  startup_stm32f427xx.o(.text)
    EXTI1_IRQHandler                         0x08000297   Thumb Code     0  startup_stm32f427xx.o(.text)
    EXTI2_IRQHandler                         0x08000297   Thumb Code     0  startup_stm32f427xx.o(.text)
    EXTI3_IRQHandler                         0x08000297   Thumb Code     0  startup_stm32f427xx.o(.text)
    FLASH_IRQHandler                         0x08000297   Thumb Code     0  startup_stm32f427xx.o(.text)
    FMC_IRQHandler                           0x08000297   Thumb Code     0  startup_stm32f427xx.o(.text)
    FPU_IRQHandler                           0x08000297   Thumb Code     0  startup_stm32f427xx.o(.text)
    HASH_RNG_IRQHandler                      0x08000297   Thumb Code     0  startup_stm32f427xx.o(.text)
    I2C1_ER_IRQHandler                       0x08000297   Thumb Code     0  startup_stm32f427xx.o(.text)
    I2C1_EV_IRQHandler                       0x08000297   Thumb Code     0  startup_stm32f427xx.o(.text)
    I2C2_ER_IRQHandler                       0x08000297   Thumb Code     0  startup_stm32f427xx.o(.text)
    I2C2_EV_IRQHandler                       0x08000297   Thumb Code     0  startup_stm32f427xx.o(.text)
    I2C3_ER_IRQHandler                       0x08000297   Thumb Code     0  startup_stm32f427xx.o(.text)
    I2C3_EV_IRQHandler                       0x08000297   Thumb Code     0  startup_stm32f427xx.o(.text)
    OTG_FS_IRQHandler                        0x08000297   Thumb Code     0  startup_stm32f427xx.o(.text)
    OTG_FS_WKUP_IRQHandler                   0x08000297   Thumb Code     0  startup_stm32f427xx.o(.text)
    OTG_HS_EP1_IN_IRQHandler                 0x08000297   Thumb Code     0  startup_stm32f427xx.o(.text)
    OTG_HS_EP1_OUT_IRQHandler                0x08000297   Thumb Code     0  startup_stm32f427xx.o(.text)
    OTG_HS_IRQHandler                        0x08000297   Thumb Code     0  startup_stm32f427xx.o(.text)
    OTG_HS_WKUP_IRQHandler                   0x08000297   Thumb Code     0  startup_stm32f427xx.o(.text)
    PVD_IRQHandler                           0x08000297   Thumb Code     0  startup_stm32f427xx.o(.text)
    RCC_IRQHandler                           0x08000297   Thumb Code     0  startup_stm32f427xx.o(.text)
    RTC_Alarm_IRQHandler                     0x08000297   Thumb Code     0  startup_stm32f427xx.o(.text)
    RTC_WKUP_IRQHandler                      0x08000297   Thumb Code     0  startup_stm32f427xx.o(.text)
    SAI1_IRQHandler                          0x08000297   Thumb Code     0  startup_stm32f427xx.o(.text)
    SDIO_IRQHandler                          0x08000297   Thumb Code     0  startup_stm32f427xx.o(.text)
    SPI1_IRQHandler                          0x08000297   Thumb Code     0  startup_stm32f427xx.o(.text)
    SPI2_IRQHandler                          0x08000297   Thumb Code     0  startup_stm32f427xx.o(.text)
    SPI3_IRQHandler                          0x08000297   Thumb Code     0  startup_stm32f427xx.o(.text)
    SPI4_IRQHandler                          0x08000297   Thumb Code     0  startup_stm32f427xx.o(.text)
    SPI5_IRQHandler                          0x08000297   Thumb Code     0  startup_stm32f427xx.o(.text)
    SPI6_IRQHandler                          0x08000297   Thumb Code     0  startup_stm32f427xx.o(.text)
    TAMP_STAMP_IRQHandler                    0x08000297   Thumb Code     0  startup_stm32f427xx.o(.text)
    TIM1_BRK_TIM9_IRQHandler                 0x08000297   Thumb Code     0  startup_stm32f427xx.o(.text)
    TIM1_CC_IRQHandler                       0x08000297   Thumb Code     0  startup_stm32f427xx.o(.text)
    TIM1_TRG_COM_TIM11_IRQHandler            0x08000297   Thumb Code     0  startup_stm32f427xx.o(.text)
    TIM1_UP_TIM10_IRQHandler                 0x08000297   Thumb Code     0  startup_stm32f427xx.o(.text)
    TIM3_IRQHandler                          0x08000297   Thumb Code     0  startup_stm32f427xx.o(.text)
    TIM4_IRQHandler                          0x08000297   Thumb Code     0  startup_stm32f427xx.o(.text)
    TIM5_IRQHandler                          0x08000297   Thumb Code     0  startup_stm32f427xx.o(.text)
    TIM6_DAC_IRQHandler                      0x08000297   Thumb Code     0  startup_stm32f427xx.o(.text)
    TIM7_IRQHandler                          0x08000297   Thumb Code     0  startup_stm32f427xx.o(.text)
    TIM8_BRK_TIM12_IRQHandler                0x08000297   Thumb Code     0  startup_stm32f427xx.o(.text)
    TIM8_CC_IRQHandler                       0x08000297   Thumb Code     0  startup_stm32f427xx.o(.text)
    TIM8_TRG_COM_TIM14_IRQHandler            0x08000297   Thumb Code     0  startup_stm32f427xx.o(.text)
    TIM8_UP_TIM13_IRQHandler                 0x08000297   Thumb Code     0  startup_stm32f427xx.o(.text)
    UART4_IRQHandler                         0x08000297   Thumb Code     0  startup_stm32f427xx.o(.text)
    UART5_IRQHandler                         0x08000297   Thumb Code     0  startup_stm32f427xx.o(.text)
    UART7_IRQHandler                         0x08000297   Thumb Code     0  startup_stm32f427xx.o(.text)
    UART8_IRQHandler                         0x08000297   Thumb Code     0  startup_stm32f427xx.o(.text)
    USART3_IRQHandler                        0x08000297   Thumb Code     0  startup_stm32f427xx.o(.text)
    USART6_IRQHandler                        0x08000297   Thumb Code     0  startup_stm32f427xx.o(.text)
    WWDG_IRQHandler                          0x08000297   Thumb Code     0  startup_stm32f427xx.o(.text)
    __aeabi_uldivmod                         0x080002a1   Thumb Code    98  uldiv.o(.text)
    __aeabi_memcpy                           0x08000303   Thumb Code    36  memcpya.o(.text)
    __aeabi_memcpy4                          0x08000303   Thumb Code     0  memcpya.o(.text)
    __aeabi_memcpy8                          0x08000303   Thumb Code     0  memcpya.o(.text)
    __aeabi_memset                           0x08000327   Thumb Code    14  memseta.o(.text)
    __aeabi_memset4                          0x08000327   Thumb Code     0  memseta.o(.text)
    __aeabi_memset8                          0x08000327   Thumb Code     0  memseta.o(.text)
    __aeabi_memclr                           0x08000335   Thumb Code     4  memseta.o(.text)
    __aeabi_memclr4                          0x08000335   Thumb Code     0  memseta.o(.text)
    __aeabi_memclr8                          0x08000335   Thumb Code     0  memseta.o(.text)
    _memset$wrapper                          0x08000339   Thumb Code    18  memseta.o(.text)
    __aeabi_dadd                             0x0800034b   Thumb Code   322  dadd.o(.text)
    __aeabi_dsub                             0x0800048d   Thumb Code     6  dadd.o(.text)
    __aeabi_drsub                            0x08000493   Thumb Code     6  dadd.o(.text)
    __aeabi_dmul                             0x08000499   Thumb Code   228  dmul.o(.text)
    __aeabi_ddiv                             0x0800057d   Thumb Code   222  ddiv.o(.text)
    __aeabi_i2d                              0x0800065b   Thumb Code    34  dflti.o(.text)
    __aeabi_d2iz                             0x0800067d   Thumb Code    62  dfixi.o(.text)
    __aeabi_d2uiz                            0x080006bb   Thumb Code    50  dfixui.o(.text)
    __aeabi_f2d                              0x080006ed   Thumb Code    38  f2d.o(.text)
    __aeabi_cdrcmple                         0x08000715   Thumb Code    48  cdrcmple.o(.text)
    __aeabi_d2f                              0x08000745   Thumb Code    56  d2f.o(.text)
    __aeabi_llsl                             0x0800077d   Thumb Code    30  llshl.o(.text)
    _ll_shift_l                              0x0800077d   Thumb Code     0  llshl.o(.text)
    __aeabi_llsr                             0x0800079b   Thumb Code    32  llushr.o(.text)
    _ll_ushift_r                             0x0800079b   Thumb Code     0  llushr.o(.text)
    __aeabi_lasr                             0x080007bb   Thumb Code    36  llsshr.o(.text)
    _ll_sshift_r                             0x080007bb   Thumb Code     0  llsshr.o(.text)
    __I$use$fp                               0x080007df   Thumb Code     0  iusefp.o(.text)
    _float_round                             0x080007df   Thumb Code    18  fepilogue.o(.text)
    _float_epilogue                          0x080007f1   Thumb Code    92  fepilogue.o(.text)
    _double_round                            0x0800084d   Thumb Code    30  depilogue.o(.text)
    _double_epilogue                         0x0800086b   Thumb Code   156  depilogue.o(.text)
    __scatterload                            0x08000909   Thumb Code    28  init.o(.text)
    __scatterload_rt2                        0x08000909   Thumb Code     0  init.o(.text)
    __aeabi_ui2d                             0x0800092d   Thumb Code    26  dfltui.o(.text)
    __decompress                             0x08000947   Thumb Code     0  __dczerorl2.o(.text)
    __decompress1                            0x08000947   Thumb Code    86  __dczerorl2.o(.text)
    ARM_Calc_Output                          0x0800099d   Thumb Code   102  driver_manipulator.o(i.ARM_Calc_Output)
    ARM_Electric_Operate                     0x08000a1d   Thumb Code    20  driver_manipulator.o(i.ARM_Electric_Operate)
    ARM_Gas_Operate                          0x08000a31   Thumb Code   138  driver_manipulator.o(i.ARM_Gas_Operate)
    ARM_Get_AngleRef                         0x08000ad1   Thumb Code   206  driver_manipulator.o(i.ARM_Get_AngleRef)
    ARM_Get_PID                              0x08000bc5   Thumb Code    34  driver_manipulator.o(i.ARM_Get_PID)
    ARM_Set_Current                          0x08000bf5   Thumb Code    22  driver_manipulator.o(i.ARM_Set_Current)
    BM_Calc_Output                           0x08000c19   Thumb Code   256  driver_beltraise.o(i.BM_Calc_Output)
    BM_Get_PID                               0x08000d41   Thumb Code    78  driver_beltraise.o(i.BM_Get_PID)
    BM_Get_SpeedRef                          0x08000da1   Thumb Code   944  driver_beltraise.o(i.BM_Get_SpeedRef)
    BM_Set_Current                           0x080011ad   Thumb Code   118  driver_beltraise.o(i.BM_Set_Current)
    BSP_Init                                 0x08001239   Thumb Code    32  bsp.o(i.BSP_Init)
    Belt_Control                             0x08001259   Thumb Code    20  driver_beltraise.o(i.Belt_Control)
    BusFault_Handler                         0x0800126d   Thumb Code     4  stm32f4xx_it.o(i.BusFault_Handler)
    CAN1_RX0_IRQHandler                      0x08001271   Thumb Code    10  stm32f4xx_it.o(i.CAN1_RX0_IRQHandler)
    CAN1_TX_IRQHandler                       0x08001281   Thumb Code    10  stm32f4xx_it.o(i.CAN1_TX_IRQHandler)
    CAN_bufferPop                            0x08001291   Thumb Code    78  bsp_data.o(i.CAN_bufferPop)
    CAN_bufferPush                           0x080012df   Thumb Code    68  bsp_data.o(i.CAN_bufferPush)
    CAN_bufferlen                            0x08001323   Thumb Code    24  bsp_data.o(i.CAN_bufferlen)
    CM_Calc_Output                           0x0800133d   Thumb Code   500  driver_chassis.o(i.CM_Calc_Output)
    CM_Get_PID                               0x08001569   Thumb Code   134  driver_chassis.o(i.CM_Get_PID)
    CM_Get_SpeedRef                          0x0800160d   Thumb Code   604  driver_chassis.o(i.CM_Get_SpeedRef)
    CM_Set_Current                           0x080018a5   Thumb Code   134  driver_chassis.o(i.CM_Set_Current)
    Can_Msg_Process                          0x08001d45   Thumb Code   216  canbustask.o(i.Can_Msg_Process)
    Can_Send                                 0x08001e59   Thumb Code    54  canbustask.o(i.Can_Send)
    Can_Send_BM                              0x08001ea5   Thumb Code   110  canbustask.o(i.Can_Send_BM)
    Can_Send_CM                              0x08001f21   Thumb Code    72  canbustask.o(i.Can_Send_CM)
    Can_Send_Task                            0x08001f71   Thumb Code    24  canbustask.o(i.Can_Send_Task)
    Chassis_Control                          0x08001f89   Thumb Code    20  driver_chassis.o(i.Chassis_Control)
    ControlLoopTaskInit                      0x08001f9d   Thumb Code    14  controltask.o(i.ControlLoopTaskInit)
    ControlTask                              0x08001fb1   Thumb Code    44  controltask.o(i.ControlTask)
    DMA1_Stream5_IRQHandler                  0x08001fe1   Thumb Code    10  stm32f4xx_it.o(i.DMA1_Stream5_IRQHandler)
    DMA2_Stream2_IRQHandler                  0x08001ff1   Thumb Code    10  stm32f4xx_it.o(i.DMA2_Stream2_IRQHandler)
    DebugMon_Handler                         0x0800210b   Thumb Code     2  stm32f4xx_it.o(i.DebugMon_Handler)
    Drivers_Control_Task                     0x0800210d   Thumb Code    28  controltask.o(i.Drivers_Control_Task)
    EXTI4_IRQHandler                         0x08002129   Thumb Code    20  stm32f4xx_it.o(i.EXTI4_IRQHandler)
    EXTI9_5_IRQHandler                       0x08002141   Thumb Code    20  stm32f4xx_it.o(i.EXTI9_5_IRQHandler)
    EncoderProcess                           0x08002159   Thumb Code   200  canbustask.o(i.EncoderProcess)
    GuideWheel_Control                       0x08002229   Thumb Code     8  driver_guidewheel.o(i.GuideWheel_Control)
    HAL_CAN_ActivateNotification             0x08002231   Thumb Code    44  stm32f4xx_hal_can.o(i.HAL_CAN_ActivateNotification)
    HAL_CAN_AddTxMessage                     0x0800225d   Thumb Code   298  stm32f4xx_hal_can.o(i.HAL_CAN_AddTxMessage)
    HAL_CAN_ConfigFilter                     0x08002389   Thumb Code   288  stm32f4xx_hal_can.o(i.HAL_CAN_ConfigFilter)
    HAL_CAN_ErrorCallback                    0x080024ad   Thumb Code     2  stm32f4xx_hal_can.o(i.HAL_CAN_ErrorCallback)
    HAL_CAN_GetRxMessage                     0x080024af   Thumb Code   392  stm32f4xx_hal_can.o(i.HAL_CAN_GetRxMessage)
    HAL_CAN_GetTxMailboxesFreeLevel          0x08002637   Thumb Code    58  stm32f4xx_hal_can.o(i.HAL_CAN_GetTxMailboxesFreeLevel)
    HAL_CAN_IRQHandler                       0x08002671   Thumb Code   590  stm32f4xx_hal_can.o(i.HAL_CAN_IRQHandler)
    HAL_CAN_Init                             0x080028bf   Thumb Code   374  stm32f4xx_hal_can.o(i.HAL_CAN_Init)
    HAL_CAN_MspInit                          0x08002a35   Thumb Code    78  bsp_can.o(i.HAL_CAN_MspInit)
    HAL_CAN_RxFifo0FullCallback              0x08002a91   Thumb Code     2  stm32f4xx_hal_can.o(i.HAL_CAN_RxFifo0FullCallback)
    HAL_CAN_RxFifo0MsgPendingCallback        0x08002a95   Thumb Code    24  canbustask.o(i.HAL_CAN_RxFifo0MsgPendingCallback)
    HAL_CAN_RxFifo1FullCallback              0x08002ab5   Thumb Code     2  stm32f4xx_hal_can.o(i.HAL_CAN_RxFifo1FullCallback)
    HAL_CAN_RxFifo1MsgPendingCallback        0x08002ab7   Thumb Code     2  stm32f4xx_hal_can.o(i.HAL_CAN_RxFifo1MsgPendingCallback)
    HAL_CAN_SleepCallback                    0x08002ab9   Thumb Code     2  stm32f4xx_hal_can.o(i.HAL_CAN_SleepCallback)
    HAL_CAN_Start                            0x08002abb   Thumb Code    96  stm32f4xx_hal_can.o(i.HAL_CAN_Start)
    HAL_CAN_TxMailbox0AbortCallback          0x08002b1b   Thumb Code     2  stm32f4xx_hal_can.o(i.HAL_CAN_TxMailbox0AbortCallback)
    HAL_CAN_TxMailbox0CompleteCallback       0x08002b1d   Thumb Code    40  canbustask.o(i.HAL_CAN_TxMailbox0CompleteCallback)
    HAL_CAN_TxMailbox1AbortCallback          0x08002b51   Thumb Code     2  stm32f4xx_hal_can.o(i.HAL_CAN_TxMailbox1AbortCallback)
    HAL_CAN_TxMailbox1CompleteCallback       0x08002b53   Thumb Code     2  stm32f4xx_hal_can.o(i.HAL_CAN_TxMailbox1CompleteCallback)
    HAL_CAN_TxMailbox2AbortCallback          0x08002b55   Thumb Code     2  stm32f4xx_hal_can.o(i.HAL_CAN_TxMailbox2AbortCallback)
    HAL_CAN_TxMailbox2CompleteCallback       0x08002b57   Thumb Code     2  stm32f4xx_hal_can.o(i.HAL_CAN_TxMailbox2CompleteCallback)
    HAL_CAN_WakeUpFromRxMsgCallback          0x08002b59   Thumb Code     2  stm32f4xx_hal_can.o(i.HAL_CAN_WakeUpFromRxMsgCallback)
    HAL_DMA_Abort                            0x08002b5b   Thumb Code   170  stm32f4xx_hal_dma.o(i.HAL_DMA_Abort)
    HAL_DMA_IRQHandler                       0x08002c05   Thumb Code   570  stm32f4xx_hal_dma.o(i.HAL_DMA_IRQHandler)
    HAL_DMA_Init                             0x08002e45   Thumb Code   232  stm32f4xx_hal_dma.o(i.HAL_DMA_Init)
    HAL_DMA_Start_IT                         0x08002f31   Thumb Code   158  stm32f4xx_hal_dma.o(i.HAL_DMA_Start_IT)
    HAL_GPIO_EXTI_Callback                   0x08002fcf   Thumb Code     2  stm32f4xx_hal_gpio.o(i.HAL_GPIO_EXTI_Callback)
    HAL_GPIO_EXTI_IRQHandler                 0x08002fd1   Thumb Code    24  stm32f4xx_hal_gpio.o(i.HAL_GPIO_EXTI_IRQHandler)
    HAL_GPIO_Init                            0x08002fed   Thumb Code   486  stm32f4xx_hal_gpio.o(i.HAL_GPIO_Init)
    HAL_GPIO_ReadPin                         0x08003209   Thumb Code    16  stm32f4xx_hal_gpio.o(i.HAL_GPIO_ReadPin)
    HAL_GPIO_TogglePin                       0x08003219   Thumb Code     8  stm32f4xx_hal_gpio.o(i.HAL_GPIO_TogglePin)
    HAL_GPIO_WritePin                        0x08003221   Thumb Code    12  stm32f4xx_hal_gpio.o(i.HAL_GPIO_WritePin)
    HAL_GetTick                              0x0800322d   Thumb Code     6  stm32f4xx_hal.o(i.HAL_GetTick)
    HAL_IncTick                              0x08003239   Thumb Code    16  stm32f4xx_hal.o(i.HAL_IncTick)
    HAL_Init                                 0x08003251   Thumb Code    54  stm32f4xx_hal.o(i.HAL_Init)
    HAL_InitTick                             0x0800328d   Thumb Code   124  stm32f4xx_hal_timebase_tim.o(i.HAL_InitTick)
    HAL_MspInit                              0x08003315   Thumb Code   150  stm32f4xx_hal_msp.o(i.HAL_MspInit)
    HAL_NVIC_EnableIRQ                       0x080033b1   Thumb Code    26  stm32f4xx_hal_cortex.o(i.HAL_NVIC_EnableIRQ)
    HAL_NVIC_SetPriority                     0x080033cb   Thumb Code   124  stm32f4xx_hal_cortex.o(i.HAL_NVIC_SetPriority)
    HAL_NVIC_SetPriorityGrouping             0x08003449   Thumb Code    32  stm32f4xx_hal_cortex.o(i.HAL_NVIC_SetPriorityGrouping)
    HAL_RCC_ClockConfig                      0x08003471   Thumb Code   366  stm32f4xx_hal_rcc.o(i.HAL_RCC_ClockConfig)
    HAL_RCC_GetClockConfig                   0x080035f1   Thumb Code    58  stm32f4xx_hal_rcc.o(i.HAL_RCC_GetClockConfig)
    HAL_RCC_GetHCLKFreq                      0x08003635   Thumb Code     6  stm32f4xx_hal_rcc.o(i.HAL_RCC_GetHCLKFreq)
    HAL_RCC_GetPCLK1Freq                     0x08003641   Thumb Code    22  stm32f4xx_hal_rcc.o(i.HAL_RCC_GetPCLK1Freq)
    HAL_RCC_GetPCLK2Freq                     0x08003661   Thumb Code    22  stm32f4xx_hal_rcc.o(i.HAL_RCC_GetPCLK2Freq)
    HAL_RCC_GetSysClockFreq                  0x08003681   Thumb Code   162  stm32f4xx_hal_rcc.o(i.HAL_RCC_GetSysClockFreq)
    HAL_RCC_OscConfig                        0x08003731   Thumb Code  1086  stm32f4xx_hal_rcc.o(i.HAL_RCC_OscConfig)
    HAL_SPI_Init                             0x08003b79   Thumb Code   140  stm32f4xx_hal_spi.o(i.HAL_SPI_Init)
    HAL_SPI_MspInit                          0x08003c05   Thumb Code    78  bsp_spi.o(i.HAL_SPI_MspInit)
    HAL_SYSTICK_CLKSourceConfig              0x08003c61   Thumb Code    40  stm32f4xx_hal_cortex.o(i.HAL_SYSTICK_CLKSourceConfig)
    HAL_SYSTICK_Config                       0x08003c89   Thumb Code    52  stm32f4xx_hal_cortex.o(i.HAL_SYSTICK_Config)
    HAL_TIMEx_BreakCallback                  0x08003cbd   Thumb Code     2  stm32f4xx_hal_tim_ex.o(i.HAL_TIMEx_BreakCallback)
    HAL_TIMEx_CommutationCallback            0x08003cbf   Thumb Code     2  stm32f4xx_hal_tim_ex.o(i.HAL_TIMEx_CommutationCallback)
    HAL_TIMEx_MasterConfigSynchronization    0x08003cc1   Thumb Code    98  stm32f4xx_hal_tim_ex.o(i.HAL_TIMEx_MasterConfigSynchronization)
    HAL_TIM_Base_Init                        0x08003d23   Thumb Code    52  stm32f4xx_hal_tim.o(i.HAL_TIM_Base_Init)
    HAL_TIM_Base_MspInit                     0x08003d59   Thumb Code    44  bsp_tim.o(i.HAL_TIM_Base_MspInit)
    HAL_TIM_Base_Start                       0x08003d8d   Thumb Code    30  stm32f4xx_hal_tim.o(i.HAL_TIM_Base_Start)
    HAL_TIM_Base_Start_IT                    0x08003dab   Thumb Code    30  stm32f4xx_hal_tim.o(i.HAL_TIM_Base_Start_IT)
    HAL_TIM_IC_CaptureCallback               0x08003dc9   Thumb Code     2  stm32f4xx_hal_tim.o(i.HAL_TIM_IC_CaptureCallback)
    HAL_TIM_IRQHandler                       0x08003dcb   Thumb Code   406  stm32f4xx_hal_tim.o(i.HAL_TIM_IRQHandler)
    HAL_TIM_MspPostInit                      0x08003f61   Thumb Code   108  bsp_tim.o(i.HAL_TIM_MspPostInit)
    HAL_TIM_OC_DelayElapsedCallback          0x08003fe1   Thumb Code     2  stm32f4xx_hal_tim.o(i.HAL_TIM_OC_DelayElapsedCallback)
    HAL_TIM_PWM_ConfigChannel                0x08003fe3   Thumb Code   264  stm32f4xx_hal_tim.o(i.HAL_TIM_PWM_ConfigChannel)
    HAL_TIM_PWM_Init                         0x080040eb   Thumb Code    52  stm32f4xx_hal_tim.o(i.HAL_TIM_PWM_Init)
    HAL_TIM_PWM_MspInit                      0x08004121   Thumb Code    44  bsp_tim.o(i.HAL_TIM_PWM_MspInit)
    HAL_TIM_PWM_PulseFinishedCallback        0x08004155   Thumb Code     2  stm32f4xx_hal_tim.o(i.HAL_TIM_PWM_PulseFinishedCallback)
    HAL_TIM_PWM_Start                        0x08004159   Thumb Code    68  stm32f4xx_hal_tim.o(i.HAL_TIM_PWM_Start)
    HAL_TIM_PeriodElapsedCallback            0x080041a5   Thumb Code    18  main.o(i.HAL_TIM_PeriodElapsedCallback)
    HAL_TIM_SlaveConfigSynchronization       0x080041b7   Thumb Code    86  stm32f4xx_hal_tim.o(i.HAL_TIM_SlaveConfigSynchronization)
    HAL_TIM_TriggerCallback                  0x0800420d   Thumb Code     2  stm32f4xx_hal_tim.o(i.HAL_TIM_TriggerCallback)
    HAL_UART_AbortReceive                    0x0800420f   Thumb Code    80  stm32f4xx_hal_uart.o(i.HAL_UART_AbortReceive)
    HAL_UART_ErrorCallback                   0x0800425f   Thumb Code     2  stm32f4xx_hal_uart.o(i.HAL_UART_ErrorCallback)
    HAL_UART_Init                            0x08004261   Thumb Code   114  stm32f4xx_hal_uart.o(i.HAL_UART_Init)
    HAL_UART_MspInit                         0x080042d5   Thumb Code   280  bsp_usart.o(i.HAL_UART_MspInit)
    HAL_UART_Receive_DMA                     0x08004425   Thumb Code   158  stm32f4xx_hal_uart.o(i.HAL_UART_Receive_DMA)
    HAL_UART_RxCpltCallback                  0x080044d1   Thumb Code     2  stm32f4xx_hal_uart.o(i.HAL_UART_RxCpltCallback)
    HAL_UART_RxHalfCpltCallback              0x080044d3   Thumb Code     2  stm32f4xx_hal_uart.o(i.HAL_UART_RxHalfCpltCallback)
    HardFault_Handler                        0x080044d5   Thumb Code     4  stm32f4xx_it.o(i.HardFault_Handler)
    InfraredSensor_StateGet                  0x080044d9   Thumb Code    28  driver_sensor.o(i.InfraredSensor_StateGet)
    Led_Toggle_Task                          0x08004505   Thumb Code    30  freertos.o(i.Led_Toggle_Task)
    MX_CAN1_Init                             0x08004529   Thumb Code   162  bsp_can.o(i.MX_CAN1_Init)
    MX_DMA_Init                              0x080045f9   Thumb Code    66  bsp_dma.o(i.MX_DMA_Init)
    MX_FREERTOS_Init                         0x08004641   Thumb Code   114  freertos.o(i.MX_FREERTOS_Init)
    MX_GPIO_Init                             0x080046cd   Thumb Code   558  bsp_gpio.o(i.MX_GPIO_Init)
    MX_SPI4_Init                             0x0800491d   Thumb Code    62  bsp_spi.o(i.MX_SPI4_Init)
    MX_TIM3_Init                             0x08004979   Thumb Code   206  bsp_tim.o(i.MX_TIM3_Init)
    MX_TIM4_Init                             0x08004a65   Thumb Code   150  bsp_tim.o(i.MX_TIM4_Init)
    MX_USART1_UART_Init                      0x08004b19   Thumb Code    74  bsp_usart.o(i.MX_USART1_UART_Init)
    Manipulator_Control                      0x08004b89   Thumb Code    12  driver_manipulator.o(i.Manipulator_Control)
    MemManage_Handler                        0x08004b95   Thumb Code     4  stm32f4xx_it.o(i.MemManage_Handler)
    MotorBackInit                            0x08004b99   Thumb Code    24  driver_guidewheel.o(i.MotorBackInit)
    MotorInit                                0x08004bb5   Thumb Code    36  driver_guidewheel.o(i.MotorInit)
    MotorSpeedSet                            0x08004be1   Thumb Code   344  driver_guidewheel.o(i.MotorSpeedSet)
    NMI_Handler                              0x08004d7d   Thumb Code     2  stm32f4xx_it.o(i.NMI_Handler)
    PID_Calc                                 0x08004db9   Thumb Code  1298  driverlib_pid.o(i.PID_Calc)
    PID_Reset                                0x080052f5   Thumb Code    52  driverlib_pid.o(i.PID_Reset)
    PID_Task                                 0x0800532d   Thumb Code    48  driverlib_pid.o(i.PID_Task)
    RemoteDataProcess                        0x0800535d   Thumb Code   218  driver_remote.o(i.RemoteDataProcess)
    StatusMachine_Init                       0x0800543d   Thumb Code     8  statusmachine.o(i.StatusMachine_Init)
    SysTick_Handler                          0x08005449   Thumb Code     8  stm32f4xx_it.o(i.SysTick_Handler)
    SystemClock_Config                       0x08005451   Thumb Code   198  main.o(i.SystemClock_Config)
    SystemInit                               0x08005531   Thumb Code    82  system_stm32f4xx.o(i.SystemInit)
    TIM2_IRQHandler                          0x08005595   Thumb Code    10  stm32f4xx_it.o(i.TIM2_IRQHandler)
    TIM_Base_SetConfig                       0x080055a5   Thumb Code   184  stm32f4xx_hal_tim.o(i.TIM_Base_SetConfig)
    TIM_CCxChannelCmd                        0x08005689   Thumb Code    28  stm32f4xx_hal_tim.o(i.TIM_CCxChannelCmd)
    TIM_OC2_SetConfig                        0x0800572d   Thumb Code   112  stm32f4xx_hal_tim.o(i.TIM_OC2_SetConfig)
    USART1_IRQHandler                        0x08005db9   Thumb Code    92  stm32f4xx_it.o(i.USART1_IRQHandler)
    USART2_IRQHandler                        0x08005e25   Thumb Code    92  stm32f4xx_it.o(i.USART2_IRQHandler)
    UsageFault_Handler                       0x08005e91   Thumb Code     4  stm32f4xx_it.o(i.UsageFault_Handler)
    _Error_Handler                           0x08005e95   Thumb Code     4  main.o(i._Error_Handler)
    __ARM_fpclassify                         0x08005e99   Thumb Code    48  fpclassify.o(i.__ARM_fpclassify)
    __hardfp_cos                             0x08005ec9   Thumb Code   180  cos.o(i.__hardfp_cos)
    __hardfp_fabs                            0x08005f91   Thumb Code    20  fabs.o(i.__hardfp_fabs)
    __hardfp_sin                             0x08005fa9   Thumb Code   180  sin.o(i.__hardfp_sin)
    __ieee754_rem_pio2                       0x08006071   Thumb Code   938  rred.o(i.__ieee754_rem_pio2)
    __kernel_cos                             0x080064a9   Thumb Code   322  cos_i.o(i.__kernel_cos)
    __kernel_poly                            0x08006619   Thumb Code   248  poly.o(i.__kernel_poly)
    __kernel_sin                             0x08006711   Thumb Code   280  sin_i.o(i.__kernel_sin)
    __mathlib_dbl_infnan                     0x08006841   Thumb Code    20  dunder.o(i.__mathlib_dbl_infnan)
    __mathlib_dbl_invalid                    0x08006859   Thumb Code    24  dunder.o(i.__mathlib_dbl_invalid)
    __mathlib_dbl_underflow                  0x08006879   Thumb Code    24  dunder.o(i.__mathlib_dbl_underflow)
    __scatterload_copy                       0x08006899   Thumb Code    14  handlers.o(i.__scatterload_copy)
    __scatterload_null                       0x080068a7   Thumb Code     2  handlers.o(i.__scatterload_null)
    __scatterload_zeroinit                   0x080068a9   Thumb Code    14  handlers.o(i.__scatterload_zeroinit)
    __set_errno                              0x080068b9   Thumb Code     6  errno.o(i.__set_errno)
    bufferPush                               0x080068c5   Thumb Code    52  bsp_data.o(i.bufferPush)
    fabs                                     0x080068f9   Thumb Code    24  fabs.o(i.fabs)
    get_measure                              0x08006911   Thumb Code   134  canbustask.o(i.get_measure)
    main                                     0x0800699d   Thumb Code    28  main.o(i.main)
    osKernelStart                            0x080069c7   Thumb Code    10  cmsis_os.o(i.osKernelStart)
    osMessageCreate                          0x080069d1   Thumb Code    18  cmsis_os.o(i.osMessageCreate)
    osMutexCreate                            0x080069e3   Thumb Code    12  cmsis_os.o(i.osMutexCreate)
    osSystickHandler                         0x080069ef   Thumb Code    16  cmsis_os.o(i.osSystickHandler)
    osThreadCreate                           0x080069ff   Thumb Code    48  cmsis_os.o(i.osThreadCreate)
    pvPortMalloc                             0x08006ff1   Thumb Code   296  heap_4.o(i.pvPortMalloc)
    pxPortInitialiseStack                    0x0800712d   Thumb Code    38  port.o(i.pxPortInitialiseStack)
    stick1_action                            0x08007159   Thumb Code   132  driver_remote.o(i.stick1_action)
    stick1_change                            0x080071fd   Thumb Code    58  driver_remote.o(i.stick1_change)
    uxListRemove                             0x08007241   Thumb Code    40  list.o(i.uxListRemove)
    vListInitialise                          0x08007269   Thumb Code    26  list.o(i.vListInitialise)
    vListInitialiseItem                      0x08007283   Thumb Code     6  list.o(i.vListInitialiseItem)
    vListInsert                              0x08007289   Thumb Code    52  list.o(i.vListInsert)
    vListInsertEnd                           0x080072bd   Thumb Code    24  list.o(i.vListInsertEnd)
    vPortEnterCritical                       0x080072d5   Thumb Code    76  port.o(i.vPortEnterCritical)
    vPortExitCritical                        0x08007329   Thumb Code    56  port.o(i.vPortExitCritical)
    vPortFree                                0x08007365   Thumb Code   140  heap_4.o(i.vPortFree)
    vPortSetupTimerInterrupt                 0x080073f9   Thumb Code    26  port.o(i.vPortSetupTimerInterrupt)
    vTaskDelayUntil                          0x08007419   Thumb Code   200  tasks.o(i.vTaskDelayUntil)
    vTaskMissedYield                         0x080074ed   Thumb Code     8  tasks.o(i.vTaskMissedYield)
    vTaskPlaceOnEventList                    0x080074f9   Thumb Code    52  tasks.o(i.vTaskPlaceOnEventList)
    vTaskSetTimeOutState                     0x08007531   Thumb Code    38  tasks.o(i.vTaskSetTimeOutState)
    vTaskStartScheduler                      0x08007561   Thumb Code   108  tasks.o(i.vTaskStartScheduler)
    vTaskSuspendAll                          0x080075e9   Thumb Code    12  tasks.o(i.vTaskSuspendAll)
    vTaskSwitchContext                       0x080075f9   Thumb Code   118  tasks.o(i.vTaskSwitchContext)
    xPortStartScheduler                      0x08007685   Thumb Code   288  port.o(i.xPortStartScheduler)
    xPortSysTickHandler                      0x080077c1   Thumb Code    46  port.o(i.xPortSysTickHandler)
    xQueueCreateMutex                        0x080077f5   Thumb Code    34  queue.o(i.xQueueCreateMutex)
    xQueueGenericCreate                      0x08007817   Thumb Code    88  queue.o(i.xQueueGenericCreate)
    xQueueGenericReset                       0x08007871   Thumb Code   146  queue.o(i.xQueueGenericReset)
    xQueueGenericSend                        0x08007909   Thumb Code   420  queue.o(i.xQueueGenericSend)
    xTaskCheckForTimeOut                     0x08007ab1   Thumb Code   132  tasks.o(i.xTaskCheckForTimeOut)
    xTaskCreate                              0x08007b3d   Thumb Code    96  tasks.o(i.xTaskCreate)
    xTaskGetSchedulerState                   0x08007b9d   Thumb Code    24  tasks.o(i.xTaskGetSchedulerState)
    xTaskGetTickCount                        0x08007bbd   Thumb Code     6  tasks.o(i.xTaskGetTickCount)
    xTaskIncrementTick                       0x08007bc9   Thumb Code   282  tasks.o(i.xTaskIncrementTick)
    xTaskPriorityDisinherit                  0x08007d11   Thumb Code   188  tasks.o(i.xTaskPriorityDisinherit)
    xTaskRemoveFromEventList                 0x08007dd9   Thumb Code   128  tasks.o(i.xTaskRemoveFromEventList)
    xTaskResumeAll                           0x08007e71   Thumb Code   224  tasks.o(i.xTaskResumeAll)
    AHBPrescTable                            0x08007fb8   Data          16  system_stm32f4xx.o(.constdata)
    APBPrescTable                            0x08007fc8   Data           8  system_stm32f4xx.o(.constdata)
    Region$$Table$$Base                      0x08008120   Number         0  anon$$obj.o(Region$$Table)
    Region$$Table$$Limit                     0x08008140   Number         0  anon$$obj.o(Region$$Table)
    WorkState                                0x20000000   Data           1  statusmachine.o(.data)
    LastWorkState                            0x20000001   Data           1  statusmachine.o(.data)
    aaaa                                     0x20000004   Data           4  stm32f4xx_it.o(.data)
    count1                                   0x20000008   Data           4  stm32f4xx_it.o(.data)
    count2                                   0x2000000c   Data           4  stm32f4xx_it.o(.data)
    time_tick_1ms                            0x20000010   Data           4  controltask.o(.data)
    lost_err                                 0x20000014   Data           4  supervisetask.o(.data)
    lost_counter_max                         0x20000018   Data          20  supervisetask.o(.data)
    DBUSFrameRate                            0x2000002c   Data           2  supervisetask.o(.data)
    DBUSFrameCounter                         0x2000002e   Data           2  supervisetask.o(.data)
    ChassisFrameRate                         0x20000030   Data           8  supervisetask.o(.data)
    ChassisFrameCounter                      0x20000038   Data           8  supervisetask.o(.data)
    LbeltFrameRate                           0x20000040   Data           2  supervisetask.o(.data)
    LbeltFrameCounter                        0x20000042   Data           2  supervisetask.o(.data)
    RbeltFrameRate                           0x20000044   Data           2  supervisetask.o(.data)
    RbeltFrameCounter                        0x20000046   Data           2  supervisetask.o(.data)
    MotorArmFrameRate                        0x20000048   Data           2  supervisetask.o(.data)
    MotorArmFrameCounter                     0x2000004a   Data           2  supervisetask.o(.data)
    CAN_Send_FrameRate                       0x2000004c   Data           2  supervisetask.o(.data)
    CAN_Send_FrameCounter                    0x2000004e   Data           2  supervisetask.o(.data)
    CAN_Res_FrameRate                        0x20000050   Data           2  supervisetask.o(.data)
    CAN_Res_FrameCounter                     0x20000052   Data           2  supervisetask.o(.data)
    UART2FrameRate                           0x20000054   Data           2  supervisetask.o(.data)
    UART2FrameCounter                        0x20000056   Data           2  supervisetask.o(.data)
    Control_Stack                            0x20000058   Data           4  supervisetask.o(.data)
    CANSend_Stack                            0x2000005c   Data           4  supervisetask.o(.data)
    SuperviseTask_Stack                      0x20000060   Data           4  supervisetask.o(.data)
    Led_ToggleHandle                         0x20000064   Data           4  freertos.o(.data)
    Can_SendHandle                           0x20000068   Data           4  freertos.o(.data)
    Task_ControlHandle                       0x2000006c   Data           4  freertos.o(.data)
    Status_UpdateHandle                      0x20000070   Data           4  freertos.o(.data)
    Superviese_TaskHandle                    0x20000074   Data           4  freertos.o(.data)
    myQueue01Handle                          0x20000078   Data           4  freertos.o(.data)
    myMutex01Handle                          0x2000007c   Data           4  freertos.o(.data)
    RBMSpeedPID                              0x20000080   Data          81  driverlib_pid.o(.data)
    LBMSpeedPID                              0x200000d1   Data          81  driverlib_pid.o(.data)
    CMRotatePID                              0x20000122   Data          81  driverlib_pid.o(.data)
    CM1SpeedPID                              0x20000173   Data          81  driverlib_pid.o(.data)
    CM2SpeedPID                              0x200001c4   Data          81  driverlib_pid.o(.data)
    CM3SpeedPID                              0x20000215   Data          81  driverlib_pid.o(.data)
    CM4SpeedPID                              0x20000266   Data          81  driverlib_pid.o(.data)
    AMRotatePID                              0x200002b7   Data          81  driverlib_pid.o(.data)
    deltaKpMatrix                            0x20000308   Data         196  driverlib_pid.o(.data)
    deltaKiMatrix                            0x200003cc   Data         196  driverlib_pid.o(.data)
    deltaKdMatrix                            0x20000490   Data         196  driverlib_pid.o(.data)
    EC                                       0x20000554   Data           4  driverlib_pid.o(.data)
    E                                        0x20000558   Data           4  driverlib_pid.o(.data)
    E_Index                                  0x2000055c   Data           4  driverlib_pid.o(.data)
    EC_Index                                 0x20000560   Data           4  driverlib_pid.o(.data)
    E_Max                                    0x20000564   Data           4  driverlib_pid.o(.data)
    EC_Max                                   0x20000568   Data           4  driverlib_pid.o(.data)
    E_Min                                    0x2000056c   Data           4  driverlib_pid.o(.data)
    EC_Min                                   0x20000570   Data           4  driverlib_pid.o(.data)
    can_count                                0x20000580   Data           4  canbustask.o(.data)
    TxMailFreeNum                            0x20000584   Data           4  canbustask.o(.data)
    aa                                       0x20000588   Data           2  canbustask.o(.data)
    bb                                       0x2000058a   Data           2  canbustask.o(.data)
    BeltMotorSpeedRef                        0x2000058c   Data           4  driver_beltraise.o(.data)
    BeltMode                                 0x20000590   Data           1  driver_beltraise.o(.data)
    bmkp                                     0x20000594   Data           4  driver_beltraise.o(.data)
    raise_speed                              0x20000598   Data           2  driver_beltraise.o(.data)
    steps                                    0x2000059a   Data           1  driver_beltraise.o(.data)
    steps_down                               0x2000059b   Data           1  driver_beltraise.o(.data)
    BM_AngelGet                              0x2000059c   Data           1  driver_beltraise.o(.data)
    ChassisMode                              0x200005d4   Data           1  driver_chassis.o(.data)
    Foward_C_flag                            0x200005d5   Data           1  driver_chassis.o(.data)
    Back_C_flag                              0x200005d6   Data           1  driver_chassis.o(.data)
    tick_c_1                                 0x200005d8   Data           4  driver_chassis.o(.data)
    underpan_acc                             0x200005dc   Data           2  driver_chassis.o(.data)
    InputMode                                0x200005e8   Data           1  driver_remote.o(.data)
    stick_store                              0x200005e9   Data           1  driver_remote.o(.data)
    timetick2                                0x200005ec   Data           4  driver_remote.o(.data)
    timetick1                                0x200005f0   Data           4  driver_remote.o(.data)
    time_diff_1to3                           0x200005f4   Data           4  driver_remote.o(.data)
    time_diff_1to2                           0x200005f8   Data           4  driver_remote.o(.data)
    S_switch                                 0x200005fc   Data           1  driver_remote.o(.data)
    Action_stick                             0x200005fd   Data           1  driver_remote.o(.data)
    Foward_G_flag                            0x200005fe   Data           1  driver_guidewheel.o(.data)
    Back_GW_flag                             0x200005ff   Data           1  driver_guidewheel.o(.data)
    GW_direction                             0x20000600   Data           1  driver_guidewheel.o(.data)
    GW_Speed                                 0x20000602   Data           2  driver_guidewheel.o(.data)
    GuideWheelMode                           0x20000604   Data           1  driver_guidewheel.o(.data)
    InfraredState_back                       0x20000606   Data           2  driver_sensor.o(.data)
    InfraredState_front                      0x20000608   Data           2  driver_sensor.o(.data)
    ArmMotorAngleRef                         0x2000060c   Data           4  driver_manipulator.o(.data)
    AM_Stall_Flag                            0x20000610   Data           1  driver_manipulator.o(.data)
    time_tick_arm                            0x20000614   Data           4  driver_manipulator.o(.data)
    SystemCoreClock                          0x2000061c   Data           4  system_stm32f4xx.o(.data)
    uwTick                                   0x20000620   Data           4  stm32f4xx_hal.o(.data)
    uwTickPrio                               0x20000624   Data           4  stm32f4xx_hal.o(.data)
    uwTickFreq                               0x20000628   Data           1  stm32f4xx_hal.o(.data)
    pxCurrentTCB                             0x20000650   Data           4  tasks.o(.data)
    Que_MiniPC                               0x20000690   Data         504  bsp_data.o(.bss)
    Que_JudgeFrame                           0x20000888   Data         504  bsp_data.o(.bss)
    Que_USART3_Tx                            0x20000a80   Data         504  bsp_data.o(.bss)
    Que_CAN1_Tx                              0x20000c78   Data         644  bsp_data.o(.bss)
    Que_CAN2_Tx                              0x20000efc   Data         644  bsp_data.o(.bss)
    TurntableEncoder                         0x20001180   Data          68  canbustask.o(.bss)
    Motor1_Measure                           0x200011c4   Data          20  canbustask.o(.bss)
    Motor2_Measure                           0x200011d8   Data          20  canbustask.o(.bss)
    Motor3_Measure                           0x200011ec   Data          20  canbustask.o(.bss)
    Motor4_Measure                           0x20001200   Data          20  canbustask.o(.bss)
    LBeltM_Measure                           0x20001214   Data          20  canbustask.o(.bss)
    RBeltM_Measure                           0x20001228   Data          20  canbustask.o(.bss)
    ARMM_Measure                             0x2000123c   Data          20  canbustask.o(.bss)
    ChassisData                              0x20001250   Data          20  driver_chassis.o(.bss)
    RC_CtrlData                              0x20001264   Data          22  driver_remote.o(.bss)
    CAN1_Receive                             0x2000127c   Data          36  bsp_can.o(.bss)
    CAN1_ReadyToSend                         0x200012a0   Data          32  bsp_can.o(.bss)
    CAN1_ReallySend                          0x200012c0   Data          32  bsp_can.o(.bss)
    CAN1_Filter                              0x200012e0   Data          40  bsp_can.o(.bss)
    hcan1                                    0x20001308   Data          40  bsp_can.o(.bss)
    hspi4                                    0x20001330   Data          88  bsp_spi.o(.bss)
    htim3                                    0x20001388   Data          60  bsp_tim.o(.bss)
    htim4                                    0x200013c4   Data          60  bsp_tim.o(.bss)
    UART2_RXBUFF                             0x20001400   Data          40  bsp_usart.o(.bss)
    huart1                                   0x20001428   Data          64  bsp_usart.o(.bss)
    huart2                                   0x20001468   Data          64  bsp_usart.o(.bss)
    hdma_usart1_rx                           0x200014a8   Data          96  bsp_usart.o(.bss)
    hdma_usart2_rx                           0x20001508   Data          96  bsp_usart.o(.bss)
    UART1_RXBUFF                             0x20001568   Data         100  bsp_usart.o(.bss)
    htim2                                    0x200015cc   Data          60  stm32f4xx_hal_timebase_tim.o(.bss)
    __initial_sp                             0x200056f8   Data           0  startup_stm32f427xx.o(STACK)



==============================================================================

Memory Map of the image

  Image Entry point : 0x080001ad

  Load Region LR_IROM1 (Base: 0x08000000, Size: 0x000087d0, Max: 0x00200000, ABSOLUTE, COMPRESSED[0x00008218])

    Execution Region ER_IROM1 (Base: 0x08000000, Size: 0x00008140, Max: 0x00200000, ABSOLUTE)

    Base Addr    Size         Type   Attr      Idx    E Section Name        Object

    0x08000000   0x000001ac   Data   RO          659    RESET               startup_stm32f427xx.o
    0x080001ac   0x00000000   Code   RO         7081  * .ARM.Collect$$$$00000000  mc_w.l(entry.o)
    0x080001ac   0x00000004   Code   RO         7138    .ARM.Collect$$$$00000001  mc_w.l(entry2.o)
    0x080001b0   0x00000004   Code   RO         7141    .ARM.Collect$$$$00000004  mc_w.l(entry5.o)
    0x080001b4   0x00000000   Code   RO         7143    .ARM.Collect$$$$00000008  mc_w.l(entry7b.o)
    0x080001b4   0x00000000   Code   RO         7145    .ARM.Collect$$$$0000000A  mc_w.l(entry8b.o)
    0x080001b4   0x00000008   Code   RO         7146    .ARM.Collect$$$$0000000B  mc_w.l(entry9a.o)
    0x080001bc   0x00000000   Code   RO         7148    .ARM.Collect$$$$0000000D  mc_w.l(entry10a.o)
    0x080001bc   0x00000000   Code   RO         7150    .ARM.Collect$$$$0000000F  mc_w.l(entry11a.o)
    0x080001bc   0x00000004   Code   RO         7139    .ARM.Collect$$$$00002712  mc_w.l(entry2.o)
    0x080001c0   0x000000ba   Code   RO         6008    .emb_text           port.o
    0x0800027a   0x00000002   PAD
    0x0800027c   0x00000024   Code   RO          660    .text               startup_stm32f427xx.o
    0x080002a0   0x00000062   Code   RO         7084    .text               mc_w.l(uldiv.o)
    0x08000302   0x00000024   Code   RO         7086    .text               mc_w.l(memcpya.o)
    0x08000326   0x00000024   Code   RO         7088    .text               mc_w.l(memseta.o)
    0x0800034a   0x0000014e   Code   RO         7092    .text               mf_w.l(dadd.o)
    0x08000498   0x000000e4   Code   RO         7094    .text               mf_w.l(dmul.o)
    0x0800057c   0x000000de   Code   RO         7096    .text               mf_w.l(ddiv.o)
    0x0800065a   0x00000022   Code   RO         7098    .text               mf_w.l(dflti.o)
    0x0800067c   0x0000003e   Code   RO         7100    .text               mf_w.l(dfixi.o)
    0x080006ba   0x00000032   Code   RO         7102    .text               mf_w.l(dfixui.o)
    0x080006ec   0x00000026   Code   RO         7104    .text               mf_w.l(f2d.o)
    0x08000712   0x00000002   PAD
    0x08000714   0x00000030   Code   RO         7106    .text               mf_w.l(cdrcmple.o)
    0x08000744   0x00000038   Code   RO         7108    .text               mf_w.l(d2f.o)
    0x0800077c   0x0000001e   Code   RO         7152    .text               mc_w.l(llshl.o)
    0x0800079a   0x00000020   Code   RO         7154    .text               mc_w.l(llushr.o)
    0x080007ba   0x00000024   Code   RO         7156    .text               mc_w.l(llsshr.o)
    0x080007de   0x00000000   Code   RO         7165    .text               mc_w.l(iusefp.o)
    0x080007de   0x0000006e   Code   RO         7166    .text               mf_w.l(fepilogue.o)
    0x0800084c   0x000000ba   Code   RO         7168    .text               mf_w.l(depilogue.o)
    0x08000906   0x00000002   PAD
    0x08000908   0x00000024   Code   RO         7176    .text               mc_w.l(init.o)
    0x0800092c   0x0000001a   Code   RO         7178    .text               mf_w.l(dfltui.o)
    0x08000946   0x00000056   Code   RO         7188    .text               mc_w.l(__dczerorl2.o)
    0x0800099c   0x00000080   Code   RO         1346    i.ARM_Calc_Output   driver_manipulator.o
    0x08000a1c   0x00000014   Code   RO         1347    i.ARM_Electric_Operate  driver_manipulator.o
    0x08000a30   0x000000a0   Code   RO         1348    i.ARM_Gas_Operate   driver_manipulator.o
    0x08000ad0   0x000000f4   Code   RO         1349    i.ARM_Get_AngleRef  driver_manipulator.o
    0x08000bc4   0x00000030   Code   RO         1350    i.ARM_Get_PID       driver_manipulator.o
    0x08000bf4   0x00000024   Code   RO         1351    i.ARM_Set_Current   driver_manipulator.o
    0x08000c18   0x00000128   Code   RO         1030    i.BM_Calc_Output    driver_beltraise.o
    0x08000d40   0x00000060   Code   RO         1031    i.BM_Get_PID        driver_beltraise.o
    0x08000da0   0x0000040c   Code   RO         1032    i.BM_Get_SpeedRef   driver_beltraise.o
    0x080011ac   0x0000008c   Code   RO         1034    i.BM_Set_Current    driver_beltraise.o
    0x08001238   0x00000020   Code   RO         1412    i.BSP_Init          bsp.o
    0x08001258   0x00000014   Code   RO         1035    i.Belt_Control      driver_beltraise.o
    0x0800126c   0x00000004   Code   RO          365    i.BusFault_Handler  stm32f4xx_it.o
    0x08001270   0x00000010   Code   RO          366    i.CAN1_RX0_IRQHandler  stm32f4xx_it.o
    0x08001280   0x00000010   Code   RO          367    i.CAN1_TX_IRQHandler  stm32f4xx_it.o
    0x08001290   0x0000004e   Code   RO          757    i.CAN_bufferPop     bsp_data.o
    0x080012de   0x00000044   Code   RO          758    i.CAN_bufferPush    bsp_data.o
    0x08001322   0x00000018   Code   RO          760    i.CAN_bufferlen     bsp_data.o
    0x0800133a   0x00000002   PAD
    0x0800133c   0x0000022c   Code   RO         1131    i.CM_Calc_Output    driver_chassis.o
    0x08001568   0x000000a4   Code   RO         1132    i.CM_Get_PID        driver_chassis.o
    0x0800160c   0x00000298   Code   RO         1133    i.CM_Get_SpeedRef   driver_chassis.o
    0x080018a4   0x0000009c   Code   RO         1135    i.CM_Set_Current    driver_chassis.o
    0x08001940   0x00000404   Code   RO         1136    i.CalculateWheelSpeed  driver_chassis.o
    0x08001d44   0x00000114   Code   RO          862    i.Can_Msg_Process   canbustask.o
    0x08001e58   0x0000004c   Code   RO          863    i.Can_Send          canbustask.o
    0x08001ea4   0x0000007c   Code   RO          864    i.Can_Send_BM       canbustask.o
    0x08001f20   0x00000050   Code   RO          865    i.Can_Send_CM       canbustask.o
    0x08001f70   0x00000018   Code   RO          866    i.Can_Send_Task     canbustask.o
    0x08001f88   0x00000014   Code   RO         1137    i.Chassis_Control   driver_chassis.o
    0x08001f9c   0x00000014   Code   RO          506    i.ControlLoopTaskInit  controltask.o
    0x08001fb0   0x00000030   Code   RO          507    i.ControlTask       controltask.o
    0x08001fe0   0x00000010   Code   RO          368    i.DMA1_Stream5_IRQHandler  stm32f4xx_it.o
    0x08001ff0   0x00000010   Code   RO          369    i.DMA2_Stream2_IRQHandler  stm32f4xx_it.o
    0x08002000   0x00000034   Code   RO         5320    i.DMA_CalcBaseAndBitshift  stm32f4xx_hal_dma.o
    0x08002034   0x000000aa   Code   RO         5321    i.DMA_CheckFifoParam  stm32f4xx_hal_dma.o
    0x080020de   0x0000002c   Code   RO         5322    i.DMA_SetConfig     stm32f4xx_hal_dma.o
    0x0800210a   0x00000002   Code   RO          370    i.DebugMon_Handler  stm32f4xx_it.o
    0x0800210c   0x0000001c   Code   RO          508    i.Drivers_Control_Task  controltask.o
    0x08002128   0x00000018   Code   RO          371    i.EXTI4_IRQHandler  stm32f4xx_it.o
    0x08002140   0x00000018   Code   RO          372    i.EXTI9_5_IRQHandler  stm32f4xx_it.o
    0x08002158   0x000000d0   Code   RO          867    i.EncoderProcess    canbustask.o
    0x08002228   0x00000008   Code   RO         1260    i.GuideWheel_Control  driver_guidewheel.o
    0x08002230   0x0000002c   Code   RO         2250    i.HAL_CAN_ActivateNotification  stm32f4xx_hal_can.o
    0x0800225c   0x0000012a   Code   RO         2251    i.HAL_CAN_AddTxMessage  stm32f4xx_hal_can.o
    0x08002386   0x00000002   PAD
    0x08002388   0x00000124   Code   RO         2252    i.HAL_CAN_ConfigFilter  stm32f4xx_hal_can.o
    0x080024ac   0x00000002   Code   RO         2255    i.HAL_CAN_ErrorCallback  stm32f4xx_hal_can.o
    0x080024ae   0x00000188   Code   RO         2258    i.HAL_CAN_GetRxMessage  stm32f4xx_hal_can.o
    0x08002636   0x0000003a   Code   RO         2260    i.HAL_CAN_GetTxMailboxesFreeLevel  stm32f4xx_hal_can.o
    0x08002670   0x0000024e   Code   RO         2262    i.HAL_CAN_IRQHandler  stm32f4xx_hal_can.o
    0x080028be   0x00000176   Code   RO         2263    i.HAL_CAN_Init      stm32f4xx_hal_can.o
    0x08002a34   0x0000005c   Code   RO         1505    i.HAL_CAN_MspInit   bsp_can.o
    0x08002a90   0x00000002   Code   RO         2270    i.HAL_CAN_RxFifo0FullCallback  stm32f4xx_hal_can.o
    0x08002a92   0x00000002   PAD
    0x08002a94   0x00000020   Code   RO          868    i.HAL_CAN_RxFifo0MsgPendingCallback  canbustask.o
    0x08002ab4   0x00000002   Code   RO         2272    i.HAL_CAN_RxFifo1FullCallback  stm32f4xx_hal_can.o
    0x08002ab6   0x00000002   Code   RO         2273    i.HAL_CAN_RxFifo1MsgPendingCallback  stm32f4xx_hal_can.o
    0x08002ab8   0x00000002   Code   RO         2274    i.HAL_CAN_SleepCallback  stm32f4xx_hal_can.o
    0x08002aba   0x00000060   Code   RO         2275    i.HAL_CAN_Start     stm32f4xx_hal_can.o
    0x08002b1a   0x00000002   Code   RO         2277    i.HAL_CAN_TxMailbox0AbortCallback  stm32f4xx_hal_can.o
    0x08002b1c   0x00000034   Code   RO          869    i.HAL_CAN_TxMailbox0CompleteCallback  canbustask.o
    0x08002b50   0x00000002   Code   RO         2279    i.HAL_CAN_TxMailbox1AbortCallback  stm32f4xx_hal_can.o
    0x08002b52   0x00000002   Code   RO         2280    i.HAL_CAN_TxMailbox1CompleteCallback  stm32f4xx_hal_can.o
    0x08002b54   0x00000002   Code   RO         2281    i.HAL_CAN_TxMailbox2AbortCallback  stm32f4xx_hal_can.o
    0x08002b56   0x00000002   Code   RO         2282    i.HAL_CAN_TxMailbox2CompleteCallback  stm32f4xx_hal_can.o
    0x08002b58   0x00000002   Code   RO         2284    i.HAL_CAN_WakeUpFromRxMsgCallback  stm32f4xx_hal_can.o
    0x08002b5a   0x000000aa   Code   RO         5323    i.HAL_DMA_Abort     stm32f4xx_hal_dma.o
    0x08002c04   0x00000240   Code   RO         5328    i.HAL_DMA_IRQHandler  stm32f4xx_hal_dma.o
    0x08002e44   0x000000ec   Code   RO         5329    i.HAL_DMA_Init      stm32f4xx_hal_dma.o
    0x08002f30   0x0000009e   Code   RO         5333    i.HAL_DMA_Start_IT  stm32f4xx_hal_dma.o
    0x08002fce   0x00000002   Code   RO         5214    i.HAL_GPIO_EXTI_Callback  stm32f4xx_hal_gpio.o
    0x08002fd0   0x0000001c   Code   RO         5215    i.HAL_GPIO_EXTI_IRQHandler  stm32f4xx_hal_gpio.o
    0x08002fec   0x0000021c   Code   RO         5216    i.HAL_GPIO_Init     stm32f4xx_hal_gpio.o
    0x08003208   0x00000010   Code   RO         5218    i.HAL_GPIO_ReadPin  stm32f4xx_hal_gpio.o
    0x08003218   0x00000008   Code   RO         5219    i.HAL_GPIO_TogglePin  stm32f4xx_hal_gpio.o
    0x08003220   0x0000000c   Code   RO         5220    i.HAL_GPIO_WritePin  stm32f4xx_hal_gpio.o
    0x0800322c   0x0000000c   Code   RO         5773    i.HAL_GetTick       stm32f4xx_hal.o
    0x08003238   0x00000018   Code   RO         5777    i.HAL_IncTick       stm32f4xx_hal.o
    0x08003250   0x0000003c   Code   RO         5778    i.HAL_Init          stm32f4xx_hal.o
    0x0800328c   0x00000088   Code   RO         1870    i.HAL_InitTick      stm32f4xx_hal_timebase_tim.o
    0x08003314   0x0000009c   Code   RO         1006    i.HAL_MspInit       stm32f4xx_hal_msp.o
    0x080033b0   0x0000001a   Code   RO         5623    i.HAL_NVIC_EnableIRQ  stm32f4xx_hal_cortex.o
    0x080033ca   0x0000007c   Code   RO         5629    i.HAL_NVIC_SetPriority  stm32f4xx_hal_cortex.o
    0x08003446   0x00000002   PAD
    0x08003448   0x00000028   Code   RO         5630    i.HAL_NVIC_SetPriorityGrouping  stm32f4xx_hal_cortex.o
    0x08003470   0x00000180   Code   RO         4760    i.HAL_RCC_ClockConfig  stm32f4xx_hal_rcc.o
    0x080035f0   0x00000044   Code   RO         4764    i.HAL_RCC_GetClockConfig  stm32f4xx_hal_rcc.o
    0x08003634   0x0000000c   Code   RO         4765    i.HAL_RCC_GetHCLKFreq  stm32f4xx_hal_rcc.o
    0x08003640   0x00000020   Code   RO         4767    i.HAL_RCC_GetPCLK1Freq  stm32f4xx_hal_rcc.o
    0x08003660   0x00000020   Code   RO         4768    i.HAL_RCC_GetPCLK2Freq  stm32f4xx_hal_rcc.o
    0x08003680   0x000000b0   Code   RO         4769    i.HAL_RCC_GetSysClockFreq  stm32f4xx_hal_rcc.o
    0x08003730   0x00000448   Code   RO         4772    i.HAL_RCC_OscConfig  stm32f4xx_hal_rcc.o
    0x08003b78   0x0000008c   Code   RO         3242    i.HAL_SPI_Init      stm32f4xx_hal_spi.o
    0x08003c04   0x0000005c   Code   RO         1721    i.HAL_SPI_MspInit   bsp_spi.o
    0x08003c60   0x00000028   Code   RO         5632    i.HAL_SYSTICK_CLKSourceConfig  stm32f4xx_hal_cortex.o
    0x08003c88   0x00000034   Code   RO         5634    i.HAL_SYSTICK_Config  stm32f4xx_hal_cortex.o
    0x08003cbc   0x00000002   Code   RO         4189    i.HAL_TIMEx_BreakCallback  stm32f4xx_hal_tim_ex.o
    0x08003cbe   0x00000002   Code   RO         4190    i.HAL_TIMEx_CommutationCallback  stm32f4xx_hal_tim_ex.o
    0x08003cc0   0x00000062   Code   RO         4206    i.HAL_TIMEx_MasterConfigSynchronization  stm32f4xx_hal_tim_ex.o
    0x08003d22   0x00000034   Code   RO         3550    i.HAL_TIM_Base_Init  stm32f4xx_hal_tim.o
    0x08003d56   0x00000002   PAD
    0x08003d58   0x00000034   Code   RO         1763    i.HAL_TIM_Base_MspInit  bsp_tim.o
    0x08003d8c   0x0000001e   Code   RO         3553    i.HAL_TIM_Base_Start  stm32f4xx_hal_tim.o
    0x08003daa   0x0000001e   Code   RO         3555    i.HAL_TIM_Base_Start_IT  stm32f4xx_hal_tim.o
    0x08003dc8   0x00000002   Code   RO         3579    i.HAL_TIM_IC_CaptureCallback  stm32f4xx_hal_tim.o
    0x08003dca   0x00000196   Code   RO         3592    i.HAL_TIM_IRQHandler  stm32f4xx_hal_tim.o
    0x08003f60   0x00000080   Code   RO         1764    i.HAL_TIM_MspPostInit  bsp_tim.o
    0x08003fe0   0x00000002   Code   RO         3595    i.HAL_TIM_OC_DelayElapsedCallback  stm32f4xx_hal_tim.o
    0x08003fe2   0x00000108   Code   RO         3616    i.HAL_TIM_PWM_ConfigChannel  stm32f4xx_hal_tim.o
    0x080040ea   0x00000034   Code   RO         3619    i.HAL_TIM_PWM_Init  stm32f4xx_hal_tim.o
    0x0800411e   0x00000002   PAD
    0x08004120   0x00000034   Code   RO         1766    i.HAL_TIM_PWM_MspInit  bsp_tim.o
    0x08004154   0x00000002   Code   RO         3622    i.HAL_TIM_PWM_PulseFinishedCallback  stm32f4xx_hal_tim.o
    0x08004156   0x00000002   PAD
    0x08004158   0x0000004c   Code   RO         3623    i.HAL_TIM_PWM_Start  stm32f4xx_hal_tim.o
    0x080041a4   0x00000012   Code   RO            4    i.HAL_TIM_PeriodElapsedCallback  main.o
    0x080041b6   0x00000056   Code   RO         3631    i.HAL_TIM_SlaveConfigSynchronization  stm32f4xx_hal_tim.o
    0x0800420c   0x00000002   Code   RO         3633    i.HAL_TIM_TriggerCallback  stm32f4xx_hal_tim.o
    0x0800420e   0x00000050   Code   RO         4438    i.HAL_UART_AbortReceive  stm32f4xx_hal_uart.o
    0x0800425e   0x00000002   Code   RO         4449    i.HAL_UART_ErrorCallback  stm32f4xx_hal_uart.o
    0x08004260   0x00000072   Code   RO         4453    i.HAL_UART_Init     stm32f4xx_hal_uart.o
    0x080042d2   0x00000002   PAD
    0x080042d4   0x00000150   Code   RO         1829    i.HAL_UART_MspInit  bsp_usart.o
    0x08004424   0x000000ac   Code   RO         4457    i.HAL_UART_Receive_DMA  stm32f4xx_hal_uart.o
    0x080044d0   0x00000002   Code   RO         4459    i.HAL_UART_RxCpltCallback  stm32f4xx_hal_uart.o
    0x080044d2   0x00000002   Code   RO         4460    i.HAL_UART_RxHalfCpltCallback  stm32f4xx_hal_uart.o
    0x080044d4   0x00000004   Code   RO          373    i.HardFault_Handler  stm32f4xx_it.o
    0x080044d8   0x0000002c   Code   RO         1316    i.InfraredSensor_StateGet  driver_sensor.o
    0x08004504   0x00000024   Code   RO          622    i.Led_Toggle_Task   freertos.o
    0x08004528   0x000000d0   Code   RO         1506    i.MX_CAN1_Init      bsp_can.o
    0x080045f8   0x00000048   Code   RO         1630    i.MX_DMA_Init       bsp_dma.o
    0x08004640   0x0000008c   Code   RO          623    i.MX_FREERTOS_Init  freertos.o
    0x080046cc   0x00000250   Code   RO         1654    i.MX_GPIO_Init      bsp_gpio.o
    0x0800491c   0x0000005c   Code   RO         1722    i.MX_SPI4_Init      bsp_spi.o
    0x08004978   0x000000ec   Code   RO         1767    i.MX_TIM3_Init      bsp_tim.o
    0x08004a64   0x000000b4   Code   RO         1768    i.MX_TIM4_Init      bsp_tim.o
    0x08004b18   0x00000070   Code   RO         1830    i.MX_USART1_UART_Init  bsp_usart.o
    0x08004b88   0x0000000c   Code   RO         1352    i.Manipulator_Control  driver_manipulator.o
    0x08004b94   0x00000004   Code   RO          374    i.MemManage_Handler  stm32f4xx_it.o
    0x08004b98   0x0000001c   Code   RO         1261    i.MotorBackInit     driver_guidewheel.o
    0x08004bb4   0x0000002c   Code   RO         1262    i.MotorInit         driver_guidewheel.o
    0x08004be0   0x0000019c   Code   RO         1263    i.MotorSpeedSet     driver_guidewheel.o
    0x08004d7c   0x00000002   Code   RO          375    i.NMI_Handler       stm32f4xx_it.o
    0x08004d7e   0x00000002   PAD
    0x08004d80   0x00000010   Code   RO         5636    i.NVIC_GetPriorityGrouping  stm32f4xx_hal_cortex.o
    0x08004d90   0x00000028   Code   RO         5637    i.NVIC_SetPriority  stm32f4xx_hal_cortex.o
    0x08004db8   0x0000053c   Code   RO          667    i.PID_Calc          driverlib_pid.o
    0x080052f4   0x00000038   Code   RO          668    i.PID_Reset         driverlib_pid.o
    0x0800532c   0x00000030   Code   RO          669    i.PID_Task          driverlib_pid.o
    0x0800535c   0x000000e0   Code   RO         1198    i.RemoteDataProcess  driver_remote.o
    0x0800543c   0x0000000c   Code   RO          241    i.StatusMachine_Init  statusmachine.o
    0x08005448   0x00000008   Code   RO          376    i.SysTick_Handler   stm32f4xx_it.o
    0x08005450   0x000000e0   Code   RO            5    i.SystemClock_Config  main.o
    0x08005530   0x00000064   Code   RO         1938    i.SystemInit        system_stm32f4xx.o
    0x08005594   0x00000010   Code   RO          377    i.TIM2_IRQHandler   stm32f4xx_it.o
    0x080055a4   0x000000e4   Code   RO         3634    i.TIM_Base_SetConfig  stm32f4xx_hal_tim.o
    0x08005688   0x0000001c   Code   RO         3635    i.TIM_CCxChannelCmd  stm32f4xx_hal_tim.o
    0x080056a4   0x00000018   Code   RO         3641    i.TIM_ETR_SetConfig  stm32f4xx_hal_tim.o
    0x080056bc   0x00000070   Code   RO         3643    i.TIM_OC1_SetConfig  stm32f4xx_hal_tim.o
    0x0800572c   0x00000078   Code   RO         3644    i.TIM_OC2_SetConfig  stm32f4xx_hal_tim.o
    0x080057a4   0x00000078   Code   RO         3645    i.TIM_OC3_SetConfig  stm32f4xx_hal_tim.o
    0x0800581c   0x00000060   Code   RO         3646    i.TIM_OC4_SetConfig  stm32f4xx_hal_tim.o
    0x0800587c   0x000000a4   Code   RO         3647    i.TIM_SlaveTimer_SetConfig  stm32f4xx_hal_tim.o
    0x08005920   0x0000002a   Code   RO         3648    i.TIM_TI1_ConfigInputStage  stm32f4xx_hal_tim.o
    0x0800594a   0x0000002c   Code   RO         3650    i.TIM_TI2_ConfigInputStage  stm32f4xx_hal_tim.o
    0x08005976   0x00000050   Code   RO         4467    i.UART_DMAError     stm32f4xx_hal_uart.o
    0x080059c6   0x00000046   Code   RO         4468    i.UART_DMAReceiveCplt  stm32f4xx_hal_uart.o
    0x08005a0c   0x0000000e   Code   RO         4470    i.UART_DMARxHalfCplt  stm32f4xx_hal_uart.o
    0x08005a1a   0x00000020   Code   RO         4476    i.UART_EndRxTransfer  stm32f4xx_hal_uart.o
    0x08005a3a   0x00000014   Code   RO         4478    i.UART_EndTxTransfer  stm32f4xx_hal_uart.o
    0x08005a4e   0x00000002   PAD
    0x08005a50   0x00000368   Code   RO         4480    i.UART_SetConfig    stm32f4xx_hal_uart.o
    0x08005db8   0x0000006c   Code   RO          378    i.USART1_IRQHandler  stm32f4xx_it.o
    0x08005e24   0x0000006c   Code   RO          379    i.USART2_IRQHandler  stm32f4xx_it.o
    0x08005e90   0x00000004   Code   RO          380    i.UsageFault_Handler  stm32f4xx_it.o
    0x08005e94   0x00000004   Code   RO            6    i._Error_Handler    main.o
    0x08005e98   0x00000030   Code   RO         7172    i.__ARM_fpclassify  m_wm.l(fpclassify.o)
    0x08005ec8   0x000000c8   Code   RO         7051    i.__hardfp_cos      m_wm.l(cos.o)
    0x08005f90   0x00000014   Code   RO         7063    i.__hardfp_fabs     m_wm.l(fabs.o)
    0x08005fa4   0x00000004   PAD
    0x08005fa8   0x000000c8   Code   RO         7069    i.__hardfp_sin      m_wm.l(sin.o)
    0x08006070   0x00000438   Code   RO         7127    i.__ieee754_rem_pio2  m_wm.l(rred.o)
    0x080064a8   0x00000170   Code   RO         7110    i.__kernel_cos      m_wm.l(cos_i.o)
    0x08006618   0x000000f8   Code   RO         7174    i.__kernel_poly     m_wm.l(poly.o)
    0x08006710   0x00000130   Code   RO         7132    i.__kernel_sin      m_wm.l(sin_i.o)
    0x08006840   0x00000014   Code   RO         7114    i.__mathlib_dbl_infnan  m_wm.l(dunder.o)
    0x08006854   0x00000004   PAD
    0x08006858   0x00000020   Code   RO         7116    i.__mathlib_dbl_invalid  m_wm.l(dunder.o)
    0x08006878   0x00000020   Code   RO         7119    i.__mathlib_dbl_underflow  m_wm.l(dunder.o)
    0x08006898   0x0000000e   Code   RO         7182    i.__scatterload_copy  mc_w.l(handlers.o)
    0x080068a6   0x00000002   Code   RO         7183    i.__scatterload_null  mc_w.l(handlers.o)
    0x080068a8   0x0000000e   Code   RO         7184    i.__scatterload_zeroinit  mc_w.l(handlers.o)
    0x080068b6   0x00000002   PAD
    0x080068b8   0x0000000c   Code   RO         7160    i.__set_errno       mc_w.l(errno.o)
    0x080068c4   0x00000034   Code   RO          762    i.bufferPush        bsp_data.o
    0x080068f8   0x00000018   Code   RO         7065    i.fabs              m_wm.l(fabs.o)
    0x08006910   0x0000008c   Code   RO          870    i.get_measure       canbustask.o
    0x0800699c   0x0000001c   Code   RO            7    i.main              main.o
    0x080069b8   0x0000000e   Code   RO         6678    i.makeFreeRtosPriority  cmsis_os.o
    0x080069c6   0x0000000a   Code   RO         6683    i.osKernelStart     cmsis_os.o
    0x080069d0   0x00000012   Code   RO         6692    i.osMessageCreate   cmsis_os.o
    0x080069e2   0x0000000c   Code   RO         6698    i.osMutexCreate     cmsis_os.o
    0x080069ee   0x00000010   Code   RO         6716    i.osSystickHandler  cmsis_os.o
    0x080069fe   0x00000030   Code   RO         6717    i.osThreadCreate    cmsis_os.o
    0x08006a2e   0x00000002   PAD
    0x08006a30   0x00000098   Code   RO         6366    i.prvAddCurrentTaskToDelayedList  tasks.o
    0x08006ac8   0x000000b4   Code   RO         6367    i.prvAddNewTaskToReadyList  tasks.o
    0x08006b7c   0x00000064   Code   RO         6368    i.prvCheckTasksWaitingTermination  tasks.o
    0x08006be0   0x0000007c   Code   RO         6212    i.prvCopyDataToQueue  queue.o
    0x08006c5c   0x00000012   Code   RO         6369    i.prvDeleteTCB      tasks.o
    0x08006c6e   0x00000002   PAD
    0x08006c70   0x0000007c   Code   RO         5938    i.prvHeapInit       heap_4.o
    0x08006cec   0x00000028   Code   RO         6370    i.prvIdleTask       tasks.o
    0x08006d14   0x0000001c   Code   RO         6213    i.prvInitialiseMutex  queue.o
    0x08006d30   0x00000026   Code   RO         6214    i.prvInitialiseNewQueue  queue.o
    0x08006d56   0x000000b4   Code   RO         6371    i.prvInitialiseNewTask  tasks.o
    0x08006e0a   0x00000002   PAD
    0x08006e0c   0x00000068   Code   RO         6372    i.prvInitialiseTaskLists  tasks.o
    0x08006e74   0x00000068   Code   RO         5939    i.prvInsertBlockIntoFreeList  heap_4.o
    0x08006edc   0x0000001e   Code   RO         6216    i.prvIsQueueFull    queue.o
    0x08006efa   0x00000002   PAD
    0x08006efc   0x00000034   Code   RO         6373    i.prvResetNextTaskUnblockTime  tasks.o
    0x08006f30   0x00000040   Code   RO         6009    i.prvTaskExitError  port.o
    0x08006f70   0x0000007e   Code   RO         6217    i.prvUnlockQueue    queue.o
    0x08006fee   0x00000002   PAD
    0x08006ff0   0x0000013c   Code   RO         5940    i.pvPortMalloc      heap_4.o
    0x0800712c   0x0000002c   Code   RO         6010    i.pxPortInitialiseStack  port.o
    0x08007158   0x000000a4   Code   RO         1201    i.stick1_action     driver_remote.o
    0x080071fc   0x00000044   Code   RO         1202    i.stick1_change     driver_remote.o
    0x08007240   0x00000028   Code   RO         6174    i.uxListRemove      list.o
    0x08007268   0x0000001a   Code   RO         6175    i.vListInitialise   list.o
    0x08007282   0x00000006   Code   RO         6176    i.vListInitialiseItem  list.o
    0x08007288   0x00000034   Code   RO         6177    i.vListInsert       list.o
    0x080072bc   0x00000018   Code   RO         6178    i.vListInsertEnd    list.o
    0x080072d4   0x00000054   Code   RO         6012    i.vPortEnterCritical  port.o
    0x08007328   0x0000003c   Code   RO         6013    i.vPortExitCritical  port.o
    0x08007364   0x00000094   Code   RO         5941    i.vPortFree         heap_4.o
    0x080073f8   0x00000020   Code   RO         6014    i.vPortSetupTimerInterrupt  port.o
    0x08007418   0x000000d4   Code   RO         6384    i.vTaskDelayUntil   tasks.o
    0x080074ec   0x0000000c   Code   RO         6387    i.vTaskMissedYield  tasks.o
    0x080074f8   0x00000038   Code   RO         6389    i.vTaskPlaceOnEventList  tasks.o
    0x08007530   0x00000030   Code   RO         6394    i.vTaskSetTimeOutState  tasks.o
    0x08007560   0x00000088   Code   RO         6395    i.vTaskStartScheduler  tasks.o
    0x080075e8   0x00000010   Code   RO         6397    i.vTaskSuspendAll   tasks.o
    0x080075f8   0x0000008c   Code   RO         6398    i.vTaskSwitchContext  tasks.o
    0x08007684   0x0000013c   Code   RO         6016    i.xPortStartScheduler  port.o
    0x080077c0   0x00000034   Code   RO         6017    i.xPortSysTickHandler  port.o
    0x080077f4   0x00000022   Code   RO         6224    i.xQueueCreateMutex  queue.o
    0x08007816   0x00000058   Code   RO         6225    i.xQueueGenericCreate  queue.o
    0x0800786e   0x00000002   PAD
    0x08007870   0x00000098   Code   RO         6227    i.xQueueGenericReset  queue.o
    0x08007908   0x000001a8   Code   RO         6228    i.xQueueGenericSend  queue.o
    0x08007ab0   0x0000008c   Code   RO         6399    i.xTaskCheckForTimeOut  tasks.o
    0x08007b3c   0x00000060   Code   RO         6400    i.xTaskCreate       tasks.o
    0x08007b9c   0x00000020   Code   RO         6404    i.xTaskGetSchedulerState  tasks.o
    0x08007bbc   0x0000000c   Code   RO         6405    i.xTaskGetTickCount  tasks.o
    0x08007bc8   0x00000148   Code   RO         6407    i.xTaskIncrementTick  tasks.o
    0x08007d10   0x000000c8   Code   RO         6410    i.xTaskPriorityDisinherit  tasks.o
    0x08007dd8   0x00000098   Code   RO         6411    i.xTaskRemoveFromEventList  tasks.o
    0x08007e70   0x00000104   Code   RO         6413    i.xTaskResumeAll    tasks.o
    0x08007f74   0x00000044   Data   RO          624    .constdata          freertos.o
    0x08007fb8   0x00000018   Data   RO         1939    .constdata          system_stm32f4xx.o
    0x08007fd0   0x00000008   Data   RO         5335    .constdata          stm32f4xx_hal_dma.o
    0x08007fd8   0x00000030   Data   RO         7111    .constdata          m_wm.l(cos_i.o)
    0x08008008   0x000000c8   Data   RO         7129    .constdata          m_wm.l(rred.o)
    0x080080d0   0x00000028   Data   RO         7133    .constdata          m_wm.l(sin_i.o)
    0x080080f8   0x00000028   Data   RO          625    .conststring        freertos.o
    0x08008120   0x00000020   Data   RO         7180    Region$$Table       anon$$obj.o


    Execution Region RW_IRAM1 (Base: 0x20000000, Size: 0x000056f8, Max: 0x00030000, ABSOLUTE, COMPRESSED[0x000000d8])

    Base Addr    Size         Type   Attr      Idx    E Section Name        Object

    0x20000000   0x00000002   Data   RW          245    .data               statusmachine.o
    0x20000002   0x00000002   PAD
    0x20000004   0x0000000c   Data   RW          382    .data               stm32f4xx_it.o
    0x20000010   0x00000004   Data   RW          509    .data               controltask.o
    0x20000014   0x00000050   Data   RW          557    .data               supervisetask.o
    0x20000064   0x0000001c   Data   RW          626    .data               freertos.o
    0x20000080   0x00000500   Data   RW          670    .data               driverlib_pid.o
    0x20000580   0x0000000c   Data   RW          872    .data               canbustask.o
    0x2000058c   0x00000048   Data   RW         1036    .data               driver_beltraise.o
    0x200005d4   0x00000012   Data   RW         1139    .data               driver_chassis.o
    0x200005e6   0x00000002   PAD
    0x200005e8   0x00000016   Data   RW         1204    .data               driver_remote.o
    0x200005fe   0x00000007   Data   RW         1265    .data               driver_guidewheel.o
    0x20000605   0x00000001   PAD
    0x20000606   0x00000004   Data   RW         1317    .data               driver_sensor.o
    0x2000060a   0x00000002   PAD
    0x2000060c   0x00000010   Data   RW         1353    .data               driver_manipulator.o
    0x2000061c   0x00000004   Data   RW         1940    .data               system_stm32f4xx.o
    0x20000620   0x00000009   Data   RW         5785    .data               stm32f4xx_hal.o
    0x20000629   0x00000003   PAD
    0x2000062c   0x00000018   Data   RW         5946    .data               heap_4.o
    0x20000644   0x0000000c   Data   RW         6018    .data               port.o
    0x20000650   0x0000003c   Data   RW         6416    .data               tasks.o
    0x2000068c   0x00000004   Data   RW         7161    .data               mc_w.l(errno.o)
    0x20000690   0x00000af0   Zero   RW          765    .bss                bsp_data.o
    0x20001180   0x000000d0   Zero   RW          871    .bss                canbustask.o
    0x20001250   0x00000014   Zero   RW         1138    .bss                driver_chassis.o
    0x20001264   0x00000016   Zero   RW         1203    .bss                driver_remote.o
    0x2000127a   0x00000002   PAD
    0x2000127c   0x000000b4   Zero   RW         1507    .bss                bsp_can.o
    0x20001330   0x00000058   Zero   RW         1723    .bss                bsp_spi.o
    0x20001388   0x00000078   Zero   RW         1769    .bss                bsp_tim.o
    0x20001400   0x000001cc   Zero   RW         1831    .bss                bsp_usart.o
    0x200015cc   0x0000003c   Zero   RW         1873    .bss                stm32f4xx_hal_timebase_tim.o
    0x20001608   0x00003c00   Zero   RW         5945    .bss                heap_4.o
    0x20005208   0x000000f0   Zero   RW         6415    .bss                tasks.o
    0x200052f8   0x00000400   Zero   RW          657    STACK               startup_stm32f427xx.o


==============================================================================

Image component sizes


      Code (inc. data)   RO Data    RW Data    ZI Data      Debug   Object Name

        32          0          0          0          0        479   bsp.o
       300         60          0          0        180       2475   bsp_can.o
       222          0          0          0       2800       3704   bsp_data.o
        72          6          0          0          0        806   bsp_dma.o
       592         34          0          0          0       1371   bsp_gpio.o
       184         44          0          0         88       1657   bsp_spi.o
       648         96          0          0        120       3683   bsp_tim.o
       448         94          0          0        460       2113   bsp_usart.o
      1012        146          0         12        208       7641   canbustask.o
       118          0          0          0          0      13782   cmsis_os.o
        96         10          0          4          0       1803   controltask.o
      1588        172          0         72          0       5057   driver_beltraise.o
      2588        176          0         18         20       5906   driver_chassis.o
       492         80          0          7          0       2579   driver_guidewheel.o
       648        114          0         16          0       4071   driver_manipulator.o
       456         48          0         22         22       5532   driver_remote.o
        44         16          0          4          0        799   driver_sensor.o
      1444         46          0       1280          0       5646   driverlib_pid.o
         0          0          0          0          0       8072   event_groups.o
       176         32        108         28          0       2332   freertos.o
       692         62          0         24      15360       8859   heap_4.o
       148          0          0          0          0       3606   list.o
       274         26          0          0          0     768377   main.o
       838         78          0         12          0      11176   port.o
      1044         10          0          0          0       9571   queue.o
        36          8        428          0       1024        812   startup_stm32f427xx.o
        12          4          0          2          0       1579   statusmachine.o
        96         20          0          9          0       3278   stm32f4xx_hal.o
      2166          4          0          0          0      14312   stm32f4xx_hal_can.o
       338         22          0          0          0      31561   stm32f4xx_hal_cortex.o
      1406         16          8          0          0       6435   stm32f4xx_hal_dma.o
       606         58          0          0          0       4872   stm32f4xx_hal_gpio.o
       156          6          0          0          0        910   stm32f4xx_hal_msp.o
      1800         94          0          0          0       6233   stm32f4xx_hal_rcc.o
       140          0          0          0          0       1135   stm32f4xx_hal_spi.o
      1982         96          0          0          0      16152   stm32f4xx_hal_tim.o
       102          0          0          0          0       2362   stm32f4xx_hal_tim_ex.o
       136         12          0          0         60       1516   stm32f4xx_hal_timebase_tim.o
      1460         22          0          0          0       8184   stm32f4xx_hal_uart.o
       372         70          0         12          0      14007   stm32f4xx_it.o
         0          0          0         80          0       3470   supervisetask.o
       100         18         24          4          0       1179   system_stm32f4xx.o
      2666        348          0         60        240      22441   tasks.o

    ----------------------------------------------------------------------
     27764       2148        600       1676      20584    1021535   Object Totals
         0          0         32          0          0          0   (incl. Generated)
        34          0          0         10          2          0   (incl. Padding)

    ----------------------------------------------------------------------

      Code (inc. data)   RO Data    RW Data    ZI Data      Debug   Library Member Name

       200         20          0          0          0        164   cos.o
       368         46         48          0          0        200   cos_i.o
        84         16          0          0          0        372   dunder.o
        44          0          0          0          0        248   fabs.o
        48          0          0          0          0        124   fpclassify.o
       248          0          0          0          0        152   poly.o
      1080        142        200          0          0        188   rred.o
       200         20          0          0          0        164   sin.o
       304         24         40          0          0        208   sin_i.o
        86          0          0          0          0          0   __dczerorl2.o
         0          0          0          0          0          0   entry.o
         0          0          0          0          0          0   entry10a.o
         0          0          0          0          0          0   entry11a.o
         8          4          0          0          0          0   entry2.o
         4          0          0          0          0          0   entry5.o
         0          0          0          0          0          0   entry7b.o
         0          0          0          0          0          0   entry8b.o
         8          4          0          0          0          0   entry9a.o
        12          6          0          4          0         68   errno.o
        30          0          0          0          0          0   handlers.o
        36          8          0          0          0         68   init.o
         0          0          0          0          0          0   iusefp.o
        30          0          0          0          0         68   llshl.o
        36          0          0          0          0         68   llsshr.o
        32          0          0          0          0         68   llushr.o
        36          0          0          0          0         68   memcpya.o
        36          0          0          0          0        108   memseta.o
        98          0          0          0          0         92   uldiv.o
        48          0          0          0          0         68   cdrcmple.o
        56          0          0          0          0         88   d2f.o
       334          0          0          0          0        148   dadd.o
       222          0          0          0          0        100   ddiv.o
       186          0          0          0          0        176   depilogue.o
        62          0          0          0          0         80   dfixi.o
        50          0          0          0          0         76   dfixui.o
        34          0          0          0          0         76   dflti.o
        26          0          0          0          0         76   dfltui.o
       228          0          0          0          0         96   dmul.o
        38          0          0          0          0         68   f2d.o
       110          0          0          0          0        168   fepilogue.o

    ----------------------------------------------------------------------
      4436        290        288          4          0       3648   Library Totals
        14          0          0          0          0          0   (incl. Padding)

    ----------------------------------------------------------------------

      Code (inc. data)   RO Data    RW Data    ZI Data      Debug   Library Name

      2576        268        288          0          0       1820   m_wm.l
       452         22          0          4          0        608   mc_w.l
      1394          0          0          0          0       1220   mf_w.l

    ----------------------------------------------------------------------
      4436        290        288          4          0       3648   Library Totals

    ----------------------------------------------------------------------

==============================================================================


      Code (inc. data)   RO Data    RW Data    ZI Data      Debug   

     32200       2438        888       1680      20584    1001783   Grand Totals
     32200       2438        888        216      20584    1001783   ELF Image Totals (compressed)
     32200       2438        888        216          0          0   ROM Totals

==============================================================================

    Total RO  Size (Code + RO Data)                33088 (  32.31kB)
    Total RW  Size (RW Data + ZI Data)             22264 (  21.74kB)
    Total ROM Size (Code + RO Data + RW Data)      33304 (  32.52kB)

==============================================================================

